[mvp] fs=2929687.5 Hz (header TBIN), pol=3, 64 channels, blocks 0-127
[mvp] layout probe: interleaved
[mvp] block 0: done 64/8192 ok=64 hits=4 quar=5 err=0 drop=0 7.1 sl/s ETA 19.2 min
[mvp] block 1: done 128/8192 ok=64 hits=9 quar=10 err=0 drop=0 7.1 sl/s ETA 19.0 min
[mvp] block 2: done 192/8192 ok=64 hits=13 quar=15 err=0 drop=0 7.0 sl/s ETA 19.0 min
[mvp] block 3: done 256/8192 ok=64 hits=18 quar=20 err=0 drop=0 7.0 sl/s ETA 19.0 min
[mvp] block 4: done 320/8192 ok=64 hits=22 quar=25 err=0 drop=0 6.9 sl/s ETA 18.9 min
[mvp] block 5: done 384/8192 ok=64 hits=27 quar=30 err=0 drop=0 6.9 sl/s ETA 18.8 min
[mvp] block 6: done 448/8192 ok=64 hits=31 quar=35 err=0 drop=0 6.9 sl/s ETA 18.7 min
[mvp] block 7: done 512/8192 ok=64 hits=35 quar=40 err=0 drop=0 6.9 sl/s ETA 18.6 min
[mvp] block 8: done 576/8192 ok=64 hits=39 quar=45 err=0 drop=0 6.9 sl/s ETA 18.5 min
[mvp] block 9: done 640/8192 ok=64 hits=43 quar=50 err=0 drop=0 6.9 sl/s ETA 18.3 min
[mvp] block 10: done 704/8192 ok=64 hits=46 quar=55 err=0 drop=0 6.9 sl/s ETA 18.2 min
[mvp] block 11: done 768/8192 ok=64 hits=49 quar=60 err=0 drop=0 6.9 sl/s ETA 18.0 min
[mvp] block 12: done 832/8192 ok=64 hits=54 quar=65 err=0 drop=0 6.8 sl/s ETA 17.9 min
[mvp] block 13: done 896/8192 ok=64 hits=60 quar=69 err=0 drop=0 6.8 sl/s ETA 17.8 min
[mvp] block 14: done 960/8192 ok=64 hits=64 quar=74 err=0 drop=0 6.8 sl/s ETA 17.6 min
[mvp] block 15: done 1024/8192 ok=64 hits=69 quar=79 err=0 drop=0 6.8 sl/s ETA 17.5 min
[mvp] block 16: done 1088/8192 ok=64 hits=73 quar=84 err=0 drop=0 6.8 sl/s ETA 17.4 min
[mvp] block 17: done 1152/8192 ok=64 hits=76 quar=89 err=0 drop=0 6.8 sl/s ETA 17.2 min
[mvp] block 18: done 1216/8192 ok=64 hits=79 quar=94 err=0 drop=0 6.8 sl/s ETA 17.1 min
[mvp] block 19: done 1280/8192 ok=64 hits=83 quar=99 err=0 drop=0 6.8 sl/s ETA 16.9 min
[mvp] block 20: done 1344/8192 ok=64 hits=88 quar=103 err=0 drop=0 6.8 sl/s ETA 16.8 min
[mvp] block 21: done 1408/8192 ok=64 hits=94 quar=108 err=0 drop=0 6.8 sl/s ETA 16.6 min
[mvp] block 22: done 1472/8192 ok=64 hits=98 quar=113 err=0 drop=0 6.8 sl/s ETA 16.5 min
[mvp] block 23: done 1536/8192 ok=64 hits=104 quar=118 err=0 drop=0 6.8 sl/s ETA 16.3 min
[mvp] block 24: done 1600/8192 ok=64 hits=109 quar=123 err=0 drop=0 6.8 sl/s ETA 16.2 min
[mvp] block 25: done 1664/8192 ok=64 hits=114 quar=128 err=0 drop=0 6.8 sl/s ETA 16.0 min
[mvp] block 26: done 1728/8192 ok=64 hits=119 quar=133 err=0 drop=0 6.8 sl/s ETA 15.9 min
[mvp] block 27: done 1792/8192 ok=64 hits=126 quar=137 err=0 drop=0 6.8 sl/s ETA 15.7 min
[mvp] block 28: done 1856/8192 ok=64 hits=132 quar=142 err=0 drop=0 6.8 sl/s ETA 15.6 min
[mvp] block 29: done 1920/8192 ok=64 hits=137 quar=147 err=0 drop=0 6.8 sl/s ETA 15.4 min
[mvp] block 30: done 1984/8192 ok=64 hits=143 quar=152 err=0 drop=0 6.8 sl/s ETA 15.3 min
[mvp] block 31: done 2048/8192 ok=64 hits=148 quar=156 err=0 drop=0 6.8 sl/s ETA 15.1 min
[mvp] block 32: done 2112/8192 ok=64 hits=151 quar=161 err=0 drop=0 6.8 sl/s ETA 15.0 min
[mvp] block 33: done 2176/8192 ok=64 hits=156 quar=165 err=0 drop=0 6.8 sl/s ETA 14.8 min
[mvp] block 34: done 2240/8192 ok=64 hits=162 quar=170 err=0 drop=0 6.8 sl/s ETA 14.7 min
[mvp] block 35: done 2304/8192 ok=64 hits=166 quar=175 err=0 drop=0 6.8 sl/s ETA 14.5 min
[mvp] block 36: done 2368/8192 ok=64 hits=170 quar=179 err=0 drop=0 6.7 sl/s ETA 14.4 min
[mvp] block 37: done 2432/8192 ok=64 hits=176 quar=184 err=0 drop=0 6.7 sl/s ETA 14.2 min
[mvp] block 38: done 2496/8192 ok=64 hits=181 quar=189 err=0 drop=0 6.7 sl/s ETA 14.1 min
[mvp] block 39: done 2560/8192 ok=64 hits=185 quar=194 err=0 drop=0 6.7 sl/s ETA 13.9 min
[mvp] block 40: done 2624/8192 ok=64 hits=190 quar=199 err=0 drop=0 6.7 sl/s ETA 13.8 min
[mvp] block 41: done 2688/8192 ok=64 hits=194 quar=204 err=0 drop=0 6.7 sl/s ETA 13.6 min
[mvp] block 42: done 2752/8192 ok=64 hits=199 quar=209 err=0 drop=0 6.7 sl/s ETA 13.4 min
[mvp] block 43: done 2816/8192 ok=64 hits=201 quar=214 err=0 drop=0 6.7 sl/s ETA 13.3 min
[mvp] block 44: done 2880/8192 ok=64 hits=205 quar=219 err=0 drop=0 6.7 sl/s ETA 13.1 min
[mvp] block 45: done 2944/8192 ok=64 hits=209 quar=224 err=0 drop=0 6.7 sl/s ETA 13.0 min
[mvp] block 46: done 3008/8192 ok=64 hits=215 quar=229 err=0 drop=0 6.7 sl/s ETA 12.8 min
[mvp] block 47: done 3072/8192 ok=64 hits=219 quar=234 err=0 drop=0 6.7 sl/s ETA 12.7 min
[mvp] block 48: done 3136/8192 ok=64 hits=225 quar=239 err=0 drop=0 6.7 sl/s ETA 12.5 min
[mvp] block 49: done 3200/8192 ok=64 hits=229 quar=244 err=0 drop=0 6.7 sl/s ETA 12.3 min
[mvp] block 50: done 3264/8192 ok=64 hits=232 quar=249 err=0 drop=0 6.7 sl/s ETA 12.2 min
[mvp] block 51: done 3328/8192 ok=64 hits=236 quar=254 err=0 drop=0 6.7 sl/s ETA 12.0 min
[mvp] block 52: done 3392/8192 ok=64 hits=241 quar=259 err=0 drop=0 6.7 sl/s ETA 11.9 min
[mvp] block 53: done 3456/8192 ok=64 hits=249 quar=263 err=0 drop=0 6.7 sl/s ETA 11.7 min
[mvp] block 54: done 3520/8192 ok=64 hits=254 quar=268 err=0 drop=0 6.7 sl/s ETA 11.6 min
[mvp] block 55: done 3584/8192 ok=64 hits=258 quar=273 err=0 drop=0 6.7 sl/s ETA 11.4 min
[mvp] block 56: done 3648/8192 ok=64 hits=262 quar=278 err=0 drop=0 6.7 sl/s ETA 11.2 min
[mvp] block 57: done 3712/8192 ok=64 hits=267 quar=283 err=0 drop=0 6.7 sl/s ETA 11.1 min
[mvp] block 58: done 3776/8192 ok=64 hits=272 quar=288 err=0 drop=0 6.7 sl/s ETA 10.9 min
[mvp] block 59: done 3840/8192 ok=64 hits=276 quar=293 err=0 drop=0 6.7 sl/s ETA 10.8 min
[mvp] block 60: done 3904/8192 ok=64 hits=282 quar=297 err=0 drop=0 6.7 sl/s ETA 10.6 min
[mvp] block 61: done 3968/8192 ok=64 hits=288 quar=302 err=0 drop=0 6.7 sl/s ETA 10.5 min
[mvp] block 62: done 4032/8192 ok=64 hits=294 quar=307 err=0 drop=0 6.7 sl/s ETA 10.3 min
[mvp] block 63: done 4096/8192 ok=64 hits=299 quar=312 err=0 drop=0 6.7 sl/s ETA 10.2 min
[mvp] block 64: done 4160/8192 ok=64 hits=305 quar=317 err=0 drop=0 6.7 sl/s ETA 10.0 min
[mvp] block 65: done 4224/8192 ok=64 hits=312 quar=321 err=0 drop=0 6.7 sl/s ETA 9.8 min
[mvp] block 66: done 4288/8192 ok=64 hits=316 quar=326 err=0 drop=0 6.7 sl/s ETA 9.7 min
[mvp] block 67: done 4352/8192 ok=64 hits=322 quar=331 err=0 drop=0 6.7 sl/s ETA 9.5 min
[mvp] block 68: done 4416/8192 ok=64 hits=329 quar=336 err=0 drop=0 6.7 sl/s ETA 9.4 min
[mvp] block 69: done 4480/8192 ok=64 hits=336 quar=340 err=0 drop=0 6.7 sl/s ETA 9.2 min
[mvp] block 70: done 4544/8192 ok=64 hits=341 quar=345 err=0 drop=0 6.7 sl/s ETA 9.1 min
[mvp] block 71: done 4608/8192 ok=64 hits=347 quar=350 err=0 drop=0 6.7 sl/s ETA 8.9 min
[mvp] block 72: done 4672/8192 ok=64 hits=351 quar=355 err=0 drop=0 6.7 sl/s ETA 8.7 min
[mvp] block 73: done 4736/8192 ok=64 hits=356 quar=360 err=0 drop=0 6.7 sl/s ETA 8.6 min
[mvp] block 74: done 4800/8192 ok=64 hits=363 quar=365 err=0 drop=0 6.7 sl/s ETA 8.4 min
[mvp] block 75: done 4864/8192 ok=64 hits=370 quar=370 err=0 drop=0 6.7 sl/s ETA 8.3 min
[mvp] block 76: done 4928/8192 ok=64 hits=373 quar=375 err=0 drop=0 6.7 sl/s ETA 8.1 min
[mvp] block 77: done 4992/8192 ok=64 hits=378 quar=380 err=0 drop=0 6.7 sl/s ETA 8.0 min
[mvp] block 78: done 5056/8192 ok=64 hits=383 quar=385 err=0 drop=0 6.7 sl/s ETA 7.8 min
[mvp] block 79: done 5120/8192 ok=64 hits=388 quar=390 err=0 drop=0 6.7 sl/s ETA 7.6 min
[mvp] block 80: done 5184/8192 ok=64 hits=393 quar=394 err=0 drop=0 6.7 sl/s ETA 7.5 min
[mvp] block 81: done 5248/8192 ok=64 hits=397 quar=399 err=0 drop=0 6.7 sl/s ETA 7.3 min
[mvp] block 82: done 5312/8192 ok=64 hits=401 quar=404 err=0 drop=0 6.7 sl/s ETA 7.2 min
[mvp] block 83: done 5376/8192 ok=64 hits=406 quar=408 err=0 drop=0 6.7 sl/s ETA 7.0 min
[mvp] block 84: done 5440/8192 ok=64 hits=410 quar=413 err=0 drop=0 6.7 sl/s ETA 6.8 min
[mvp] block 85: done 5504/8192 ok=64 hits=415 quar=418 err=0 drop=0 6.7 sl/s ETA 6.7 min
[mvp] block 86: done 5568/8192 ok=64 hits=421 quar=423 err=0 drop=0 6.6 sl/s ETA 6.6 min
[mvp] block 87: done 5632/8192 ok=64 hits=426 quar=428 err=0 drop=0 6.6 sl/s ETA 6.5 min
[mvp] block 88: done 5696/8192 ok=64 hits=432 quar=432 err=0 drop=0 6.5 sl/s ETA 6.4 min
[mvp] block 89: done 5760/8192 ok=64 hits=436 quar=437 err=0 drop=0 6.5 sl/s ETA 6.2 min
[mvp] block 90: done 5824/8192 ok=64 hits=442 quar=442 err=0 drop=0 6.5 sl/s ETA 6.1 min
[mvp] block 91: done 5888/8192 ok=64 hits=447 quar=446 err=0 drop=0 6.4 sl/s ETA 6.0 min
[mvp] block 92: done 5952/8192 ok=64 hits=451 quar=451 err=0 drop=0 6.4 sl/s ETA 5.8 min
[mvp] block 93: done 6016/8192 ok=64 hits=456 quar=456 err=0 drop=0 6.4 sl/s ETA 5.7 min
[mvp] block 94: done 6080/8192 ok=64 hits=462 quar=461 err=0 drop=0 6.3 sl/s ETA 5.6 min
[mvp] block 95: done 6144/8192 ok=64 hits=466 quar=466 err=0 drop=0 6.3 sl/s ETA 5.4 min
[mvp] block 96: done 6208/8192 ok=64 hits=471 quar=471 err=0 drop=0 6.3 sl/s ETA 5.3 min
[mvp] block 97: done 6272/8192 ok=64 hits=476 quar=476 err=0 drop=0 6.2 sl/s ETA 5.1 min
[mvp] block 98: done 6336/8192 ok=64 hits=483 quar=481 err=0 drop=0 6.2 sl/s ETA 5.0 min
[mvp] block 99: done 6400/8192 ok=64 hits=488 quar=486 err=0 drop=0 6.2 sl/s ETA 4.8 min
[mvp] block 100: done 6464/8192 ok=64 hits=492 quar=491 err=0 drop=0 6.2 sl/s ETA 4.7 min
[mvp] block 101: done 6528/8192 ok=64 hits=498 quar=496 err=0 drop=0 6.1 sl/s ETA 4.5 min
[mvp] block 102: done 6592/8192 ok=64 hits=502 quar=501 err=0 drop=0 6.1 sl/s ETA 4.4 min
[mvp] block 103: done 6656/8192 ok=64 hits=508 quar=506 err=0 drop=0 6.1 sl/s ETA 4.2 min
[mvp] block 104: done 6720/8192 ok=64 hits=514 quar=511 err=0 drop=0 6.1 sl/s ETA 4.0 min
[mvp] block 105: done 6784/8192 ok=64 hits=520 quar=515 err=0 drop=0 6.0 sl/s ETA 3.9 min
[mvp] block 106: done 6848/8192 ok=64 hits=525 quar=520 err=0 drop=0 6.0 sl/s ETA 3.7 min
[mvp] block 107: done 6912/8192 ok=64 hits=530 quar=525 err=0 drop=0 6.0 sl/s ETA 3.6 min
[mvp] block 108: done 6976/8192 ok=64 hits=534 quar=530 err=0 drop=0 6.0 sl/s ETA 3.4 min
[mvp] block 109: done 7040/8192 ok=64 hits=538 quar=535 err=0 drop=0 6.0 sl/s ETA 3.2 min
[mvp] block 110: done 7104/8192 ok=64 hits=545 quar=539 err=0 drop=0 5.9 sl/s ETA 3.1 min
[mvp] block 111: done 7168/8192 ok=64 hits=551 quar=543 err=0 drop=0 5.9 sl/s ETA 2.9 min
[mvp] block 112: done 7232/8192 ok=64 hits=558 quar=547 err=0 drop=0 5.9 sl/s ETA 2.7 min
[mvp] block 113: done 7296/8192 ok=64 hits=563 quar=551 err=0 drop=0 5.9 sl/s ETA 2.5 min
[mvp] block 114: done 7360/8192 ok=64 hits=569 quar=556 err=0 drop=0 5.9 sl/s ETA 2.4 min
[mvp] block 115: done 7424/8192 ok=64 hits=574 quar=561 err=0 drop=0 5.9 sl/s ETA 2.2 min
[mvp] block 116: done 7488/8192 ok=64 hits=580 quar=566 err=0 drop=0 5.9 sl/s ETA 2.0 min
[mvp] block 117: done 7552/8192 ok=64 hits=586 quar=571 err=0 drop=0 5.9 sl/s ETA 1.8 min
[mvp] block 118: done 7616/8192 ok=64 hits=592 quar=576 err=0 drop=0 5.9 sl/s ETA 1.6 min
[mvp] block 119: done 7680/8192 ok=64 hits=598 quar=581 err=0 drop=0 5.9 sl/s ETA 1.4 min
[mvp] block 120: done 7744/8192 ok=64 hits=604 quar=586 err=0 drop=0 5.9 sl/s ETA 1.3 min
[mvp] block 121: done 7808/8192 ok=64 hits=608 quar=591 err=0 drop=0 5.9 sl/s ETA 1.1 min
[mvp] block 122: done 7872/8192 ok=64 hits=612 quar=596 err=0 drop=0 5.9 sl/s ETA 0.9 min
[mvp] block 123: done 7936/8192 ok=64 hits=619 quar=601 err=0 drop=0 5.9 sl/s ETA 0.7 min
[mvp] block 124: done 8000/8192 ok=64 hits=625 quar=606 err=0 drop=0 5.9 sl/s ETA 0.5 min
[mvp] block 125: done 8064/8192 ok=64 hits=631 quar=610 err=0 drop=0 5.9 sl/s ETA 0.4 min
[mvp] block 126: done 8128/8192 ok=64 hits=635 quar=615 err=0 drop=0 6.0 sl/s ETA 0.2 min
[mvp] block 127: done 8192/8192 ok=64 hits=639 quar=620 err=0 drop=0 6.0 sl/s ETA 0.0 min
[mvp] DONE blocks 0-127 chans=64 pol=3: 8192 slices (639 flagged, 620 quarantined, 0 errors, 0 dropped) in 22.9 min -> E:\SetiYeti\runs/beast_kepler\scan_on_p3.csv
$ C:\scoop\apps\python\current\python.exe python/mvp_scan.py --raw data/blc44_guppi_59103_01984_DIAG_KEPLER-160_0010.0000.raw --b0 0 --b1 127 --chans 0-63 --pol 3 --out E:\SetiYeti\runs/beast_kepler\scan_on_p3.csv --fam-trig 3.0 --spec-line 5.0 --spec-hump 2.5 --sparkle-max 25
