[mvp] fs=2929687.5 Hz (header TBIN), pol=0, 64 channels, blocks 0-127
[mvp] layout probe: interleaved
[mvp] block 0: done 64/8192 ok=64 hits=2 quar=7 err=0 drop=0 7.2 sl/s ETA 18.7 min
[mvp] block 1: done 128/8192 ok=64 hits=5 quar=14 err=0 drop=0 7.2 sl/s ETA 18.7 min
[mvp] block 2: done 192/8192 ok=64 hits=8 quar=21 err=0 drop=0 7.1 sl/s ETA 18.7 min
[mvp] block 3: done 256/8192 ok=64 hits=10 quar=28 err=0 drop=0 7.1 sl/s ETA 18.6 min
[mvp] block 4: done 320/8192 ok=64 hits=13 quar=35 err=0 drop=0 7.1 sl/s ETA 18.6 min
[mvp] block 5: done 384/8192 ok=64 hits=14 quar=42 err=0 drop=0 7.0 sl/s ETA 18.5 min
[mvp] block 6: done 448/8192 ok=64 hits=16 quar=49 err=0 drop=0 7.0 sl/s ETA 18.4 min
[mvp] block 7: done 512/8192 ok=64 hits=21 quar=56 err=0 drop=0 7.0 sl/s ETA 18.3 min
[mvp] block 8: done 576/8192 ok=64 hits=23 quar=63 err=0 drop=0 7.0 sl/s ETA 18.2 min
[mvp] block 9: done 640/8192 ok=64 hits=26 quar=70 err=0 drop=0 7.0 sl/s ETA 18.0 min
[mvp] block 10: done 704/8192 ok=64 hits=29 quar=77 err=0 drop=0 7.0 sl/s ETA 17.9 min
[mvp] block 11: done 768/8192 ok=64 hits=32 quar=84 err=0 drop=0 7.0 sl/s ETA 17.8 min
[mvp] block 12: done 832/8192 ok=64 hits=36 quar=91 err=0 drop=0 7.0 sl/s ETA 17.6 min
[mvp] block 13: done 896/8192 ok=64 hits=38 quar=98 err=0 drop=0 6.9 sl/s ETA 17.5 min
[mvp] block 14: done 960/8192 ok=64 hits=40 quar=105 err=0 drop=0 7.0 sl/s ETA 17.3 min
[mvp] block 15: done 1024/8192 ok=64 hits=43 quar=112 err=0 drop=0 6.9 sl/s ETA 17.2 min
[mvp] block 16: done 1088/8192 ok=64 hits=46 quar=119 err=0 drop=0 6.9 sl/s ETA 17.1 min
[mvp] block 17: done 1152/8192 ok=64 hits=50 quar=126 err=0 drop=0 6.9 sl/s ETA 16.9 min
[mvp] block 18: done 1216/8192 ok=64 hits=54 quar=133 err=0 drop=0 6.9 sl/s ETA 16.8 min
[mvp] block 19: done 1280/8192 ok=64 hits=57 quar=140 err=0 drop=0 6.9 sl/s ETA 16.6 min
[mvp] block 20: done 1344/8192 ok=64 hits=60 quar=147 err=0 drop=0 6.9 sl/s ETA 16.5 min
[mvp] block 21: done 1408/8192 ok=64 hits=64 quar=154 err=0 drop=0 6.9 sl/s ETA 16.4 min
[mvp] block 22: done 1472/8192 ok=64 hits=68 quar=161 err=0 drop=0 6.9 sl/s ETA 16.2 min
[mvp] block 23: done 1536/8192 ok=64 hits=72 quar=168 err=0 drop=0 6.9 sl/s ETA 16.1 min
[mvp] block 24: done 1600/8192 ok=64 hits=74 quar=175 err=0 drop=0 6.9 sl/s ETA 15.9 min
[mvp] block 25: done 1664/8192 ok=64 hits=77 quar=182 err=0 drop=0 6.9 sl/s ETA 15.8 min
[mvp] block 26: done 1728/8192 ok=64 hits=78 quar=189 err=0 drop=0 6.9 sl/s ETA 15.6 min
[mvp] block 27: done 1792/8192 ok=64 hits=82 quar=196 err=0 drop=0 6.9 sl/s ETA 15.4 min
[mvp] block 28: done 1856/8192 ok=64 hits=86 quar=203 err=0 drop=0 6.9 sl/s ETA 15.3 min
[mvp] block 29: done 1920/8192 ok=64 hits=91 quar=210 err=0 drop=0 6.9 sl/s ETA 15.2 min
[mvp] block 30: done 1984/8192 ok=64 hits=94 quar=217 err=0 drop=0 6.9 sl/s ETA 15.0 min
[mvp] block 31: done 2048/8192 ok=64 hits=98 quar=224 err=0 drop=0 6.9 sl/s ETA 14.9 min
[mvp] block 32: done 2112/8192 ok=64 hits=101 quar=231 err=0 drop=0 6.9 sl/s ETA 14.7 min
[mvp] block 33: done 2176/8192 ok=64 hits=104 quar=238 err=0 drop=0 6.9 sl/s ETA 14.6 min
[mvp] block 34: done 2240/8192 ok=64 hits=107 quar=245 err=0 drop=0 6.9 sl/s ETA 14.4 min
[mvp] block 35: done 2304/8192 ok=64 hits=111 quar=252 err=0 drop=0 6.9 sl/s ETA 14.3 min
[mvp] block 36: done 2368/8192 ok=64 hits=114 quar=259 err=0 drop=0 6.9 sl/s ETA 14.1 min
[mvp] block 37: done 2432/8192 ok=64 hits=116 quar=266 err=0 drop=0 6.9 sl/s ETA 14.0 min
[mvp] block 38: done 2496/8192 ok=64 hits=118 quar=273 err=0 drop=0 6.9 sl/s ETA 13.8 min
[mvp] block 39: done 2560/8192 ok=64 hits=122 quar=280 err=0 drop=0 6.9 sl/s ETA 13.7 min
[mvp] block 40: done 2624/8192 ok=64 hits=125 quar=287 err=0 drop=0 6.9 sl/s ETA 13.5 min
[mvp] block 41: done 2688/8192 ok=64 hits=129 quar=294 err=0 drop=0 6.9 sl/s ETA 13.4 min
[mvp] block 42: done 2752/8192 ok=64 hits=132 quar=301 err=0 drop=0 6.9 sl/s ETA 13.2 min
[mvp] block 43: done 2816/8192 ok=64 hits=135 quar=308 err=0 drop=0 6.9 sl/s ETA 13.1 min
[mvp] block 44: done 2880/8192 ok=64 hits=137 quar=315 err=0 drop=0 6.9 sl/s ETA 12.9 min
[mvp] block 45: done 2944/8192 ok=64 hits=141 quar=322 err=0 drop=0 6.9 sl/s ETA 12.8 min
[mvp] block 46: done 3008/8192 ok=64 hits=146 quar=329 err=0 drop=0 6.9 sl/s ETA 12.6 min
[mvp] block 47: done 3072/8192 ok=64 hits=150 quar=336 err=0 drop=0 6.9 sl/s ETA 12.4 min
[mvp] block 48: done 3136/8192 ok=64 hits=153 quar=343 err=0 drop=0 6.9 sl/s ETA 12.3 min
[mvp] block 49: done 3200/8192 ok=64 hits=155 quar=350 err=0 drop=0 6.9 sl/s ETA 12.1 min
[mvp] block 50: done 3264/8192 ok=64 hits=158 quar=357 err=0 drop=0 6.9 sl/s ETA 12.0 min
[mvp] block 51: done 3328/8192 ok=64 hits=162 quar=364 err=0 drop=0 6.9 sl/s ETA 11.8 min
[mvp] block 52: done 3392/8192 ok=64 hits=164 quar=371 err=0 drop=0 6.9 sl/s ETA 11.7 min
[mvp] block 53: done 3456/8192 ok=64 hits=168 quar=378 err=0 drop=0 6.9 sl/s ETA 11.5 min
[mvp] block 54: done 3520/8192 ok=64 hits=170 quar=385 err=0 drop=0 6.9 sl/s ETA 11.4 min
[mvp] block 55: done 3584/8192 ok=64 hits=173 quar=392 err=0 drop=0 6.8 sl/s ETA 11.2 min
[mvp] block 56: done 3648/8192 ok=64 hits=176 quar=399 err=0 drop=0 6.8 sl/s ETA 11.1 min
[mvp] block 57: done 3712/8192 ok=64 hits=178 quar=406 err=0 drop=0 6.8 sl/s ETA 10.9 min
[mvp] block 58: done 3776/8192 ok=64 hits=182 quar=413 err=0 drop=0 6.8 sl/s ETA 10.7 min
[mvp] block 59: done 3840/8192 ok=64 hits=185 quar=420 err=0 drop=0 6.8 sl/s ETA 10.6 min
[mvp] block 60: done 3904/8192 ok=64 hits=189 quar=427 err=0 drop=0 6.8 sl/s ETA 10.4 min
[mvp] block 61: done 3968/8192 ok=64 hits=193 quar=434 err=0 drop=0 6.8 sl/s ETA 10.3 min
[mvp] block 62: done 4032/8192 ok=64 hits=196 quar=441 err=0 drop=0 6.8 sl/s ETA 10.1 min
[mvp] block 63: done 4096/8192 ok=64 hits=199 quar=448 err=0 drop=0 6.8 sl/s ETA 10.0 min
[mvp] block 64: done 4160/8192 ok=64 hits=203 quar=455 err=0 drop=0 6.8 sl/s ETA 9.8 min
[mvp] block 65: done 4224/8192 ok=64 hits=205 quar=462 err=0 drop=0 6.8 sl/s ETA 9.7 min
[mvp] block 66: done 4288/8192 ok=64 hits=207 quar=469 err=0 drop=0 6.8 sl/s ETA 9.5 min
[mvp] block 67: done 4352/8192 ok=64 hits=209 quar=476 err=0 drop=0 6.8 sl/s ETA 9.4 min
[mvp] block 68: done 4416/8192 ok=64 hits=211 quar=483 err=0 drop=0 6.8 sl/s ETA 9.2 min
[mvp] block 69: done 4480/8192 ok=64 hits=214 quar=490 err=0 drop=0 6.8 sl/s ETA 9.0 min
[mvp] block 70: done 4544/8192 ok=64 hits=217 quar=497 err=0 drop=0 6.8 sl/s ETA 8.9 min
[mvp] block 71: done 4608/8192 ok=64 hits=221 quar=504 err=0 drop=0 6.8 sl/s ETA 8.7 min
[mvp] block 72: done 4672/8192 ok=64 hits=225 quar=511 err=0 drop=0 6.8 sl/s ETA 8.6 min
[mvp] block 73: done 4736/8192 ok=64 hits=228 quar=518 err=0 drop=0 6.8 sl/s ETA 8.4 min
[mvp] block 74: done 4800/8192 ok=64 hits=232 quar=525 err=0 drop=0 6.8 sl/s ETA 8.3 min
[mvp] block 75: done 4864/8192 ok=64 hits=235 quar=532 err=0 drop=0 6.8 sl/s ETA 8.1 min
[mvp] block 76: done 4928/8192 ok=64 hits=238 quar=539 err=0 drop=0 6.8 sl/s ETA 8.0 min
[mvp] block 77: done 4992/8192 ok=64 hits=241 quar=546 err=0 drop=0 6.8 sl/s ETA 7.8 min
[mvp] block 78: done 5056/8192 ok=64 hits=245 quar=553 err=0 drop=0 6.8 sl/s ETA 7.6 min
[mvp] block 79: done 5120/8192 ok=64 hits=247 quar=560 err=0 drop=0 6.8 sl/s ETA 7.5 min
[mvp] block 80: done 5184/8192 ok=64 hits=250 quar=567 err=0 drop=0 6.8 sl/s ETA 7.3 min
[mvp] block 81: done 5248/8192 ok=64 hits=253 quar=574 err=0 drop=0 6.8 sl/s ETA 7.2 min
[mvp] block 82: done 5312/8192 ok=64 hits=256 quar=581 err=0 drop=0 6.8 sl/s ETA 7.0 min
[mvp] block 83: done 5376/8192 ok=64 hits=260 quar=588 err=0 drop=0 6.8 sl/s ETA 6.9 min
[mvp] block 84: done 5440/8192 ok=64 hits=263 quar=595 err=0 drop=0 6.8 sl/s ETA 6.7 min
[mvp] block 85: done 5504/8192 ok=64 hits=266 quar=602 err=0 drop=0 6.8 sl/s ETA 6.6 min
[mvp] block 86: done 5568/8192 ok=64 hits=270 quar=609 err=0 drop=0 6.8 sl/s ETA 6.4 min
[mvp] block 87: done 5632/8192 ok=64 hits=274 quar=616 err=0 drop=0 6.8 sl/s ETA 6.3 min
[mvp] block 88: done 5696/8192 ok=64 hits=277 quar=623 err=0 drop=0 6.7 sl/s ETA 6.2 min
[mvp] block 89: done 5760/8192 ok=64 hits=281 quar=630 err=0 drop=0 6.7 sl/s ETA 6.0 min
[mvp] block 90: done 5824/8192 ok=64 hits=282 quar=637 err=0 drop=0 6.7 sl/s ETA 5.9 min
[mvp] block 91: done 5888/8192 ok=64 hits=285 quar=644 err=0 drop=0 6.6 sl/s ETA 5.8 min
[mvp] block 92: done 5952/8192 ok=64 hits=290 quar=651 err=0 drop=0 6.6 sl/s ETA 5.7 min
[mvp] block 93: done 6016/8192 ok=64 hits=295 quar=658 err=0 drop=0 6.6 sl/s ETA 5.5 min
[mvp] block 94: done 6080/8192 ok=64 hits=297 quar=665 err=0 drop=0 6.5 sl/s ETA 5.4 min
[mvp] block 95: done 6144/8192 ok=64 hits=299 quar=672 err=0 drop=0 6.5 sl/s ETA 5.3 min
[mvp] block 96: done 6208/8192 ok=64 hits=301 quar=679 err=0 drop=0 6.5 sl/s ETA 5.1 min
[mvp] block 97: done 6272/8192 ok=64 hits=304 quar=686 err=0 drop=0 6.4 sl/s ETA 5.0 min
[mvp] block 98: done 6336/8192 ok=64 hits=308 quar=693 err=0 drop=0 6.4 sl/s ETA 4.8 min
[mvp] block 99: done 6400/8192 ok=64 hits=313 quar=700 err=0 drop=0 6.4 sl/s ETA 4.7 min
[mvp] block 100: done 6464/8192 ok=64 hits=315 quar=707 err=0 drop=0 6.4 sl/s ETA 4.5 min
[mvp] block 101: done 6528/8192 ok=64 hits=317 quar=714 err=0 drop=0 6.3 sl/s ETA 4.4 min
[mvp] block 102: done 6592/8192 ok=64 hits=320 quar=721 err=0 drop=0 6.3 sl/s ETA 4.2 min
[mvp] block 103: done 6656/8192 ok=64 hits=321 quar=728 err=0 drop=0 6.3 sl/s ETA 4.1 min
[mvp] block 104: done 6720/8192 ok=64 hits=324 quar=735 err=0 drop=0 6.3 sl/s ETA 3.9 min
[mvp] block 105: done 6784/8192 ok=64 hits=327 quar=742 err=0 drop=0 6.2 sl/s ETA 3.8 min
[mvp] block 106: done 6848/8192 ok=64 hits=330 quar=749 err=0 drop=0 6.2 sl/s ETA 3.6 min
[mvp] block 107: done 6912/8192 ok=64 hits=334 quar=756 err=0 drop=0 6.2 sl/s ETA 3.5 min
[mvp] block 108: done 6976/8192 ok=64 hits=336 quar=763 err=0 drop=0 6.2 sl/s ETA 3.3 min
[mvp] block 109: done 7040/8192 ok=64 hits=340 quar=770 err=0 drop=0 6.1 sl/s ETA 3.1 min
[mvp] block 110: done 7104/8192 ok=64 hits=344 quar=777 err=0 drop=0 6.1 sl/s ETA 3.0 min
[mvp] block 111: done 7168/8192 ok=64 hits=348 quar=784 err=0 drop=0 6.1 sl/s ETA 2.8 min
[mvp] block 112: done 7232/8192 ok=64 hits=351 quar=791 err=0 drop=0 6.1 sl/s ETA 2.6 min
[mvp] block 113: done 7296/8192 ok=64 hits=354 quar=798 err=0 drop=0 6.1 sl/s ETA 2.5 min
[mvp] block 114: done 7360/8192 ok=64 hits=356 quar=805 err=0 drop=0 6.0 sl/s ETA 2.3 min
[mvp] block 115: done 7424/8192 ok=64 hits=358 quar=812 err=0 drop=0 6.0 sl/s ETA 2.1 min
[mvp] block 116: done 7488/8192 ok=64 hits=361 quar=819 err=0 drop=0 6.0 sl/s ETA 1.9 min
[mvp] block 117: done 7552/8192 ok=64 hits=364 quar=826 err=0 drop=0 6.0 sl/s ETA 1.8 min
[mvp] block 118: done 7616/8192 ok=64 hits=368 quar=833 err=0 drop=0 6.0 sl/s ETA 1.6 min
[mvp] block 119: done 7680/8192 ok=64 hits=371 quar=840 err=0 drop=0 6.0 sl/s ETA 1.4 min
[mvp] block 120: done 7744/8192 ok=64 hits=374 quar=847 err=0 drop=0 6.0 sl/s ETA 1.2 min
[mvp] block 121: done 7808/8192 ok=64 hits=378 quar=854 err=0 drop=0 6.0 sl/s ETA 1.1 min
[mvp] block 122: done 7872/8192 ok=64 hits=380 quar=861 err=0 drop=0 6.0 sl/s ETA 0.9 min
[mvp] block 123: done 7936/8192 ok=64 hits=382 quar=868 err=0 drop=0 6.1 sl/s ETA 0.7 min
[mvp] block 124: done 8000/8192 ok=64 hits=386 quar=875 err=0 drop=0 6.1 sl/s ETA 0.5 min
[mvp] block 125: done 8064/8192 ok=64 hits=389 quar=882 err=0 drop=0 6.1 sl/s ETA 0.4 min
[mvp] block 126: done 8128/8192 ok=64 hits=392 quar=889 err=0 drop=0 6.1 sl/s ETA 0.2 min
[mvp] block 127: done 8192/8192 ok=64 hits=395 quar=896 err=0 drop=0 6.1 sl/s ETA 0.0 min
[mvp] DONE blocks 0-127 chans=64 pol=0: 8192 slices (395 flagged, 896 quarantined, 0 errors, 0 dropped) in 22.5 min -> E:\SetiYeti\runs/beast_kepler\scan_on_p0.csv
$ C:\scoop\apps\python\current\python.exe python/mvp_scan.py --raw data/blc44_guppi_59103_01984_DIAG_KEPLER-160_0010.0000.raw --b0 0 --b1 127 --chans 0-63 --pol 0 --out E:\SetiYeti\runs/beast_kepler\scan_on_p0.csv --fam-trig 3.0 --spec-line 5.0 --spec-hump 2.5 --sparkle-max 25
