[mvp] fs=2929687.5 Hz (header TBIN), pol=2, 64 channels, blocks 0-127
[mvp] layout probe: interleaved
[mvp] block 0: done 64/8192 ok=64 hits=3 quar=5 err=0 drop=0 7.1 sl/s ETA 19.0 min
[mvp] block 1: done 128/8192 ok=64 hits=8 quar=10 err=0 drop=0 7.1 sl/s ETA 19.0 min
[mvp] block 2: done 192/8192 ok=64 hits=12 quar=15 err=0 drop=0 7.0 sl/s ETA 19.0 min
[mvp] block 3: done 256/8192 ok=64 hits=15 quar=20 err=0 drop=0 7.0 sl/s ETA 18.9 min
[mvp] block 4: done 320/8192 ok=64 hits=19 quar=25 err=0 drop=0 7.0 sl/s ETA 18.8 min
[mvp] block 5: done 384/8192 ok=64 hits=24 quar=30 err=0 drop=0 6.9 sl/s ETA 18.8 min
[mvp] block 6: done 448/8192 ok=64 hits=30 quar=35 err=0 drop=0 6.9 sl/s ETA 18.7 min
[mvp] block 7: done 512/8192 ok=64 hits=36 quar=39 err=0 drop=0 6.9 sl/s ETA 18.6 min
[mvp] block 8: done 576/8192 ok=64 hits=41 quar=44 err=0 drop=0 6.9 sl/s ETA 18.5 min
[mvp] block 9: done 640/8192 ok=64 hits=46 quar=48 err=0 drop=0 6.8 sl/s ETA 18.4 min
[mvp] block 10: done 704/8192 ok=64 hits=49 quar=53 err=0 drop=0 6.8 sl/s ETA 18.2 min
[mvp] block 11: done 768/8192 ok=64 hits=54 quar=58 err=0 drop=0 6.8 sl/s ETA 18.1 min
[mvp] block 12: done 832/8192 ok=64 hits=59 quar=62 err=0 drop=0 6.8 sl/s ETA 18.0 min
[mvp] block 13: done 896/8192 ok=64 hits=65 quar=66 err=0 drop=0 6.8 sl/s ETA 17.9 min
[mvp] block 14: done 960/8192 ok=64 hits=70 quar=71 err=0 drop=0 6.8 sl/s ETA 17.7 min
[mvp] block 15: done 1024/8192 ok=64 hits=74 quar=76 err=0 drop=0 6.8 sl/s ETA 17.5 min
[mvp] block 16: done 1088/8192 ok=64 hits=78 quar=81 err=0 drop=0 6.8 sl/s ETA 17.4 min
[mvp] block 17: done 1152/8192 ok=64 hits=82 quar=85 err=0 drop=0 6.8 sl/s ETA 17.3 min
[mvp] block 18: done 1216/8192 ok=64 hits=88 quar=90 err=0 drop=0 6.8 sl/s ETA 17.1 min
[mvp] block 19: done 1280/8192 ok=64 hits=93 quar=95 err=0 drop=0 6.8 sl/s ETA 17.0 min
[mvp] block 20: done 1344/8192 ok=64 hits=97 quar=100 err=0 drop=0 6.8 sl/s ETA 16.8 min
[mvp] block 21: done 1408/8192 ok=64 hits=104 quar=105 err=0 drop=0 6.8 sl/s ETA 16.7 min
[mvp] block 22: done 1472/8192 ok=64 hits=108 quar=110 err=0 drop=0 6.8 sl/s ETA 16.5 min
[mvp] block 23: done 1536/8192 ok=64 hits=111 quar=115 err=0 drop=0 6.8 sl/s ETA 16.4 min
[mvp] block 24: done 1600/8192 ok=64 hits=115 quar=120 err=0 drop=0 6.8 sl/s ETA 16.2 min
[mvp] block 25: done 1664/8192 ok=64 hits=119 quar=125 err=0 drop=0 6.8 sl/s ETA 16.0 min
[mvp] block 26: done 1728/8192 ok=64 hits=123 quar=130 err=0 drop=0 6.8 sl/s ETA 15.9 min
[mvp] block 27: done 1792/8192 ok=64 hits=128 quar=134 err=0 drop=0 6.8 sl/s ETA 15.7 min
[mvp] block 28: done 1856/8192 ok=64 hits=133 quar=139 err=0 drop=0 6.8 sl/s ETA 15.6 min
[mvp] block 29: done 1920/8192 ok=64 hits=137 quar=144 err=0 drop=0 6.8 sl/s ETA 15.4 min
[mvp] block 30: done 1984/8192 ok=64 hits=142 quar=148 err=0 drop=0 6.8 sl/s ETA 15.3 min
[mvp] block 31: done 2048/8192 ok=64 hits=147 quar=153 err=0 drop=0 6.8 sl/s ETA 15.1 min
[mvp] block 32: done 2112/8192 ok=64 hits=153 quar=158 err=0 drop=0 6.8 sl/s ETA 15.0 min
[mvp] block 33: done 2176/8192 ok=64 hits=157 quar=163 err=0 drop=0 6.8 sl/s ETA 14.8 min
[mvp] block 34: done 2240/8192 ok=64 hits=161 quar=168 err=0 drop=0 6.8 sl/s ETA 14.7 min
[mvp] block 35: done 2304/8192 ok=64 hits=166 quar=173 err=0 drop=0 6.8 sl/s ETA 14.5 min
[mvp] block 36: done 2368/8192 ok=64 hits=170 quar=178 err=0 drop=0 6.8 sl/s ETA 14.4 min
[mvp] block 37: done 2432/8192 ok=64 hits=175 quar=182 err=0 drop=0 6.7 sl/s ETA 14.2 min
[mvp] block 38: done 2496/8192 ok=64 hits=180 quar=187 err=0 drop=0 6.7 sl/s ETA 14.1 min
[mvp] block 39: done 2560/8192 ok=64 hits=184 quar=192 err=0 drop=0 6.7 sl/s ETA 13.9 min
[mvp] block 40: done 2624/8192 ok=64 hits=189 quar=197 err=0 drop=0 6.7 sl/s ETA 13.8 min
[mvp] block 41: done 2688/8192 ok=64 hits=192 quar=202 err=0 drop=0 6.7 sl/s ETA 13.6 min
[mvp] block 42: done 2752/8192 ok=64 hits=196 quar=207 err=0 drop=0 6.7 sl/s ETA 13.4 min
[mvp] block 43: done 2816/8192 ok=64 hits=200 quar=212 err=0 drop=0 6.7 sl/s ETA 13.3 min
[mvp] block 44: done 2880/8192 ok=64 hits=204 quar=217 err=0 drop=0 6.7 sl/s ETA 13.1 min
[mvp] block 45: done 2944/8192 ok=64 hits=207 quar=222 err=0 drop=0 6.7 sl/s ETA 13.0 min
[mvp] block 46: done 3008/8192 ok=64 hits=214 quar=227 err=0 drop=0 6.7 sl/s ETA 12.8 min
[mvp] block 47: done 3072/8192 ok=64 hits=218 quar=232 err=0 drop=0 6.7 sl/s ETA 12.7 min
[mvp] block 48: done 3136/8192 ok=64 hits=224 quar=236 err=0 drop=0 6.7 sl/s ETA 12.5 min
[mvp] block 49: done 3200/8192 ok=64 hits=229 quar=241 err=0 drop=0 6.7 sl/s ETA 12.4 min
[mvp] block 50: done 3264/8192 ok=64 hits=234 quar=246 err=0 drop=0 6.7 sl/s ETA 12.2 min
[mvp] block 51: done 3328/8192 ok=64 hits=237 quar=251 err=0 drop=0 6.7 sl/s ETA 12.0 min
[mvp] block 52: done 3392/8192 ok=64 hits=242 quar=256 err=0 drop=0 6.7 sl/s ETA 11.9 min
[mvp] block 53: done 3456/8192 ok=64 hits=247 quar=261 err=0 drop=0 6.7 sl/s ETA 11.7 min
[mvp] block 54: done 3520/8192 ok=64 hits=251 quar=266 err=0 drop=0 6.7 sl/s ETA 11.6 min
[mvp] block 55: done 3584/8192 ok=64 hits=255 quar=270 err=0 drop=0 6.7 sl/s ETA 11.4 min
[mvp] block 56: done 3648/8192 ok=64 hits=258 quar=275 err=0 drop=0 6.7 sl/s ETA 11.3 min
[mvp] block 57: done 3712/8192 ok=64 hits=264 quar=280 err=0 drop=0 6.7 sl/s ETA 11.1 min
[mvp] block 58: done 3776/8192 ok=64 hits=269 quar=285 err=0 drop=0 6.7 sl/s ETA 10.9 min
[mvp] block 59: done 3840/8192 ok=64 hits=273 quar=290 err=0 drop=0 6.7 sl/s ETA 10.8 min
[mvp] block 60: done 3904/8192 ok=64 hits=277 quar=296 err=0 drop=0 6.7 sl/s ETA 10.6 min
[mvp] block 61: done 3968/8192 ok=64 hits=282 quar=301 err=0 drop=0 6.7 sl/s ETA 10.5 min
[mvp] block 62: done 4032/8192 ok=64 hits=285 quar=306 err=0 drop=0 6.7 sl/s ETA 10.3 min
[mvp] block 63: done 4096/8192 ok=64 hits=289 quar=311 err=0 drop=0 6.7 sl/s ETA 10.2 min
[mvp] block 64: done 4160/8192 ok=64 hits=294 quar=316 err=0 drop=0 6.7 sl/s ETA 10.0 min
[mvp] block 65: done 4224/8192 ok=64 hits=298 quar=321 err=0 drop=0 6.7 sl/s ETA 9.8 min
[mvp] block 66: done 4288/8192 ok=64 hits=303 quar=326 err=0 drop=0 6.7 sl/s ETA 9.7 min
[mvp] block 67: done 4352/8192 ok=64 hits=308 quar=330 err=0 drop=0 6.7 sl/s ETA 9.5 min
[mvp] block 68: done 4416/8192 ok=64 hits=314 quar=334 err=0 drop=0 6.7 sl/s ETA 9.4 min
[mvp] block 69: done 4480/8192 ok=64 hits=319 quar=338 err=0 drop=0 6.7 sl/s ETA 9.2 min
[mvp] block 70: done 4544/8192 ok=64 hits=324 quar=342 err=0 drop=0 6.7 sl/s ETA 9.1 min
[mvp] block 71: done 4608/8192 ok=64 hits=328 quar=347 err=0 drop=0 6.7 sl/s ETA 8.9 min
[mvp] block 72: done 4672/8192 ok=64 hits=333 quar=352 err=0 drop=0 6.7 sl/s ETA 8.7 min
[mvp] block 73: done 4736/8192 ok=64 hits=340 quar=356 err=0 drop=0 6.7 sl/s ETA 8.6 min
[mvp] block 74: done 4800/8192 ok=64 hits=345 quar=361 err=0 drop=0 6.7 sl/s ETA 8.4 min
[mvp] block 75: done 4864/8192 ok=64 hits=350 quar=366 err=0 drop=0 6.7 sl/s ETA 8.3 min
[mvp] block 76: done 4928/8192 ok=64 hits=354 quar=371 err=0 drop=0 6.7 sl/s ETA 8.1 min
[mvp] block 77: done 4992/8192 ok=64 hits=358 quar=376 err=0 drop=0 6.7 sl/s ETA 8.0 min
[mvp] block 78: done 5056/8192 ok=64 hits=365 quar=381 err=0 drop=0 6.7 sl/s ETA 7.8 min
[mvp] block 79: done 5120/8192 ok=64 hits=368 quar=386 err=0 drop=0 6.7 sl/s ETA 7.6 min
[mvp] block 80: done 5184/8192 ok=64 hits=373 quar=391 err=0 drop=0 6.7 sl/s ETA 7.5 min
[mvp] block 81: done 5248/8192 ok=64 hits=379 quar=396 err=0 drop=0 6.7 sl/s ETA 7.3 min
[mvp] block 82: done 5312/8192 ok=64 hits=384 quar=401 err=0 drop=0 6.7 sl/s ETA 7.2 min
[mvp] block 83: done 5376/8192 ok=64 hits=390 quar=405 err=0 drop=0 6.7 sl/s ETA 7.0 min
[mvp] block 84: done 5440/8192 ok=64 hits=395 quar=409 err=0 drop=0 6.7 sl/s ETA 6.8 min
[mvp] block 85: done 5504/8192 ok=64 hits=399 quar=414 err=0 drop=0 6.7 sl/s ETA 6.7 min
[mvp] block 86: done 5568/8192 ok=64 hits=403 quar=419 err=0 drop=0 6.6 sl/s ETA 6.6 min
[mvp] block 87: done 5632/8192 ok=64 hits=406 quar=424 err=0 drop=0 6.6 sl/s ETA 6.5 min
[mvp] block 88: done 5696/8192 ok=64 hits=409 quar=429 err=0 drop=0 6.5 sl/s ETA 6.4 min
[mvp] block 89: done 5760/8192 ok=64 hits=413 quar=434 err=0 drop=0 6.5 sl/s ETA 6.2 min
[mvp] block 90: done 5824/8192 ok=64 hits=419 quar=438 err=0 drop=0 6.5 sl/s ETA 6.1 min
[mvp] block 91: done 5888/8192 ok=64 hits=423 quar=443 err=0 drop=0 6.4 sl/s ETA 6.0 min
[mvp] block 92: done 5952/8192 ok=64 hits=426 quar=448 err=0 drop=0 6.4 sl/s ETA 5.8 min
[mvp] block 93: done 6016/8192 ok=64 hits=429 quar=453 err=0 drop=0 6.4 sl/s ETA 5.7 min
[mvp] block 94: done 6080/8192 ok=64 hits=432 quar=458 err=0 drop=0 6.3 sl/s ETA 5.6 min
[mvp] block 95: done 6144/8192 ok=64 hits=436 quar=463 err=0 drop=0 6.3 sl/s ETA 5.4 min
[mvp] block 96: done 6208/8192 ok=64 hits=440 quar=468 err=0 drop=0 6.3 sl/s ETA 5.3 min
[mvp] block 97: done 6272/8192 ok=64 hits=445 quar=473 err=0 drop=0 6.3 sl/s ETA 5.1 min
[mvp] block 98: done 6336/8192 ok=64 hits=449 quar=478 err=0 drop=0 6.2 sl/s ETA 5.0 min
[mvp] block 99: done 6400/8192 ok=64 hits=453 quar=483 err=0 drop=0 6.2 sl/s ETA 4.8 min
[mvp] block 100: done 6464/8192 ok=64 hits=459 quar=487 err=0 drop=0 6.2 sl/s ETA 4.7 min
[mvp] block 101: done 6528/8192 ok=64 hits=464 quar=492 err=0 drop=0 6.1 sl/s ETA 4.5 min
[mvp] block 102: done 6592/8192 ok=64 hits=470 quar=496 err=0 drop=0 6.1 sl/s ETA 4.4 min
[mvp] block 103: done 6656/8192 ok=64 hits=476 quar=501 err=0 drop=0 6.1 sl/s ETA 4.2 min
[mvp] block 104: done 6720/8192 ok=64 hits=479 quar=506 err=0 drop=0 6.1 sl/s ETA 4.0 min
[mvp] block 105: done 6784/8192 ok=64 hits=482 quar=511 err=0 drop=0 6.0 sl/s ETA 3.9 min
[mvp] block 106: done 6848/8192 ok=64 hits=485 quar=516 err=0 drop=0 6.0 sl/s ETA 3.7 min
[mvp] block 107: done 6912/8192 ok=64 hits=489 quar=521 err=0 drop=0 6.0 sl/s ETA 3.6 min
[mvp] block 108: done 6976/8192 ok=64 hits=493 quar=526 err=0 drop=0 6.0 sl/s ETA 3.4 min
[mvp] block 109: done 7040/8192 ok=64 hits=499 quar=531 err=0 drop=0 6.0 sl/s ETA 3.2 min
[mvp] block 110: done 7104/8192 ok=64 hits=504 quar=535 err=0 drop=0 5.9 sl/s ETA 3.1 min
[mvp] block 111: done 7168/8192 ok=64 hits=509 quar=541 err=0 drop=0 5.9 sl/s ETA 2.9 min
[mvp] block 112: done 7232/8192 ok=64 hits=514 quar=546 err=0 drop=0 5.9 sl/s ETA 2.7 min
[mvp] block 113: done 7296/8192 ok=64 hits=519 quar=551 err=0 drop=0 5.9 sl/s ETA 2.5 min
[mvp] block 114: done 7360/8192 ok=64 hits=523 quar=556 err=0 drop=0 5.9 sl/s ETA 2.4 min
[mvp] block 115: done 7424/8192 ok=64 hits=528 quar=561 err=0 drop=0 5.9 sl/s ETA 2.2 min
[mvp] block 116: done 7488/8192 ok=64 hits=534 quar=565 err=0 drop=0 5.9 sl/s ETA 2.0 min
[mvp] block 117: done 7552/8192 ok=64 hits=539 quar=570 err=0 drop=0 5.9 sl/s ETA 1.8 min
[mvp] block 118: done 7616/8192 ok=64 hits=543 quar=575 err=0 drop=0 5.9 sl/s ETA 1.6 min
[mvp] block 119: done 7680/8192 ok=64 hits=547 quar=580 err=0 drop=0 5.9 sl/s ETA 1.4 min
[mvp] block 120: done 7744/8192 ok=64 hits=550 quar=585 err=0 drop=0 5.9 sl/s ETA 1.3 min
[mvp] block 121: done 7808/8192 ok=64 hits=554 quar=590 err=0 drop=0 5.9 sl/s ETA 1.1 min
[mvp] block 122: done 7872/8192 ok=64 hits=559 quar=595 err=0 drop=0 5.9 sl/s ETA 0.9 min
[mvp] block 123: done 7936/8192 ok=64 hits=565 quar=599 err=0 drop=0 5.9 sl/s ETA 0.7 min
[mvp] block 124: done 8000/8192 ok=64 hits=568 quar=604 err=0 drop=0 5.9 sl/s ETA 0.5 min
[mvp] block 125: done 8064/8192 ok=64 hits=574 quar=608 err=0 drop=0 6.0 sl/s ETA 0.4 min
[mvp] block 126: done 8128/8192 ok=64 hits=579 quar=612 err=0 drop=0 6.0 sl/s ETA 0.2 min
[mvp] block 127: done 8192/8192 ok=64 hits=583 quar=617 err=0 drop=0 6.0 sl/s ETA 0.0 min
[mvp] DONE blocks 0-127 chans=64 pol=2: 8192 slices (583 flagged, 617 quarantined, 0 errors, 0 dropped) in 22.9 min -> E:\SetiYeti\runs/beast_kepler\scan_on_p2.csv
$ C:\scoop\apps\python\current\python.exe python/mvp_scan.py --raw data/blc44_guppi_59103_01984_DIAG_KEPLER-160_0010.0000.raw --b0 0 --b1 127 --chans 0-63 --pol 2 --out E:\SetiYeti\runs/beast_kepler\scan_on_p2.csv --fam-trig 3.0 --spec-line 5.0 --spec-hump 2.5 --sparkle-max 25
