[veto] band geometry from blc44_guppi_59103_01984_DIAG_KEPLER-160_0010.0000.raw: 1407.715 MHz centre, -187.500 MHz, 64 chan
[veto] cadence: ON=1291 signatures, OFF=1311
[veto] b0/ch55 Y4:1080662Hz E=1.10 S=0.00 net=+1.10 -> BLOCK:earth-likely
[veto] b0/ch56 Y2:1119286Hz E=1.10 S=0.00 net=+1.10 -> BLOCK:earth-likely
[veto] b0/ch57 -:0Hz E=0.80 S=0.00 net=+0.80 -> BLOCK:earth-likely
[veto] b0/ch58 -:0Hz E=0.80 S=0.00 net=+0.80 -> BLOCK:earth-likely
[veto] b0/ch59 -:0Hz E=0.80 S=0.00 net=+0.80 -> BLOCK:earth-likely
[veto] b0/ch60 -:0Hz E=0.80 S=0.00 net=+0.80 -> BLOCK:earth-likely
[veto] b0/ch61 -:0Hz E=0.80 S=0.00 net=+0.80 -> BLOCK:earth-likely
[veto] b0/ch62 -:0Hz E=0.80 S=0.00 net=+0.80 -> BLOCK:earth-likely
[veto] b0/ch63 -:0Hz E=0.80 S=0.00 net=+0.80 -> BLOCK:earth-likely
[veto] b1/ch54 Y2:1168281Hz E=0.85 S=0.00 net=+0.85 -> BLOCK:earth-likely
[veto] b1/ch55 Y2:1443923Hz E=1.10 S=0.00 net=+1.10 -> BLOCK:earth-likely
[veto] b1/ch56 Y2:2861Hz E=0.90 S=0.00 net=+0.90 -> BLOCK:earth-likely
[veto] b1/ch57 -:0Hz E=0.80 S=0.00 net=+0.80 -> BLOCK:earth-likely
[veto] b1/ch58 -:0Hz E=0.80 S=0.00 net=+0.80 -> BLOCK:earth-likely
[veto] b1/ch59 -:0Hz E=0.80 S=0.00 net=+0.80 -> BLOCK:earth-likely
[veto] b1/ch60 -:0Hz E=0.80 S=0.00 net=+0.80 -> BLOCK:earth-likely
[veto] b1/ch61 -:0Hz E=0.80 S=0.00 net=+0.80 -> BLOCK:earth-likely
[veto] b1/ch62 -:0Hz E=0.80 S=0.00 net=+0.80 -> BLOCK:earth-likely
[veto] b1/ch63 -:0Hz E=0.80 S=0.00 net=+0.80 -> BLOCK:earth-likely
[veto] b2/ch52 Y2:524908Hz E=0.85 S=0.00 net=+0.85 -> BLOCK:earth-likely
[veto] b2/ch55 Y2:1259387Hz E=1.10 S=0.00 net=+1.10 -> BLOCK:earth-likely
[veto] b2/ch56 Y4:710249Hz E=1.10 S=0.00 net=+1.10 -> BLOCK:earth-likely
[veto] b2/ch57 -:0Hz E=0.80 S=0.00 net=+0.80 -> BLOCK:earth-likely
[veto] b2/ch58 -:0Hz E=0.80 S=0.00 net=+0.80 -> BLOCK:earth-likely
[veto] b2/ch59 -:0Hz E=0.80 S=0.00 net=+0.80 -> BLOCK:earth-likely
[veto] b2/ch60 -:0Hz E=0.80 S=0.00 net=+0.80 -> BLOCK:earth-likely
[veto] b2/ch61 -:0Hz E=0.80 S=0.00 net=+0.80 -> BLOCK:earth-likely
[veto] b2/ch62 -:0Hz E=0.80 S=0.00 net=+0.80 -> BLOCK:earth-likely
[veto] b2/ch63 -:0Hz E=0.80 S=0.00 net=+0.80 -> BLOCK:earth-likely
[veto] b3/ch55 Y4:859112Hz E=0.85 S=0.00 net=+0.85 -> BLOCK:earth-likely
[veto] b3/ch56 Y2:544846Hz E=0.85 S=0.00 net=+0.85 -> BLOCK:earth-likely
[veto] b3/ch57 -:0Hz E=0.80 S=0.00 net=+0.80 -> BLOCK:earth-likely
[veto] b3/ch58 -:0Hz E=0.80 S=0.00 net=+0.80 -> BLOCK:earth-likely
[veto] b3/ch59 -:0Hz E=0.80 S=0.00 net=+0.80 -> BLOCK:earth-likely
[veto] b3/ch60 -:0Hz E=0.80 S=0.00 net=+0.80 -> BLOCK:earth-likely
[veto] b3/ch61 -:0Hz E=0.80 S=0.00 net=+0.80 -> BLOCK:earth-likely
[veto] b3/ch62 -:0Hz E=0.80 S=0.00 net=+0.80 -> BLOCK:earth-likely
[veto] b3/ch63 -:0Hz E=0.80 S=0.00 net=+0.80 -> BLOCK:earth-likely
[veto] b4/ch54 Y2:363171Hz E=1.10 S=0.00 net=+1.10 -> BLOCK:earth-likely
[veto] b4/ch55 Y2:908822Hz E=1.10 S=0.00 net=+1.10 -> BLOCK:earth-likely
[veto] b4/ch56 Y4:1039982Hz E=1.10 S=0.00 net=+1.10 -> BLOCK:earth-likely
[veto] b4/ch57 -:0Hz E=0.80 S=0.00 net=+0.80 -> BLOCK:earth-likely
[veto] b4/ch58 -:0Hz E=0.80 S=0.00 net=+0.80 -> BLOCK:earth-likely
[veto] b4/ch59 -:0Hz E=0.80 S=0.00 net=+0.80 -> BLOCK:earth-likely
[veto] b4/ch60 -:0Hz E=0.80 S=0.00 net=+0.80 -> BLOCK:earth-likely
[veto] b4/ch61 -:0Hz E=0.80 S=0.00 net=+0.80 -> BLOCK:earth-likely
[veto] b4/ch62 -:0Hz E=0.80 S=0.00 net=+0.80 -> BLOCK:earth-likely
[veto] b4/ch63 -:0Hz E=0.80 S=0.00 net=+0.80 -> BLOCK:earth-likely
[veto] b5/ch56 Y4:25302Hz E=0.65 S=0.00 net=+0.65 -> BLOCK:earth-likely
[veto] b5/ch57 -:0Hz E=0.80 S=0.00 net=+0.80 -> BLOCK:earth-likely
[veto] b5/ch58 -:0Hz E=0.80 S=0.00 net=+0.80 -> BLOCK:earth-likely
[veto] b5/ch59 -:0Hz E=0.80 S=0.00 net=+0.80 -> BLOCK:earth-likely
[veto] b5/ch60 -:0Hz E=0.80 S=0.00 net=+0.80 -> BLOCK:earth-likely
[veto] b5/ch61 -:0Hz E=0.80 S=0.00 net=+0.80 -> BLOCK:earth-likely
[veto] b5/ch62 -:0Hz E=0.80 S=0.00 net=+0.80 -> BLOCK:earth-likely
[veto] b5/ch63 -:0Hz E=0.80 S=0.00 net=+0.80 -> BLOCK:earth-likely
[veto] b6/ch55 Y2:1342893Hz E=1.10 S=0.00 net=+1.10 -> BLOCK:earth-likely
[veto] b6/ch56 Y2:738859Hz E=1.10 S=0.00 net=+1.10 -> BLOCK:earth-likely
[veto] b6/ch57 -:0Hz E=0.80 S=0.00 net=+0.80 -> BLOCK:earth-likely
[veto] b6/ch58 -:0Hz E=0.80 S=0.00 net=+0.80 -> BLOCK:earth-likely
[veto] b6/ch59 -:0Hz E=0.80 S=0.00 net=+0.80 -> BLOCK:earth-likely
[veto] b6/ch60 -:0Hz E=0.80 S=0.00 net=+0.80 -> BLOCK:earth-likely
[veto] b6/ch61 -:0Hz E=0.80 S=0.00 net=+0.80 -> BLOCK:earth-likely
[veto] b6/ch62 -:0Hz E=0.80 S=0.00 net=+0.80 -> BLOCK:earth-likely
[veto] b6/ch63 -:0Hz E=0.80 S=0.00 net=+0.80 -> BLOCK:earth-likely
[veto] b7/ch51 Y2:529915Hz E=0.85 S=0.00 net=+0.85 -> BLOCK:earth-likely
[veto] b7/ch53 Y2:266522Hz E=0.85 S=0.00 net=+0.85 -> BLOCK:earth-likely
[veto] b7/ch54 Y4:1025140Hz E=1.10 S=0.00 net=+1.10 -> BLOCK:earth-likely
[veto] b7/ch55 Y4:605375Hz E=1.10 S=0.00 net=+1.10 -> BLOCK:earth-likely
[veto] b7/ch56 Y4:49531Hz E=0.65 S=0.00 net=+0.65 -> BLOCK:earth-likely
[veto] b7/ch57 -:0Hz E=0.80 S=0.00 net=+0.80 -> BLOCK:earth-likely
[veto] b7/ch58 -:0Hz E=0.80 S=0.00 net=+0.80 -> BLOCK:earth-likely
[veto] b7/ch59 -:0Hz E=0.80 S=0.00 net=+0.80 -> BLOCK:earth-likely
[veto] b7/ch60 -:0Hz E=0.80 S=0.00 net=+0.80 -> BLOCK:earth-likely
[veto] b7/ch61 -:0Hz E=0.80 S=0.00 net=+0.80 -> BLOCK:earth-likely
[veto] b7/ch62 -:0Hz E=0.80 S=0.00 net=+0.80 -> BLOCK:earth-likely
[veto] b7/ch63 -:0Hz E=0.80 S=0.00 net=+0.80 -> BLOCK:earth-likely
[veto] b8/ch55 Y4:270188Hz E=1.10 S=0.00 net=+1.10 -> BLOCK:earth-likely
[veto] b8/ch56 Y2:965506Hz E=1.10 S=0.00 net=+1.10 -> BLOCK:earth-likely
[veto] b8/ch57 -:0Hz E=0.80 S=0.00 net=+0.80 -> BLOCK:earth-likely
[veto] b8/ch58 -:0Hz E=0.80 S=0.00 net=+0.80 -> BLOCK:earth-likely
[veto] b8/ch59 -:0Hz E=0.80 S=0.00 net=+0.80 -> BLOCK:earth-likely
[veto] b8/ch60 -:0Hz E=0.80 S=0.00 net=+0.80 -> BLOCK:earth-likely
[veto] b8/ch61 -:0Hz E=0.80 S=0.00 net=+0.80 -> BLOCK:earth-likely
[veto] b8/ch62 -:0Hz E=0.80 S=0.00 net=+0.80 -> BLOCK:earth-likely
[veto] b8/ch63 -:0Hz E=0.80 S=0.00 net=+0.80 -> BLOCK:earth-likely
[veto] b9/ch53 Y4:334650Hz E=1.10 S=0.00 net=+1.10 -> BLOCK:earth-likely
[veto] b9/ch55 Y2:1166940Hz E=1.10 S=0.00 net=+1.10 -> BLOCK:earth-likely
[veto] b9/ch56 Y2:972390Hz E=1.10 S=0.00 net=+1.10 -> BLOCK:earth-likely
[veto] b9/ch57 -:0Hz E=0.80 S=0.00 net=+0.80 -> BLOCK:earth-likely
[veto] b9/ch58 -:0Hz E=0.80 S=0.00 net=+0.80 -> BLOCK:earth-likely
[veto] b9/ch59 -:0Hz E=0.80 S=0.00 net=+0.80 -> BLOCK:earth-likely
[veto] b9/ch60 -:0Hz E=0.80 S=0.00 net=+0.80 -> BLOCK:earth-likely
[veto] b9/ch61 -:0Hz E=0.80 S=0.00 net=+0.80 -> BLOCK:earth-likely
[veto] b9/ch62 -:0Hz E=0.80 S=0.00 net=+0.80 -> BLOCK:earth-likely
[veto] b9/ch63 -:0Hz E=0.80 S=0.00 net=+0.80 -> BLOCK:earth-likely
[veto] b10/ch54 Y4:626832Hz E=0.85 S=0.00 net=+0.85 -> BLOCK:earth-likely
[veto] b10/ch55 Y2:436306Hz E=1.10 S=0.00 net=+1.10 -> BLOCK:earth-likely
[veto] b10/ch56 Y4:943780Hz E=1.10 S=0.00 net=+1.10 -> BLOCK:earth-likely
[veto] b10/ch57 -:0Hz E=0.80 S=0.00 net=+0.80 -> BLOCK:earth-likely
[veto] b10/ch58 -:0Hz E=0.80 S=0.00 net=+0.80 -> BLOCK:earth-likely
[veto] b10/ch59 -:0Hz E=0.80 S=0.00 net=+0.80 -> BLOCK:earth-likely
[veto] b10/ch60 -:0Hz E=0.80 S=0.00 net=+0.80 -> BLOCK:earth-likely
[veto] b10/ch61 -:0Hz E=0.80 S=0.00 net=+0.80 -> BLOCK:earth-likely
[veto] b10/ch62 -:0Hz E=0.80 S=0.00 net=+0.80 -> BLOCK:earth-likely
[veto] b10/ch63 -:0Hz E=0.80 S=0.00 net=+0.80 -> BLOCK:earth-likely
[veto] b11/ch54 Y4:1458585Hz E=1.10 S=0.00 net=+1.10 -> BLOCK:earth-likely
[veto] b11/ch55 Y2:1433194Hz E=1.10 S=0.00 net=+1.10 -> BLOCK:earth-likely
[veto] b11/ch56 Y2:15110Hz E=0.65 S=0.00 net=+0.65 -> BLOCK:earth-likely
[veto] b11/ch57 -:0Hz E=0.80 S=0.00 net=+0.80 -> BLOCK:earth-likely
[veto] b11/ch58 -:0Hz E=0.80 S=0.00 net=+0.80 -> BLOCK:earth-likely
[veto] b11/ch59 -:0Hz E=0.80 S=0.00 net=+0.80 -> BLOCK:earth-likely
[veto] b11/ch60 -:0Hz E=0.80 S=0.00 net=+0.80 -> BLOCK:earth-likely
[veto] b11/ch61 -:0Hz E=0.80 S=0.00 net=+0.80 -> BLOCK:earth-likely
[veto] b11/ch62 -:0Hz E=0.80 S=0.00 net=+0.80 -> BLOCK:earth-likely
[veto] b11/ch63 -:0Hz E=0.80 S=0.00 net=+0.80 -> BLOCK:earth-likely
[veto] b12/ch53 Y2:695765Hz E=0.85 S=0.00 net=+0.85 -> BLOCK:earth-likely
[veto] b12/ch54 Y2:972390Hz E=1.10 S=0.00 net=+1.10 -> BLOCK:earth-likely
[veto] b12/ch55 Y4:1384735Hz E=1.10 S=0.00 net=+1.10 -> BLOCK:earth-likely
[veto] b12/ch56 Y2:172645Hz E=1.10 S=0.00 net=+1.10 -> BLOCK:earth-likely
[veto] b12/ch57 -:0Hz E=0.80 S=0.00 net=+0.80 -> BLOCK:earth-likely
[veto] b12/ch58 -:0Hz E=0.80 S=0.00 net=+0.80 -> BLOCK:earth-likely
[veto] b12/ch59 -:0Hz E=0.80 S=0.00 net=+0.80 -> BLOCK:earth-likely
[veto] b12/ch60 -:0Hz E=0.80 S=0.00 net=+0.80 -> BLOCK:earth-likely
[veto] b12/ch61 -:0Hz E=0.80 S=0.00 net=+0.80 -> BLOCK:earth-likely
[veto] b12/ch62 -:0Hz E=0.80 S=0.00 net=+0.80 -> BLOCK:earth-likely
[veto] b12/ch63 -:0Hz E=0.80 S=0.00 net=+0.80 -> BLOCK:earth-likely
[veto] b13/ch55 Y2:79304Hz E=0.65 S=0.00 net=+0.65 -> BLOCK:earth-likely
[veto] b13/ch56 Y4:1191258Hz E=1.10 S=0.00 net=+1.10 -> BLOCK:earth-likely
[veto] b13/ch57 -:0Hz E=0.80 S=0.00 net=+0.80 -> BLOCK:earth-likely
[veto] b13/ch58 -:0Hz E=0.80 S=0.00 net=+0.80 -> BLOCK:earth-likely
[veto] b13/ch59 -:0Hz E=0.80 S=0.00 net=+0.80 -> BLOCK:earth-likely
[veto] b13/ch60 -:0Hz E=0.80 S=0.00 net=+0.80 -> BLOCK:earth-likely
[veto] b13/ch61 -:0Hz E=0.80 S=0.00 net=+0.80 -> BLOCK:earth-likely
[veto] b13/ch62 -:0Hz E=0.80 S=0.00 net=+0.80 -> BLOCK:earth-likely
[veto] b13/ch63 -:0Hz E=0.80 S=0.00 net=+0.80 -> BLOCK:earth-likely
[veto] b14/ch54 Y2:1455724Hz E=1.10 S=0.00 net=+1.10 -> BLOCK:earth-likely
[veto] b14/ch56 Y2:921696Hz E=1.10 S=0.00 net=+1.10 -> BLOCK:earth-likely
[veto] b14/ch57 -:0Hz E=0.80 S=0.00 net=+0.80 -> BLOCK:earth-likely
[veto] b14/ch58 -:0Hz E=0.80 S=0.00 net=+0.80 -> BLOCK:earth-likely
[veto] b14/ch59 -:0Hz E=0.80 S=0.00 net=+0.80 -> BLOCK:earth-likely
[veto] b14/ch60 -:0Hz E=0.80 S=0.00 net=+0.80 -> BLOCK:earth-likely
[veto] b14/ch61 -:0Hz E=0.80 S=0.00 net=+0.80 -> BLOCK:earth-likely
[veto] b14/ch62 -:0Hz E=0.80 S=0.00 net=+0.80 -> BLOCK:earth-likely
[veto] b14/ch63 -:0Hz E=0.80 S=0.00 net=+0.80 -> BLOCK:earth-likely
[veto] b15/ch6 Y4:1464844Hz E=0.85 S=0.00 net=+0.85 -> BLOCK:earth-likely
[veto] b15/ch55 Y4:1247227Hz E=1.10 S=0.00 net=+1.10 -> BLOCK:earth-likely
[veto] b15/ch56 Y2:386149Hz E=0.85 S=0.00 net=+0.85 -> BLOCK:earth-likely
[veto] b15/ch57 -:0Hz E=0.80 S=0.00 net=+0.80 -> BLOCK:earth-likely
[veto] b15/ch58 -:0Hz E=0.80 S=0.00 net=+0.80 -> BLOCK:earth-likely
[veto] b15/ch59 -:0Hz E=0.80 S=0.00 net=+0.80 -> BLOCK:earth-likely
[veto] b15/ch60 -:0Hz E=0.80 S=0.00 net=+0.80 -> BLOCK:earth-likely
[veto] b15/ch61 -:0Hz E=0.80 S=0.00 net=+0.80 -> BLOCK:earth-likely
[veto] b15/ch62 -:0Hz E=0.80 S=0.00 net=+0.80 -> BLOCK:earth-likely
[veto] b15/ch63 -:0Hz E=0.80 S=0.00 net=+0.80 -> BLOCK:earth-likely
[veto] b16/ch54 Y4:218242Hz E=1.10 S=0.00 net=+1.10 -> BLOCK:earth-likely
[veto] b16/ch55 Y4:421554Hz E=1.10 S=0.00 net=+1.10 -> BLOCK:earth-likely
[veto] b16/ch56 Y4:1188666Hz E=1.10 S=0.00 net=+1.10 -> BLOCK:earth-likely
[veto] b16/ch57 -:0Hz E=0.80 S=0.00 net=+0.80 -> BLOCK:earth-likely
[veto] b16/ch58 -:0Hz E=0.80 S=0.00 net=+0.80 -> BLOCK:earth-likely
[veto] b16/ch59 -:0Hz E=0.80 S=0.00 net=+0.80 -> BLOCK:earth-likely
[veto] b16/ch60 -:0Hz E=0.80 S=0.00 net=+0.80 -> BLOCK:earth-likely
[veto] b16/ch61 -:0Hz E=0.80 S=0.00 net=+0.80 -> BLOCK:earth-likely
[veto] b16/ch62 -:0Hz E=0.80 S=0.00 net=+0.80 -> BLOCK:earth-likely
[veto] b16/ch63 -:0Hz E=0.80 S=0.00 net=+0.80 -> BLOCK:earth-likely
[veto] b17/ch53 Y2:1034260Hz E=1.10 S=0.00 net=+1.10 -> BLOCK:earth-likely
[veto] b17/ch54 Y2:1288265Hz E=1.10 S=0.00 net=+1.10 -> BLOCK:earth-likely
[veto] b17/ch55 Y2:371039Hz E=0.85 S=0.00 net=+0.85 -> BLOCK:earth-likely
[veto] b17/ch56 Y2:162452Hz E=0.85 S=0.00 net=+0.85 -> BLOCK:earth-likely
[veto] b17/ch57 -:0Hz E=0.80 S=0.00 net=+0.80 -> BLOCK:earth-likely
[veto] b17/ch58 -:0Hz E=0.80 S=0.00 net=+0.80 -> BLOCK:earth-likely
[veto] b17/ch59 -:0Hz E=0.80 S=0.00 net=+0.80 -> BLOCK:earth-likely
[veto] b17/ch60 -:0Hz E=0.80 S=0.00 net=+0.80 -> BLOCK:earth-likely
[veto] b17/ch61 -:0Hz E=0.80 S=0.00 net=+0.80 -> BLOCK:earth-likely
[veto] b17/ch62 -:0Hz E=0.80 S=0.00 net=+0.80 -> BLOCK:earth-likely
[veto] b17/ch63 -:0Hz E=0.80 S=0.00 net=+0.80 -> BLOCK:earth-likely
[veto] b18/ch53 Y2:938058Hz E=0.85 S=0.00 net=+0.85 -> BLOCK:earth-likely
[veto] b18/ch54 Y4:569791Hz E=0.85 S=0.00 net=+0.85 -> BLOCK:earth-likely
[veto] b18/ch55 Y4:337780Hz E=1.10 S=0.00 net=+1.10 -> BLOCK:earth-likely
[veto] b18/ch56 Y2:490308Hz E=1.10 S=0.00 net=+1.10 -> BLOCK:earth-likely
[veto] b18/ch57 -:0Hz E=0.80 S=0.00 net=+0.80 -> BLOCK:earth-likely
[veto] b18/ch58 -:0Hz E=0.80 S=0.00 net=+0.80 -> BLOCK:earth-likely
[veto] b18/ch59 -:0Hz E=0.80 S=0.00 net=+0.80 -> BLOCK:earth-likely
[veto] b18/ch60 -:0Hz E=0.80 S=0.00 net=+0.80 -> BLOCK:earth-likely
[veto] b18/ch61 -:0Hz E=0.80 S=0.00 net=+0.80 -> BLOCK:earth-likely
[veto] b18/ch62 -:0Hz E=0.80 S=0.00 net=+0.80 -> BLOCK:earth-likely
[veto] b18/ch63 -:0Hz E=0.80 S=0.00 net=+0.80 -> BLOCK:earth-likely
[veto] b19/ch54 Y4:676095Hz E=0.85 S=0.00 net=+0.85 -> BLOCK:earth-likely
[veto] b19/ch55 Y2:735730Hz E=1.10 S=0.00 net=+1.10 -> BLOCK:earth-likely
[veto] b19/ch56 Y2:713378Hz E=1.10 S=0.00 net=+1.10 -> BLOCK:earth-likely
[veto] b19/ch57 -:0Hz E=0.80 S=0.00 net=+0.80 -> BLOCK:earth-likely
[veto] b19/ch58 -:0Hz E=0.80 S=0.00 net=+0.80 -> BLOCK:earth-likely
[veto] b19/ch59 -:0Hz E=0.80 S=0.00 net=+0.80 -> BLOCK:earth-likely
[veto] b19/ch60 -:0Hz E=0.80 S=0.00 net=+0.80 -> BLOCK:earth-likely
[veto] b19/ch61 -:0Hz E=0.80 S=0.00 net=+0.80 -> BLOCK:earth-likely
[veto] b19/ch62 -:0Hz E=0.80 S=0.00 net=+0.80 -> BLOCK:earth-likely
[veto] b19/ch63 -:0Hz E=0.80 S=0.00 net=+0.80 -> BLOCK:earth-likely
[veto] b20/ch54 Y4:150383Hz E=0.85 S=0.00 net=+0.85 -> BLOCK:earth-likely
[veto] b20/ch55 Y4:405729Hz E=1.10 S=0.00 net=+1.10 -> BLOCK:earth-likely
[veto] b20/ch56 Y2:1451075Hz E=1.10 S=0.00 net=+1.10 -> BLOCK:earth-likely
[veto] b20/ch57 -:0Hz E=0.80 S=0.00 net=+0.80 -> BLOCK:earth-likely
[veto] b20/ch58 -:0Hz E=0.80 S=0.00 net=+0.80 -> BLOCK:earth-likely
[veto] b20/ch59 -:0Hz E=0.80 S=0.00 net=+0.80 -> BLOCK:earth-likely
[veto] b20/ch60 -:0Hz E=0.80 S=0.00 net=+0.80 -> BLOCK:earth-likely
[veto] b20/ch61 -:0Hz E=0.80 S=0.00 net=+0.80 -> BLOCK:earth-likely
[veto] b20/ch62 -:0Hz E=0.80 S=0.00 net=+0.80 -> BLOCK:earth-likely
[veto] b20/ch63 -:0Hz E=0.80 S=0.00 net=+0.80 -> BLOCK:earth-likely
[veto] b21/ch52 Y4:2861Hz E=0.65 S=0.00 net=+0.65 -> BLOCK:earth-likely
[veto] b21/ch54 Y4:781775Hz E=0.85 S=0.00 net=+0.85 -> BLOCK:earth-likely
[veto] b21/ch55 Y2:376046Hz E=1.10 S=0.00 net=+1.10 -> BLOCK:earth-likely
[veto] b21/ch56 Y4:1309544Hz E=1.10 S=0.00 net=+1.10 -> BLOCK:earth-likely
[veto] b21/ch57 -:0Hz E=0.80 S=0.00 net=+0.80 -> BLOCK:earth-likely
[veto] b21/ch58 -:0Hz E=0.80 S=0.00 net=+0.80 -> BLOCK:earth-likely
[veto] b21/ch59 -:0Hz E=0.80 S=0.00 net=+0.80 -> BLOCK:earth-likely
[veto] b21/ch60 -:0Hz E=0.80 S=0.00 net=+0.80 -> BLOCK:earth-likely
[veto] b21/ch61 -:0Hz E=0.80 S=0.00 net=+0.80 -> BLOCK:earth-likely
[veto] b21/ch62 -:0Hz E=0.80 S=0.00 net=+0.80 -> BLOCK:earth-likely
[veto] b21/ch63 -:0Hz E=0.80 S=0.00 net=+0.80 -> BLOCK:earth-likely
[veto] b22/ch53 Y2:21815Hz E=0.65 S=0.00 net=+0.65 -> BLOCK:earth-likely
[veto] b22/ch54 Y2:767201Hz E=0.85 S=0.00 net=+0.85 -> BLOCK:earth-likely
[veto] b22/ch55 Y4:560582Hz E=1.10 S=0.00 net=+1.10 -> BLOCK:earth-likely
[veto] b22/ch56 Y2:231475Hz E=1.10 S=0.00 net=+1.10 -> BLOCK:earth-likely
[veto] b22/ch57 -:0Hz E=0.80 S=0.00 net=+0.80 -> BLOCK:earth-likely
[veto] b22/ch58 -:0Hz E=0.80 S=0.00 net=+0.80 -> BLOCK:earth-likely
[veto] b22/ch59 -:0Hz E=0.80 S=0.00 net=+0.80 -> BLOCK:earth-likely
[veto] b22/ch60 -:0Hz E=0.80 S=0.00 net=+0.80 -> BLOCK:earth-likely
[veto] b22/ch61 -:0Hz E=0.80 S=0.00 net=+0.80 -> BLOCK:earth-likely
[veto] b22/ch62 -:0Hz E=0.80 S=0.00 net=+0.80 -> BLOCK:earth-likely
[veto] b22/ch63 -:0Hz E=0.80 S=0.00 net=+0.80 -> BLOCK:earth-likely
[veto] b23/ch53 Y2:392228Hz E=0.85 S=0.00 net=+0.85 -> BLOCK:earth-likely
[veto] b23/ch54 Y4:1009941Hz E=0.85 S=0.00 net=+0.85 -> BLOCK:earth-likely
[veto] b23/ch55 Y4:389725Hz E=0.85 S=0.00 net=+0.85 -> BLOCK:earth-likely
[veto] b23/ch56 Y2:77695Hz E=0.65 S=0.00 net=+0.65 -> BLOCK:earth-likely
[veto] b23/ch57 -:0Hz E=0.80 S=0.00 net=+0.80 -> BLOCK:earth-likely
[veto] b23/ch58 -:0Hz E=0.80 S=0.00 net=+0.80 -> BLOCK:earth-likely
[veto] b23/ch59 -:0Hz E=0.80 S=0.00 net=+0.80 -> BLOCK:earth-likely
[veto] b23/ch60 -:0Hz E=0.80 S=0.00 net=+0.80 -> BLOCK:earth-likely
[veto] b23/ch61 -:0Hz E=0.80 S=0.00 net=+0.80 -> BLOCK:earth-likely
[veto] b23/ch62 -:0Hz E=0.80 S=0.00 net=+0.80 -> BLOCK:earth-likely
[veto] b23/ch63 -:0Hz E=0.80 S=0.00 net=+0.80 -> BLOCK:earth-likely
[veto] b24/ch55 Y2:977486Hz E=0.85 S=0.00 net=+0.85 -> BLOCK:earth-likely
[veto] b24/ch56 Y4:496656Hz E=1.10 S=0.00 net=+1.10 -> BLOCK:earth-likely
[veto] b24/ch57 -:0Hz E=0.80 S=0.00 net=+0.80 -> BLOCK:earth-likely
[veto] b24/ch58 -:0Hz E=0.80 S=0.00 net=+0.80 -> BLOCK:earth-likely
[veto] b24/ch59 -:0Hz E=0.80 S=0.00 net=+0.80 -> BLOCK:earth-likely
[veto] b24/ch60 -:0Hz E=0.80 S=0.00 net=+0.80 -> BLOCK:earth-likely
[veto] b24/ch61 -:0Hz E=0.80 S=0.00 net=+0.80 -> BLOCK:earth-likely
[veto] b24/ch62 -:0Hz E=0.80 S=0.00 net=+0.80 -> BLOCK:earth-likely
[veto] b24/ch63 -:0Hz E=0.80 S=0.00 net=+0.80 -> BLOCK:earth-likely
[veto] b25/ch54 Y2:628710Hz E=0.85 S=0.00 net=+0.85 -> BLOCK:earth-likely
[veto] b25/ch55 Y2:614583Hz E=1.10 S=0.00 net=+1.10 -> BLOCK:earth-likely
[veto] b25/ch56 Y4:1203418Hz E=1.10 S=0.00 net=+1.10 -> BLOCK:earth-likely
[veto] b25/ch57 -:0Hz E=0.80 S=0.00 net=+0.80 -> BLOCK:earth-likely
[veto] b25/ch58 -:0Hz E=0.80 S=0.00 net=+0.80 -> BLOCK:earth-likely
[veto] b25/ch59 -:0Hz E=0.80 S=0.00 net=+0.80 -> BLOCK:earth-likely
[veto] b25/ch60 -:0Hz E=0.80 S=0.00 net=+0.80 -> BLOCK:earth-likely
[veto] b25/ch61 -:0Hz E=0.80 S=0.00 net=+0.80 -> BLOCK:earth-likely
[veto] b25/ch62 -:0Hz E=0.80 S=0.00 net=+0.80 -> BLOCK:earth-likely
[veto] b25/ch63 -:0Hz E=0.80 S=0.00 net=+0.80 -> BLOCK:earth-likely
[veto] b26/ch56 Y4:1225948Hz E=1.10 S=0.00 net=+1.10 -> BLOCK:earth-likely
[veto] b26/ch57 -:0Hz E=0.80 S=0.00 net=+0.80 -> BLOCK:earth-likely
[veto] b26/ch58 -:0Hz E=0.80 S=0.00 net=+0.80 -> BLOCK:earth-likely
[veto] b26/ch59 -:0Hz E=0.80 S=0.00 net=+0.80 -> BLOCK:earth-likely
[veto] b26/ch60 -:0Hz E=0.80 S=0.00 net=+0.80 -> BLOCK:earth-likely
[veto] b26/ch61 -:0Hz E=0.80 S=0.00 net=+0.80 -> BLOCK:earth-likely
[veto] b26/ch62 -:0Hz E=0.80 S=0.00 net=+0.80 -> BLOCK:earth-likely
[veto] b26/ch63 -:0Hz E=0.80 S=0.00 net=+0.80 -> BLOCK:earth-likely
[veto] b27/ch53 Y4:661790Hz E=0.85 S=0.00 net=+0.85 -> BLOCK:earth-likely
[veto] b27/ch54 Y4:1243472Hz E=1.10 S=0.00 net=+1.10 -> BLOCK:earth-likely
[veto] b27/ch55 Y4:579715Hz E=1.10 S=0.00 net=+1.10 -> BLOCK:earth-likely
[veto] b27/ch56 Y4:439346Hz E=1.10 S=0.00 net=+1.10 -> BLOCK:earth-likely
[veto] b27/ch57 -:0Hz E=0.80 S=0.00 net=+0.80 -> BLOCK:earth-likely
[veto] b27/ch58 -:0Hz E=0.80 S=0.00 net=+0.80 -> BLOCK:earth-likely
[veto] b27/ch59 -:0Hz E=0.80 S=0.00 net=+0.80 -> BLOCK:earth-likely
[veto] b27/ch60 -:0Hz E=0.80 S=0.00 net=+0.80 -> BLOCK:earth-likely
[veto] b27/ch61 -:0Hz E=0.80 S=0.00 net=+0.80 -> BLOCK:earth-likely
[veto] b27/ch62 -:0Hz E=0.80 S=0.00 net=+0.80 -> BLOCK:earth-likely
[veto] b27/ch63 -:0Hz E=0.80 S=0.00 net=+0.80 -> BLOCK:earth-likely
[veto] b28/ch53 Y4:40144Hz E=0.65 S=0.00 net=+0.65 -> BLOCK:earth-likely
[veto] b28/ch54 Y2:676006Hz E=0.85 S=0.00 net=+0.85 -> BLOCK:earth-likely
[veto] b28/ch55 Y2:355572Hz E=0.85 S=0.00 net=+0.85 -> BLOCK:earth-likely
[veto] b28/ch56 Y4:780255Hz E=1.10 S=0.00 net=+1.10 -> BLOCK:earth-likely
[veto] b28/ch57 -:0Hz E=0.80 S=0.00 net=+0.80 -> BLOCK:earth-likely
[veto] b28/ch58 -:0Hz E=0.80 S=0.00 net=+0.80 -> BLOCK:earth-likely
[veto] b28/ch59 -:0Hz E=0.80 S=0.00 net=+0.80 -> BLOCK:earth-likely
[veto] b28/ch60 -:0Hz E=0.80 S=0.00 net=+0.80 -> BLOCK:earth-likely
[veto] b28/ch61 -:0Hz E=0.80 S=0.00 net=+0.80 -> BLOCK:earth-likely
[veto] b28/ch62 -:0Hz E=0.80 S=0.00 net=+0.80 -> BLOCK:earth-likely
[veto] b28/ch63 -:0Hz E=0.80 S=0.00 net=+0.80 -> BLOCK:earth-likely
[veto] b29/ch52 Y2:71168Hz E=0.65 S=0.00 net=+0.65 -> BLOCK:earth-likely
[veto] b29/ch53 Y4:644982Hz E=0.85 S=0.00 net=+0.85 -> BLOCK:earth-likely
[veto] b29/ch54 Y2:753701Hz E=0.85 S=0.00 net=+0.85 -> BLOCK:earth-likely
[veto] b29/ch55 Y4:407696Hz E=1.10 S=0.00 net=+1.10 -> BLOCK:earth-likely
[veto] b29/ch56 Y2:616819Hz E=1.10 S=0.00 net=+1.10 -> BLOCK:earth-likely
[veto] b29/ch57 -:0Hz E=0.80 S=0.00 net=+0.80 -> BLOCK:earth-likely
[veto] b29/ch58 -:0Hz E=0.80 S=0.00 net=+0.80 -> BLOCK:earth-likely
[veto] b29/ch59 -:0Hz E=0.80 S=0.00 net=+0.80 -> BLOCK:earth-likely
[veto] b29/ch60 -:0Hz E=0.80 S=0.00 net=+0.80 -> BLOCK:earth-likely
[veto] b29/ch61 -:0Hz E=0.80 S=0.00 net=+0.80 -> BLOCK:earth-likely
[veto] b29/ch62 -:0Hz E=0.80 S=0.00 net=+0.80 -> BLOCK:earth-likely
[veto] b29/ch63 -:0Hz E=0.80 S=0.00 net=+0.80 -> BLOCK:earth-likely
[veto] b30/ch53 Y2:1191974Hz E=0.85 S=0.00 net=+0.85 -> BLOCK:earth-likely
[veto] b30/ch55 Y4:1040608Hz E=1.10 S=0.00 net=+1.10 -> BLOCK:earth-likely
[veto] b30/ch56 Y4:793219Hz E=1.10 S=0.00 net=+1.10 -> BLOCK:earth-likely
[veto] b30/ch57 -:0Hz E=0.80 S=0.00 net=+0.80 -> BLOCK:earth-likely
[veto] b30/ch58 -:0Hz E=0.80 S=0.00 net=+0.80 -> BLOCK:earth-likely
[veto] b30/ch59 -:0Hz E=0.80 S=0.00 net=+0.80 -> BLOCK:earth-likely
[veto] b30/ch60 -:0Hz E=0.80 S=0.00 net=+0.80 -> BLOCK:earth-likely
[veto] b30/ch61 -:0Hz E=0.80 S=0.00 net=+0.80 -> BLOCK:earth-likely
[veto] b30/ch62 -:0Hz E=0.80 S=0.00 net=+0.80 -> BLOCK:earth-likely
[veto] b30/ch63 -:0Hz E=0.80 S=0.00 net=+0.80 -> BLOCK:earth-likely
[veto] b31/ch53 Y2:549763Hz E=0.85 S=0.00 net=+0.85 -> BLOCK:earth-likely
[veto] b31/ch54 Y4:1228631Hz E=1.10 S=0.00 net=+1.10 -> BLOCK:earth-likely
[veto] b31/ch55 Y2:558436Hz E=1.10 S=0.00 net=+1.10 -> BLOCK:earth-likely
[veto] b31/ch56 Y4:1273781Hz E=1.10 S=0.00 net=+1.10 -> BLOCK:earth-likely
[veto] b31/ch57 -:0Hz E=0.80 S=0.00 net=+0.80 -> BLOCK:earth-likely
[veto] b31/ch58 -:0Hz E=0.80 S=0.00 net=+0.80 -> BLOCK:earth-likely
[veto] b31/ch59 -:0Hz E=0.80 S=0.00 net=+0.80 -> BLOCK:earth-likely
[veto] b31/ch60 -:0Hz E=0.80 S=0.00 net=+0.80 -> BLOCK:earth-likely
[veto] b31/ch61 -:0Hz E=0.80 S=0.00 net=+0.80 -> BLOCK:earth-likely
[veto] b31/ch62 -:0Hz E=0.80 S=0.00 net=+0.80 -> BLOCK:earth-likely
[veto] b31/ch63 -:0Hz E=0.80 S=0.00 net=+0.80 -> BLOCK:earth-likely
[veto] b32/ch53 Y4:703275Hz E=1.10 S=0.00 net=+1.10 -> BLOCK:earth-likely
[veto] b32/ch55 Y2:1300067Hz E=1.10 S=0.00 net=+1.10 -> BLOCK:earth-likely
[veto] b32/ch56 Y2:579268Hz E=1.10 S=0.00 net=+1.10 -> BLOCK:earth-likely
[veto] b32/ch57 -:0Hz E=0.80 S=0.00 net=+0.80 -> BLOCK:earth-likely
[veto] b32/ch58 -:0Hz E=0.80 S=0.00 net=+0.80 -> BLOCK:earth-likely
[veto] b32/ch59 -:0Hz E=0.80 S=0.00 net=+0.80 -> BLOCK:earth-likely
[veto] b32/ch60 -:0Hz E=0.80 S=0.00 net=+0.80 -> BLOCK:earth-likely
[veto] b32/ch61 -:0Hz E=0.80 S=0.00 net=+0.80 -> BLOCK:earth-likely
[veto] b32/ch62 -:0Hz E=0.80 S=0.00 net=+0.80 -> BLOCK:earth-likely
[veto] b32/ch63 -:0Hz E=0.80 S=0.00 net=+0.80 -> BLOCK:earth-likely
[veto] b33/ch53 Y2:74744Hz E=0.90 S=0.00 net=+0.90 -> BLOCK:earth-likely
[veto] b33/ch55 Y2:799119Hz E=1.10 S=0.00 net=+1.10 -> BLOCK:earth-likely
[veto] b33/ch56 Y4:1149416Hz E=1.10 S=0.00 net=+1.10 -> BLOCK:earth-likely
[veto] b33/ch57 -:0Hz E=0.80 S=0.00 net=+0.80 -> BLOCK:earth-likely
[veto] b33/ch58 -:0Hz E=0.80 S=0.00 net=+0.80 -> BLOCK:earth-likely
[veto] b33/ch59 -:0Hz E=0.80 S=0.00 net=+0.80 -> BLOCK:earth-likely
[veto] b33/ch60 -:0Hz E=0.80 S=0.00 net=+0.80 -> BLOCK:earth-likely
[veto] b33/ch61 -:0Hz E=0.80 S=0.00 net=+0.80 -> BLOCK:earth-likely
[veto] b33/ch62 -:0Hz E=0.80 S=0.00 net=+0.80 -> BLOCK:earth-likely
[veto] b33/ch63 -:0Hz E=0.80 S=0.00 net=+0.80 -> BLOCK:earth-likely
[veto] b34/ch15 Y4:752896Hz E=0.85 S=0.00 net=+0.85 -> BLOCK:earth-likely
[veto] b34/ch55 Y4:1057863Hz E=1.10 S=0.00 net=+1.10 -> BLOCK:earth-likely
[veto] b34/ch56 Y2:738233Hz E=1.10 S=0.00 net=+1.10 -> BLOCK:earth-likely
[veto] b34/ch57 -:0Hz E=0.80 S=0.00 net=+0.80 -> BLOCK:earth-likely
[veto] b34/ch58 -:0Hz E=0.80 S=0.00 net=+0.80 -> BLOCK:earth-likely
[veto] b34/ch59 -:0Hz E=0.80 S=0.00 net=+0.80 -> BLOCK:earth-likely
[veto] b34/ch60 -:0Hz E=0.80 S=0.00 net=+0.80 -> BLOCK:earth-likely
[veto] b34/ch61 -:0Hz E=0.80 S=0.00 net=+0.80 -> BLOCK:earth-likely
[veto] b34/ch62 -:0Hz E=0.80 S=0.00 net=+0.80 -> BLOCK:earth-likely
[veto] b34/ch63 -:0Hz E=0.80 S=0.00 net=+0.80 -> BLOCK:earth-likely
[veto] b35/ch3 Y2:827283Hz E=0.85 S=0.00 net=+0.85 -> BLOCK:earth-likely
[veto] b35/ch52 Y4:610650Hz E=1.10 S=0.00 net=+1.10 -> BLOCK:earth-likely
[veto] b35/ch55 Y2:17434Hz E=0.65 S=0.00 net=+0.65 -> BLOCK:earth-likely
[veto] b35/ch56 Y2:1120627Hz E=1.10 S=0.00 net=+1.10 -> BLOCK:earth-likely
[veto] b35/ch57 -:0Hz E=0.80 S=0.00 net=+0.80 -> BLOCK:earth-likely
[veto] b35/ch58 -:0Hz E=0.80 S=0.00 net=+0.80 -> BLOCK:earth-likely
[veto] b35/ch59 -:0Hz E=0.80 S=0.00 net=+0.80 -> BLOCK:earth-likely
[veto] b35/ch60 -:0Hz E=0.80 S=0.00 net=+0.80 -> BLOCK:earth-likely
[veto] b35/ch61 -:0Hz E=0.80 S=0.00 net=+0.80 -> BLOCK:earth-likely
[veto] b35/ch62 -:0Hz E=0.80 S=0.00 net=+0.80 -> BLOCK:earth-likely
[veto] b35/ch63 -:0Hz E=0.80 S=0.00 net=+0.80 -> BLOCK:earth-likely
[veto] b36/ch20 Y4:897735Hz E=0.85 S=0.00 net=+0.85 -> BLOCK:earth-likely
[veto] b36/ch55 Y4:886649Hz E=1.10 S=0.00 net=+1.10 -> BLOCK:earth-likely
[veto] b36/ch56 Y4:451684Hz E=0.85 S=0.00 net=+0.85 -> BLOCK:earth-likely
[veto] b36/ch57 -:0Hz E=0.80 S=0.00 net=+0.80 -> BLOCK:earth-likely
[veto] b36/ch58 -:0Hz E=0.80 S=0.00 net=+0.80 -> BLOCK:earth-likely
[veto] b36/ch59 -:0Hz E=0.80 S=0.00 net=+0.80 -> BLOCK:earth-likely
[veto] b36/ch60 -:0Hz E=0.80 S=0.00 net=+0.80 -> BLOCK:earth-likely
[veto] b36/ch61 -:0Hz E=0.80 S=0.00 net=+0.80 -> BLOCK:earth-likely
[veto] b36/ch62 -:0Hz E=0.80 S=0.00 net=+0.80 -> BLOCK:earth-likely
[veto] b36/ch63 -:0Hz E=0.80 S=0.00 net=+0.80 -> BLOCK:earth-likely
[veto] b37/ch55 Y4:804305Hz E=1.10 S=0.00 net=+1.10 -> BLOCK:earth-likely
[veto] b37/ch56 Y4:1170158Hz E=1.10 S=0.00 net=+1.10 -> BLOCK:earth-likely
[veto] b37/ch57 -:0Hz E=0.80 S=0.00 net=+0.80 -> BLOCK:earth-likely
[veto] b37/ch58 -:0Hz E=0.80 S=0.00 net=+0.80 -> BLOCK:earth-likely
[veto] b37/ch59 -:0Hz E=0.80 S=0.00 net=+0.80 -> BLOCK:earth-likely
[veto] b37/ch60 -:0Hz E=0.80 S=0.00 net=+0.80 -> BLOCK:earth-likely
[veto] b37/ch61 -:0Hz E=0.80 S=0.00 net=+0.80 -> BLOCK:earth-likely
[veto] b37/ch62 -:0Hz E=0.80 S=0.00 net=+0.80 -> BLOCK:earth-likely
[veto] b37/ch63 -:0Hz E=0.80 S=0.00 net=+0.80 -> BLOCK:earth-likely
[veto] b38/ch55 Y4:602514Hz E=1.10 S=0.00 net=+1.10 -> BLOCK:earth-likely
[veto] b38/ch56 Y2:208229Hz E=0.85 S=0.00 net=+0.85 -> BLOCK:earth-likely
[veto] b38/ch57 -:0Hz E=0.80 S=0.00 net=+0.80 -> BLOCK:earth-likely
[veto] b38/ch58 -:0Hz E=0.80 S=0.00 net=+0.80 -> BLOCK:earth-likely
[veto] b38/ch59 -:0Hz E=0.80 S=0.00 net=+0.80 -> BLOCK:earth-likely
[veto] b38/ch60 -:0Hz E=0.80 S=0.00 net=+0.80 -> BLOCK:earth-likely
[veto] b38/ch61 -:0Hz E=0.80 S=0.00 net=+0.80 -> BLOCK:earth-likely
[veto] b38/ch62 -:0Hz E=0.80 S=0.00 net=+0.80 -> BLOCK:earth-likely
[veto] b38/ch63 -:0Hz E=0.80 S=0.00 net=+0.80 -> BLOCK:earth-likely
[veto] b39/ch52 Y4:965595Hz E=0.85 S=0.00 net=+0.85 -> BLOCK:earth-likely
[veto] b39/ch54 Y4:1355410Hz E=1.10 S=0.00 net=+1.10 -> BLOCK:earth-likely
[veto] b39/ch55 Y4:1059741Hz E=1.10 S=0.00 net=+1.10 -> BLOCK:earth-likely
[veto] b39/ch56 Y4:1145571Hz E=1.10 S=0.00 net=+1.10 -> BLOCK:earth-likely
[veto] b39/ch57 -:0Hz E=0.80 S=0.00 net=+0.80 -> BLOCK:earth-likely
[veto] b39/ch58 -:0Hz E=0.80 S=0.00 net=+0.80 -> BLOCK:earth-likely
[veto] b39/ch59 -:0Hz E=0.80 S=0.00 net=+0.80 -> BLOCK:earth-likely
[veto] b39/ch60 -:0Hz E=0.80 S=0.00 net=+0.80 -> BLOCK:earth-likely
[veto] b39/ch61 -:0Hz E=0.80 S=0.00 net=+0.80 -> BLOCK:earth-likely
[veto] b39/ch62 -:0Hz E=0.80 S=0.00 net=+0.80 -> BLOCK:earth-likely
[veto] b39/ch63 -:0Hz E=0.80 S=0.00 net=+0.80 -> BLOCK:earth-likely
[veto] b40/ch54 Y4:997245Hz E=1.10 S=0.00 net=+1.10 -> BLOCK:earth-likely
[veto] b40/ch55 Y2:798047Hz E=1.10 S=0.00 net=+1.10 -> BLOCK:earth-likely
[veto] b40/ch56 Y4:687897Hz E=1.10 S=0.00 net=+1.10 -> BLOCK:earth-likely
[veto] b40/ch57 -:0Hz E=0.80 S=0.00 net=+0.80 -> BLOCK:earth-likely
[veto] b40/ch58 -:0Hz E=0.80 S=0.00 net=+0.80 -> BLOCK:earth-likely
[veto] b40/ch59 -:0Hz E=0.80 S=0.00 net=+0.80 -> BLOCK:earth-likely
[veto] b40/ch60 -:0Hz E=0.80 S=0.00 net=+0.80 -> BLOCK:earth-likely
[veto] b40/ch61 -:0Hz E=0.80 S=0.00 net=+0.80 -> BLOCK:earth-likely
[veto] b40/ch62 -:0Hz E=0.80 S=0.00 net=+0.80 -> BLOCK:earth-likely
[veto] b40/ch63 -:0Hz E=0.80 S=0.00 net=+0.80 -> BLOCK:earth-likely
[veto] b41/ch53 Y2:589281Hz E=0.85 S=0.00 net=+0.85 -> BLOCK:earth-likely
[veto] b41/ch54 Y4:117123Hz E=1.10 S=0.00 net=+1.10 -> BLOCK:earth-likely
[veto] b41/ch55 Y4:11355Hz E=0.90 S=0.00 net=+0.90 -> BLOCK:earth-likely
[veto] b41/ch56 Y4:575691Hz E=1.10 S=0.00 net=+1.10 -> BLOCK:earth-likely
[veto] b41/ch57 -:0Hz E=0.80 S=0.00 net=+0.80 -> BLOCK:earth-likely
[veto] b41/ch58 -:0Hz E=0.80 S=0.00 net=+0.80 -> BLOCK:earth-likely
[veto] b41/ch59 -:0Hz E=0.80 S=0.00 net=+0.80 -> BLOCK:earth-likely
[veto] b41/ch60 -:0Hz E=0.80 S=0.00 net=+0.80 -> BLOCK:earth-likely
[veto] b41/ch61 -:0Hz E=0.80 S=0.00 net=+0.80 -> BLOCK:earth-likely
[veto] b41/ch62 -:0Hz E=0.80 S=0.00 net=+0.80 -> BLOCK:earth-likely
[veto] b41/ch63 -:0Hz E=0.80 S=0.00 net=+0.80 -> BLOCK:earth-likely
[veto] b42/ch54 Y4:527322Hz E=1.10 S=0.00 net=+1.10 -> BLOCK:earth-likely
[veto] b42/ch55 Y2:991255Hz E=0.85 S=0.00 net=+0.85 -> BLOCK:earth-likely
[veto] b42/ch56 Y4:1122952Hz E=1.10 S=0.00 net=+1.10 -> BLOCK:earth-likely
[veto] b42/ch57 -:0Hz E=0.80 S=0.00 net=+0.80 -> BLOCK:earth-likely
[veto] b42/ch58 -:0Hz E=0.80 S=0.00 net=+0.80 -> BLOCK:earth-likely
[veto] b42/ch59 -:0Hz E=0.80 S=0.00 net=+0.80 -> BLOCK:earth-likely
[veto] b42/ch60 -:0Hz E=0.80 S=0.00 net=+0.80 -> BLOCK:earth-likely
[veto] b42/ch61 -:0Hz E=0.80 S=0.00 net=+0.80 -> BLOCK:earth-likely
[veto] b42/ch62 -:0Hz E=0.80 S=0.00 net=+0.80 -> BLOCK:earth-likely
[veto] b42/ch63 -:0Hz E=0.80 S=0.00 net=+0.80 -> BLOCK:earth-likely
[veto] b43/ch54 Y2:1023084Hz E=1.10 S=0.00 net=+1.10 -> BLOCK:earth-likely
[veto] b43/ch55 Y2:935644Hz E=1.10 S=0.00 net=+1.10 -> BLOCK:earth-likely
[veto] b43/ch56 Y2:583649Hz E=1.10 S=0.00 net=+1.10 -> BLOCK:earth-likely
[veto] b43/ch57 -:0Hz E=0.80 S=0.00 net=+0.80 -> BLOCK:earth-likely
[veto] b43/ch58 -:0Hz E=0.80 S=0.00 net=+0.80 -> BLOCK:earth-likely
[veto] b43/ch59 -:0Hz E=0.80 S=0.00 net=+0.80 -> BLOCK:earth-likely
[veto] b43/ch60 -:0Hz E=0.80 S=0.00 net=+0.80 -> BLOCK:earth-likely
[veto] b43/ch61 -:0Hz E=0.80 S=0.00 net=+0.80 -> BLOCK:earth-likely
[veto] b43/ch62 -:0Hz E=0.80 S=0.00 net=+0.80 -> BLOCK:earth-likely
[veto] b43/ch63 -:0Hz E=0.80 S=0.00 net=+0.80 -> BLOCK:earth-likely
[veto] b44/ch55 Y2:333935Hz E=1.10 S=0.00 net=+1.10 -> BLOCK:earth-likely
[veto] b44/ch56 Y4:1274139Hz E=1.10 S=0.00 net=+1.10 -> BLOCK:earth-likely
[veto] b44/ch57 -:0Hz E=0.80 S=0.00 net=+0.80 -> BLOCK:earth-likely
[veto] b44/ch58 -:0Hz E=0.80 S=0.00 net=+0.80 -> BLOCK:earth-likely
[veto] b44/ch59 -:0Hz E=0.80 S=0.00 net=+0.80 -> BLOCK:earth-likely
[veto] b44/ch60 -:0Hz E=0.80 S=0.00 net=+0.80 -> BLOCK:earth-likely
[veto] b44/ch61 -:0Hz E=0.80 S=0.00 net=+0.80 -> BLOCK:earth-likely
[veto] b44/ch62 -:0Hz E=0.80 S=0.00 net=+0.80 -> BLOCK:earth-likely
[veto] b44/ch63 -:0Hz E=0.80 S=0.00 net=+0.80 -> BLOCK:earth-likely
[veto] b45/ch53 Y4:1433194Hz E=0.85 S=0.00 net=+0.85 -> BLOCK:earth-likely
[veto] b45/ch54 Y2:354946Hz E=0.85 S=0.00 net=+0.85 -> BLOCK:earth-likely
[veto] b45/ch55 Y2:905335Hz E=1.10 S=0.00 net=+1.10 -> BLOCK:earth-likely
[veto] b45/ch56 Y4:504881Hz E=1.10 S=0.00 net=+1.10 -> BLOCK:earth-likely
[veto] b45/ch57 -:0Hz E=0.80 S=0.00 net=+0.80 -> BLOCK:earth-likely
[veto] b45/ch58 -:0Hz E=0.80 S=0.00 net=+0.80 -> BLOCK:earth-likely
[veto] b45/ch59 -:0Hz E=0.80 S=0.00 net=+0.80 -> BLOCK:earth-likely
[veto] b45/ch60 -:0Hz E=0.80 S=0.00 net=+0.80 -> BLOCK:earth-likely
[veto] b45/ch61 -:0Hz E=0.80 S=0.00 net=+0.80 -> BLOCK:earth-likely
[veto] b45/ch62 -:0Hz E=0.80 S=0.00 net=+0.80 -> BLOCK:earth-likely
[veto] b45/ch63 -:0Hz E=0.80 S=0.00 net=+0.80 -> BLOCK:earth-likely
[veto] b46/ch35 Y4:1078069Hz E=0.85 S=0.00 net=+0.85 -> BLOCK:earth-likely
[veto] b46/ch53 Y2:923395Hz E=0.85 S=0.00 net=+0.85 -> BLOCK:earth-likely
[veto] b46/ch54 Y4:998855Hz E=1.10 S=0.00 net=+1.10 -> BLOCK:earth-likely
[veto] b46/ch55 Y2:201166Hz E=1.10 S=0.00 net=+1.10 -> BLOCK:earth-likely
[veto] b46/ch56 Y4:595361Hz E=1.10 S=0.00 net=+1.10 -> BLOCK:earth-likely
[veto] b46/ch57 -:0Hz E=0.80 S=0.00 net=+0.80 -> BLOCK:earth-likely
[veto] b46/ch58 -:0Hz E=0.80 S=0.00 net=+0.80 -> BLOCK:earth-likely
[veto] b46/ch59 -:0Hz E=0.80 S=0.00 net=+0.80 -> BLOCK:earth-likely
[veto] b46/ch60 -:0Hz E=0.80 S=0.00 net=+0.80 -> BLOCK:earth-likely
[veto] b46/ch61 -:0Hz E=0.80 S=0.00 net=+0.80 -> BLOCK:earth-likely
[veto] b46/ch62 -:0Hz E=0.80 S=0.00 net=+0.80 -> BLOCK:earth-likely
[veto] b46/ch63 -:0Hz E=0.80 S=0.00 net=+0.80 -> BLOCK:earth-likely
[veto] b47/ch53 Y2:1318395Hz E=0.85 S=0.00 net=+0.85 -> BLOCK:earth-likely
[veto] b47/ch54 Y4:100583Hz E=0.85 S=0.00 net=+0.85 -> BLOCK:earth-likely
[veto] b47/ch55 Y2:492096Hz E=1.10 S=0.00 net=+1.10 -> BLOCK:earth-likely
[veto] b47/ch56 Y2:182122Hz E=0.85 S=0.00 net=+0.85 -> BLOCK:earth-likely
[veto] b47/ch57 -:0Hz E=0.80 S=0.00 net=+0.80 -> BLOCK:earth-likely
[veto] b47/ch58 -:0Hz E=0.80 S=0.00 net=+0.80 -> BLOCK:earth-likely
[veto] b47/ch59 -:0Hz E=0.80 S=0.00 net=+0.80 -> BLOCK:earth-likely
[veto] b47/ch60 -:0Hz E=0.80 S=0.00 net=+0.80 -> BLOCK:earth-likely
[veto] b47/ch61 -:0Hz E=0.80 S=0.00 net=+0.80 -> BLOCK:earth-likely
[veto] b47/ch62 -:0Hz E=0.80 S=0.00 net=+0.80 -> BLOCK:earth-likely
[veto] b47/ch63 -:0Hz E=0.80 S=0.00 net=+0.80 -> BLOCK:earth-likely
[veto] b48/ch53 Y4:1024336Hz E=0.85 S=0.00 net=+0.85 -> BLOCK:earth-likely
[veto] b48/ch55 Y2:114083Hz E=1.10 S=0.00 net=+1.10 -> BLOCK:earth-likely
[veto] b48/ch56 Y4:505060Hz E=1.10 S=0.00 net=+1.10 -> BLOCK:earth-likely
[veto] b48/ch57 -:0Hz E=0.80 S=0.00 net=+0.80 -> BLOCK:earth-likely
[veto] b48/ch58 -:0Hz E=0.80 S=0.00 net=+0.80 -> BLOCK:earth-likely
[veto] b48/ch59 -:0Hz E=0.80 S=0.00 net=+0.80 -> BLOCK:earth-likely
[veto] b48/ch60 -:0Hz E=0.80 S=0.00 net=+0.80 -> BLOCK:earth-likely
[veto] b48/ch61 -:0Hz E=0.80 S=0.00 net=+0.80 -> BLOCK:earth-likely
[veto] b48/ch62 -:0Hz E=0.80 S=0.00 net=+0.80 -> BLOCK:earth-likely
[veto] b48/ch63 -:0Hz E=0.80 S=0.00 net=+0.80 -> BLOCK:earth-likely
[veto] b49/ch55 Y4:441134Hz E=1.10 S=0.00 net=+1.10 -> BLOCK:earth-likely
[veto] b49/ch56 Y4:401706Hz E=1.10 S=0.00 net=+1.10 -> BLOCK:earth-likely
[veto] b49/ch57 -:0Hz E=0.80 S=0.00 net=+0.80 -> BLOCK:earth-likely
[veto] b49/ch58 -:0Hz E=0.80 S=0.00 net=+0.80 -> BLOCK:earth-likely
[veto] b49/ch59 -:0Hz E=0.80 S=0.00 net=+0.80 -> BLOCK:earth-likely
[veto] b49/ch60 -:0Hz E=0.80 S=0.00 net=+0.80 -> BLOCK:earth-likely
[veto] b49/ch61 -:0Hz E=0.80 S=0.00 net=+0.80 -> BLOCK:earth-likely
[veto] b49/ch62 -:0Hz E=0.80 S=0.00 net=+0.80 -> BLOCK:earth-likely
[veto] b49/ch63 -:0Hz E=0.80 S=0.00 net=+0.80 -> BLOCK:earth-likely
[veto] b50/ch36 Y4:490040Hz E=0.85 S=0.00 net=+0.85 -> BLOCK:earth-likely
[veto] b50/ch55 Y2:471979Hz E=0.85 S=0.00 net=+0.85 -> BLOCK:earth-likely
[veto] b50/ch56 Y4:1382411Hz E=1.10 S=0.00 net=+1.10 -> BLOCK:earth-likely
[veto] b50/ch57 -:0Hz E=0.80 S=0.00 net=+0.80 -> BLOCK:earth-likely
[veto] b50/ch58 -:0Hz E=0.80 S=0.00 net=+0.80 -> BLOCK:earth-likely
[veto] b50/ch59 -:0Hz E=0.80 S=0.00 net=+0.80 -> BLOCK:earth-likely
[veto] b50/ch60 -:0Hz E=0.80 S=0.00 net=+0.80 -> BLOCK:earth-likely
[veto] b50/ch61 -:0Hz E=0.80 S=0.00 net=+0.80 -> BLOCK:earth-likely
[veto] b50/ch62 -:0Hz E=0.80 S=0.00 net=+0.80 -> BLOCK:earth-likely
[veto] b50/ch63 -:0Hz E=0.80 S=0.00 net=+0.80 -> BLOCK:earth-likely
[veto] b51/ch53 Y2:717580Hz E=1.10 S=0.00 net=+1.10 -> BLOCK:earth-likely
[veto] b51/ch54 Y2:232637Hz E=1.10 S=0.00 net=+1.10 -> BLOCK:earth-likely
[veto] b51/ch55 Y2:684589Hz E=1.10 S=0.00 net=+1.10 -> BLOCK:earth-likely
[veto] b51/ch56 Y4:999302Hz E=1.10 S=0.00 net=+1.10 -> BLOCK:earth-likely
[veto] b51/ch57 -:0Hz E=0.80 S=0.00 net=+0.80 -> BLOCK:earth-likely
[veto] b51/ch58 -:0Hz E=0.80 S=0.00 net=+0.80 -> BLOCK:earth-likely
[veto] b51/ch59 -:0Hz E=0.80 S=0.00 net=+0.80 -> BLOCK:earth-likely
[veto] b51/ch60 -:0Hz E=0.80 S=0.00 net=+0.80 -> BLOCK:earth-likely
[veto] b51/ch61 -:0Hz E=0.80 S=0.00 net=+0.80 -> BLOCK:earth-likely
[veto] b51/ch62 -:0Hz E=0.80 S=0.00 net=+0.80 -> BLOCK:earth-likely
[veto] b51/ch63 -:0Hz E=0.80 S=0.00 net=+0.80 -> BLOCK:earth-likely
[veto] b52/ch55 Y2:490755Hz E=0.85 S=0.00 net=+0.85 -> BLOCK:earth-likely
[veto] b52/ch56 Y2:978827Hz E=1.10 S=0.00 net=+1.10 -> BLOCK:earth-likely
[veto] b52/ch57 -:0Hz E=0.80 S=0.00 net=+0.80 -> BLOCK:earth-likely
[veto] b52/ch58 -:0Hz E=0.80 S=0.00 net=+0.80 -> BLOCK:earth-likely
[veto] b52/ch59 -:0Hz E=0.80 S=0.00 net=+0.80 -> BLOCK:earth-likely
[veto] b52/ch60 -:0Hz E=0.80 S=0.00 net=+0.80 -> BLOCK:earth-likely
[veto] b52/ch61 -:0Hz E=0.80 S=0.00 net=+0.80 -> BLOCK:earth-likely
[veto] b52/ch62 -:0Hz E=0.80 S=0.00 net=+0.80 -> BLOCK:earth-likely
[veto] b52/ch63 -:0Hz E=0.80 S=0.00 net=+0.80 -> BLOCK:earth-likely
[veto] b53/ch53 Y2:816196Hz E=0.85 S=0.00 net=+0.85 -> BLOCK:earth-likely
[veto] b53/ch54 Y4:897557Hz E=1.10 S=0.00 net=+1.10 -> BLOCK:earth-likely
[veto] b53/ch55 Y2:1352638Hz E=1.10 S=0.00 net=+1.10 -> BLOCK:earth-likely
[veto] b53/ch56 Y4:742882Hz E=1.10 S=0.00 net=+1.10 -> BLOCK:earth-likely
[veto] b53/ch57 -:0Hz E=0.80 S=0.00 net=+0.80 -> BLOCK:earth-likely
[veto] b53/ch58 -:0Hz E=0.80 S=0.00 net=+0.80 -> BLOCK:earth-likely
[veto] b53/ch59 -:0Hz E=0.80 S=0.00 net=+0.80 -> BLOCK:earth-likely
[veto] b53/ch60 -:0Hz E=0.80 S=0.00 net=+0.80 -> BLOCK:earth-likely
[veto] b53/ch61 -:0Hz E=0.80 S=0.00 net=+0.80 -> BLOCK:earth-likely
[veto] b53/ch62 -:0Hz E=0.80 S=0.00 net=+0.80 -> BLOCK:earth-likely
[veto] b53/ch63 -:0Hz E=0.80 S=0.00 net=+0.80 -> BLOCK:earth-likely
[veto] b54/ch55 Y2:1276463Hz E=1.10 S=0.00 net=+1.10 -> BLOCK:earth-likely
[veto] b54/ch56 Y4:830054Hz E=1.10 S=0.00 net=+1.10 -> BLOCK:earth-likely
[veto] b54/ch57 -:0Hz E=0.80 S=0.00 net=+0.80 -> BLOCK:earth-likely
[veto] b54/ch58 -:0Hz E=0.80 S=0.00 net=+0.80 -> BLOCK:earth-likely
[veto] b54/ch59 -:0Hz E=0.80 S=0.00 net=+0.80 -> BLOCK:earth-likely
[veto] b54/ch60 -:0Hz E=0.80 S=0.00 net=+0.80 -> BLOCK:earth-likely
[veto] b54/ch61 -:0Hz E=0.80 S=0.00 net=+0.80 -> BLOCK:earth-likely
[veto] b54/ch62 -:0Hz E=0.80 S=0.00 net=+0.80 -> BLOCK:earth-likely
[veto] b54/ch63 -:0Hz E=0.80 S=0.00 net=+0.80 -> BLOCK:earth-likely
[veto] b55/ch54 Y2:887722Hz E=1.10 S=0.00 net=+1.10 -> BLOCK:earth-likely
[veto] b55/ch55 Y4:215203Hz E=1.10 S=0.00 net=+1.10 -> BLOCK:earth-likely
[veto] b55/ch56 Y2:77248Hz E=0.65 S=0.00 net=+0.65 -> BLOCK:earth-likely
[veto] b55/ch57 -:0Hz E=0.80 S=0.00 net=+0.80 -> BLOCK:earth-likely
[veto] b55/ch58 -:0Hz E=0.80 S=0.00 net=+0.80 -> BLOCK:earth-likely
[veto] b55/ch59 -:0Hz E=0.80 S=0.00 net=+0.80 -> BLOCK:earth-likely
[veto] b55/ch60 -:0Hz E=0.80 S=0.00 net=+0.80 -> BLOCK:earth-likely
[veto] b55/ch61 -:0Hz E=0.80 S=0.00 net=+0.80 -> BLOCK:earth-likely
[veto] b55/ch62 -:0Hz E=0.80 S=0.00 net=+0.80 -> BLOCK:earth-likely
[veto] b55/ch63 -:0Hz E=0.80 S=0.00 net=+0.80 -> BLOCK:earth-likely
[veto] b56/ch54 Y2:542969Hz E=1.10 S=0.00 net=+1.10 -> BLOCK:earth-likely
[veto] b56/ch55 Y2:897467Hz E=1.10 S=0.00 net=+1.10 -> BLOCK:earth-likely
[veto] b56/ch56 Y2:1137793Hz E=1.10 S=0.00 net=+1.10 -> BLOCK:earth-likely
[veto] b56/ch57 -:0Hz E=0.80 S=0.00 net=+0.80 -> BLOCK:earth-likely
[veto] b56/ch58 -:0Hz E=0.80 S=0.00 net=+0.80 -> BLOCK:earth-likely
[veto] b56/ch59 -:0Hz E=0.80 S=0.00 net=+0.80 -> BLOCK:earth-likely
[veto] b56/ch60 -:0Hz E=0.80 S=0.00 net=+0.80 -> BLOCK:earth-likely
[veto] b56/ch61 -:0Hz E=0.80 S=0.00 net=+0.80 -> BLOCK:earth-likely
[veto] b56/ch62 -:0Hz E=0.80 S=0.00 net=+0.80 -> BLOCK:earth-likely
[veto] b56/ch63 -:0Hz E=0.80 S=0.00 net=+0.80 -> BLOCK:earth-likely
[veto] b57/ch55 Y4:395536Hz E=0.85 S=0.00 net=+0.85 -> BLOCK:earth-likely
[veto] b57/ch56 Y4:309080Hz E=0.85 S=0.00 net=+0.85 -> BLOCK:earth-likely
[veto] b57/ch57 -:0Hz E=0.80 S=0.00 net=+0.80 -> BLOCK:earth-likely
[veto] b57/ch58 -:0Hz E=0.80 S=0.00 net=+0.80 -> BLOCK:earth-likely
[veto] b57/ch59 -:0Hz E=0.80 S=0.00 net=+0.80 -> BLOCK:earth-likely
[veto] b57/ch60 -:0Hz E=0.80 S=0.00 net=+0.80 -> BLOCK:earth-likely
[veto] b57/ch61 -:0Hz E=0.80 S=0.00 net=+0.80 -> BLOCK:earth-likely
[veto] b57/ch62 -:0Hz E=0.80 S=0.00 net=+0.80 -> BLOCK:earth-likely
[veto] b57/ch63 -:0Hz E=0.80 S=0.00 net=+0.80 -> BLOCK:earth-likely
[veto] b58/ch40 Y4:961840Hz E=0.85 S=0.00 net=+0.85 -> BLOCK:earth-likely
[veto] b58/ch53 Y2:252485Hz E=1.10 S=0.00 net=+1.10 -> BLOCK:earth-likely
[veto] b58/ch55 Y4:59813Hz E=0.90 S=0.00 net=+0.90 -> BLOCK:earth-likely
[veto] b58/ch56 Y4:243187Hz E=1.10 S=0.00 net=+1.10 -> BLOCK:earth-likely
[veto] b58/ch57 -:0Hz E=0.80 S=0.00 net=+0.80 -> BLOCK:earth-likely
[veto] b58/ch58 -:0Hz E=0.80 S=0.00 net=+0.80 -> BLOCK:earth-likely
[veto] b58/ch59 -:0Hz E=0.80 S=0.00 net=+0.80 -> BLOCK:earth-likely
[veto] b58/ch60 -:0Hz E=0.80 S=0.00 net=+0.80 -> BLOCK:earth-likely
[veto] b58/ch61 -:0Hz E=0.80 S=0.00 net=+0.80 -> BLOCK:earth-likely
[veto] b58/ch62 -:0Hz E=0.80 S=0.00 net=+0.80 -> BLOCK:earth-likely
[veto] b58/ch63 -:0Hz E=0.80 S=0.00 net=+0.80 -> BLOCK:earth-likely
[veto] b59/ch54 Y4:641942Hz E=1.10 S=0.00 net=+1.10 -> BLOCK:earth-likely
[veto] b59/ch55 Y2:987411Hz E=0.85 S=0.00 net=+0.85 -> BLOCK:earth-likely
[veto] b59/ch56 Y2:578016Hz E=1.10 S=0.00 net=+1.10 -> BLOCK:earth-likely
[veto] b59/ch57 -:0Hz E=0.80 S=0.00 net=+0.80 -> BLOCK:earth-likely
[veto] b59/ch58 -:0Hz E=0.80 S=0.00 net=+0.80 -> BLOCK:earth-likely
[veto] b59/ch59 -:0Hz E=0.80 S=0.00 net=+0.80 -> BLOCK:earth-likely
[veto] b59/ch60 -:0Hz E=0.80 S=0.00 net=+0.80 -> BLOCK:earth-likely
[veto] b59/ch61 -:0Hz E=0.80 S=0.00 net=+0.80 -> BLOCK:earth-likely
[veto] b59/ch62 -:0Hz E=0.80 S=0.00 net=+0.80 -> BLOCK:earth-likely
[veto] b59/ch63 -:0Hz E=0.80 S=0.00 net=+0.80 -> BLOCK:earth-likely
[veto] b60/ch52 Y4:648022Hz E=0.85 S=0.00 net=+0.85 -> BLOCK:earth-likely
[veto] b60/ch54 Y4:568181Hz E=0.85 S=0.00 net=+0.85 -> BLOCK:earth-likely
[veto] b60/ch55 Y4:1063406Hz E=1.10 S=0.00 net=+1.10 -> BLOCK:earth-likely
[veto] b60/ch56 Y2:969350Hz E=1.10 S=0.00 net=+1.10 -> BLOCK:earth-likely
[veto] b60/ch57 -:0Hz E=0.80 S=0.00 net=+0.80 -> BLOCK:earth-likely
[veto] b60/ch58 -:0Hz E=0.80 S=0.00 net=+0.80 -> BLOCK:earth-likely
[veto] b60/ch59 -:0Hz E=0.80 S=0.00 net=+0.80 -> BLOCK:earth-likely
[veto] b60/ch60 -:0Hz E=0.80 S=0.00 net=+0.80 -> BLOCK:earth-likely
[veto] b60/ch61 -:0Hz E=0.80 S=0.00 net=+0.80 -> BLOCK:earth-likely
[veto] b60/ch62 -:0Hz E=0.80 S=0.00 net=+0.80 -> BLOCK:earth-likely
[veto] b60/ch63 -:0Hz E=0.80 S=0.00 net=+0.80 -> BLOCK:earth-likely
[veto] b61/ch53 Y2:497192Hz E=0.85 S=0.00 net=+0.85 -> BLOCK:earth-likely
[veto] b61/ch54 Y2:110239Hz E=0.85 S=0.00 net=+0.85 -> BLOCK:earth-likely
[veto] b61/ch55 Y2:560582Hz E=1.10 S=0.00 net=+1.10 -> BLOCK:earth-likely
[veto] b61/ch56 Y4:137597Hz E=0.85 S=0.00 net=+0.85 -> BLOCK:earth-likely
[veto] b61/ch57 -:0Hz E=0.80 S=0.00 net=+0.80 -> BLOCK:earth-likely
[veto] b61/ch58 -:0Hz E=0.80 S=0.00 net=+0.80 -> BLOCK:earth-likely
[veto] b61/ch59 -:0Hz E=0.80 S=0.00 net=+0.80 -> BLOCK:earth-likely
[veto] b61/ch60 -:0Hz E=0.80 S=0.00 net=+0.80 -> BLOCK:earth-likely
[veto] b61/ch61 -:0Hz E=0.80 S=0.00 net=+0.80 -> BLOCK:earth-likely
[veto] b61/ch62 -:0Hz E=0.80 S=0.00 net=+0.80 -> BLOCK:earth-likely
[veto] b61/ch63 -:0Hz E=0.80 S=0.00 net=+0.80 -> BLOCK:earth-likely
[veto] b62/ch54 Y2:664830Hz E=1.10 S=0.00 net=+1.10 -> BLOCK:earth-likely
[veto] b62/ch55 Y2:430316Hz E=1.10 S=0.00 net=+1.10 -> BLOCK:earth-likely
[veto] b62/ch56 Y4:304431Hz E=1.10 S=0.00 net=+1.10 -> BLOCK:earth-likely
[veto] b62/ch57 -:0Hz E=0.80 S=0.00 net=+0.80 -> BLOCK:earth-likely
[veto] b62/ch58 -:0Hz E=0.80 S=0.00 net=+0.80 -> BLOCK:earth-likely
[veto] b62/ch59 -:0Hz E=0.80 S=0.00 net=+0.80 -> BLOCK:earth-likely
[veto] b62/ch60 -:0Hz E=0.80 S=0.00 net=+0.80 -> BLOCK:earth-likely
[veto] b62/ch61 -:0Hz E=0.80 S=0.00 net=+0.80 -> BLOCK:earth-likely
[veto] b62/ch62 -:0Hz E=0.80 S=0.00 net=+0.80 -> BLOCK:earth-likely
[veto] b62/ch63 -:0Hz E=0.80 S=0.00 net=+0.80 -> BLOCK:earth-likely
[veto] b63/ch54 Y4:113189Hz E=1.10 S=0.00 net=+1.10 -> BLOCK:earth-likely
[veto] b63/ch55 Y4:454009Hz E=1.10 S=0.00 net=+1.10 -> BLOCK:earth-likely
[veto] b63/ch56 Y4:719011Hz E=1.10 S=0.00 net=+1.10 -> BLOCK:earth-likely
[veto] b63/ch57 -:0Hz E=0.80 S=0.00 net=+0.80 -> BLOCK:earth-likely
[veto] b63/ch58 -:0Hz E=0.80 S=0.00 net=+0.80 -> BLOCK:earth-likely
[veto] b63/ch59 -:0Hz E=0.80 S=0.00 net=+0.80 -> BLOCK:earth-likely
[veto] b63/ch60 -:0Hz E=0.80 S=0.00 net=+0.80 -> BLOCK:earth-likely
[veto] b63/ch61 -:0Hz E=0.80 S=0.00 net=+0.80 -> BLOCK:earth-likely
[veto] b63/ch62 -:0Hz E=0.80 S=0.00 net=+0.80 -> BLOCK:earth-likely
[veto] b63/ch63 -:0Hz E=0.80 S=0.00 net=+0.80 -> BLOCK:earth-likely
[veto] b64/ch53 Y4:1384914Hz E=1.10 S=0.00 net=+1.10 -> BLOCK:earth-likely
[veto] b64/ch54 Y4:272065Hz E=0.85 S=0.00 net=+0.85 -> BLOCK:earth-likely
[veto] b64/ch55 Y4:1347452Hz E=1.10 S=0.00 net=+1.10 -> BLOCK:earth-likely
[veto] b64/ch56 Y4:968099Hz E=1.10 S=0.00 net=+1.10 -> BLOCK:earth-likely
[veto] b64/ch57 -:0Hz E=0.80 S=0.00 net=+0.80 -> BLOCK:earth-likely
[veto] b64/ch58 -:0Hz E=0.80 S=0.00 net=+0.80 -> BLOCK:earth-likely
[veto] b64/ch59 -:0Hz E=0.80 S=0.00 net=+0.80 -> BLOCK:earth-likely
[veto] b64/ch60 -:0Hz E=0.80 S=0.00 net=+0.80 -> BLOCK:earth-likely
[veto] b64/ch61 -:0Hz E=0.80 S=0.00 net=+0.80 -> BLOCK:earth-likely
[veto] b64/ch62 -:0Hz E=0.80 S=0.00 net=+0.80 -> BLOCK:earth-likely
[veto] b64/ch63 -:0Hz E=0.80 S=0.00 net=+0.80 -> BLOCK:earth-likely
[veto] b65/ch55 Y4:1396179Hz E=1.10 S=0.00 net=+1.10 -> BLOCK:earth-likely
[veto] b65/ch56 Y4:1186162Hz E=1.10 S=0.00 net=+1.10 -> BLOCK:earth-likely
[veto] b65/ch57 -:0Hz E=0.80 S=0.00 net=+0.80 -> BLOCK:earth-likely
[veto] b65/ch58 -:0Hz E=0.80 S=0.00 net=+0.80 -> BLOCK:earth-likely
[veto] b65/ch59 -:0Hz E=0.80 S=0.00 net=+0.80 -> BLOCK:earth-likely
[veto] b65/ch60 -:0Hz E=0.80 S=0.00 net=+0.80 -> BLOCK:earth-likely
[veto] b65/ch61 -:0Hz E=0.80 S=0.00 net=+0.80 -> BLOCK:earth-likely
[veto] b65/ch62 -:0Hz E=0.80 S=0.00 net=+0.80 -> BLOCK:earth-likely
[veto] b65/ch63 -:0Hz E=0.80 S=0.00 net=+0.80 -> BLOCK:earth-likely
[veto] b66/ch54 Y4:185609Hz E=0.85 S=0.00 net=+0.85 -> BLOCK:earth-likely
[veto] b66/ch56 Y4:732780Hz E=1.10 S=0.00 net=+1.10 -> BLOCK:earth-likely
[veto] b66/ch57 -:0Hz E=0.80 S=0.00 net=+0.80 -> BLOCK:earth-likely
[veto] b66/ch58 -:0Hz E=0.80 S=0.00 net=+0.80 -> BLOCK:earth-likely
[veto] b66/ch59 -:0Hz E=0.80 S=0.00 net=+0.80 -> BLOCK:earth-likely
[veto] b66/ch60 -:0Hz E=0.80 S=0.00 net=+0.80 -> BLOCK:earth-likely
[veto] b66/ch61 -:0Hz E=0.80 S=0.00 net=+0.80 -> BLOCK:earth-likely
[veto] b66/ch62 -:0Hz E=0.80 S=0.00 net=+0.80 -> BLOCK:earth-likely
[veto] b66/ch63 -:0Hz E=0.80 S=0.00 net=+0.80 -> BLOCK:earth-likely
[veto] b67/ch53 Y2:1106769Hz E=1.10 S=0.00 net=+1.10 -> BLOCK:earth-likely
[veto] b67/ch56 Y4:531882Hz E=0.85 S=0.00 net=+0.85 -> BLOCK:earth-likely
[veto] b67/ch57 -:0Hz E=0.80 S=0.00 net=+0.80 -> BLOCK:earth-likely
[veto] b67/ch58 -:0Hz E=0.80 S=0.00 net=+0.80 -> BLOCK:earth-likely
[veto] b67/ch59 -:0Hz E=0.80 S=0.00 net=+0.80 -> BLOCK:earth-likely
[veto] b67/ch60 -:0Hz E=0.80 S=0.00 net=+0.80 -> BLOCK:earth-likely
[veto] b67/ch61 -:0Hz E=0.80 S=0.00 net=+0.80 -> BLOCK:earth-likely
[veto] b67/ch62 -:0Hz E=0.80 S=0.00 net=+0.80 -> BLOCK:earth-likely
[veto] b67/ch63 -:0Hz E=0.80 S=0.00 net=+0.80 -> BLOCK:earth-likely
[veto] b68/ch54 Y4:635147Hz E=0.85 S=0.00 net=+0.85 -> BLOCK:earth-likely
[veto] b68/ch56 Y4:240326Hz E=1.10 S=0.00 net=+1.10 -> BLOCK:earth-likely
[veto] b68/ch57 -:0Hz E=0.80 S=0.00 net=+0.80 -> BLOCK:earth-likely
[veto] b68/ch58 -:0Hz E=0.80 S=0.00 net=+0.80 -> BLOCK:earth-likely
[veto] b68/ch59 -:0Hz E=0.80 S=0.00 net=+0.80 -> BLOCK:earth-likely
[veto] b68/ch60 -:0Hz E=0.80 S=0.00 net=+0.80 -> BLOCK:earth-likely
[veto] b68/ch61 -:0Hz E=0.80 S=0.00 net=+0.80 -> BLOCK:earth-likely
[veto] b68/ch62 -:0Hz E=0.80 S=0.00 net=+0.80 -> BLOCK:earth-likely
[veto] b68/ch63 -:0Hz E=0.80 S=0.00 net=+0.80 -> BLOCK:earth-likely
[veto] b69/ch1 Y4:1325905Hz E=0.85 S=0.00 net=+0.85 -> BLOCK:earth-likely
[veto] b69/ch55 Y4:518382Hz E=1.10 S=0.00 net=+1.10 -> BLOCK:earth-likely
[veto] b69/ch56 Y2:560582Hz E=1.10 S=0.00 net=+1.10 -> BLOCK:earth-likely
[veto] b69/ch57 -:0Hz E=0.80 S=0.00 net=+0.80 -> BLOCK:earth-likely
[veto] b69/ch58 -:0Hz E=0.80 S=0.00 net=+0.80 -> BLOCK:earth-likely
[veto] b69/ch59 -:0Hz E=0.80 S=0.00 net=+0.80 -> BLOCK:earth-likely
[veto] b69/ch60 -:0Hz E=0.80 S=0.00 net=+0.80 -> BLOCK:earth-likely
[veto] b69/ch61 -:0Hz E=0.80 S=0.00 net=+0.80 -> BLOCK:earth-likely
[veto] b69/ch62 -:0Hz E=0.80 S=0.00 net=+0.80 -> BLOCK:earth-likely
[veto] b69/ch63 -:0Hz E=0.80 S=0.00 net=+0.80 -> BLOCK:earth-likely
[veto] b70/ch53 Y2:1034349Hz E=1.10 S=0.00 net=+1.10 -> BLOCK:earth-likely
[veto] b70/ch55 Y4:1221746Hz E=1.10 S=0.00 net=+1.10 -> BLOCK:earth-likely
[veto] b70/ch56 Y2:654638Hz E=1.10 S=0.00 net=+1.10 -> BLOCK:earth-likely
[veto] b70/ch57 -:0Hz E=0.80 S=0.00 net=+0.80 -> BLOCK:earth-likely
[veto] b70/ch58 -:0Hz E=0.80 S=0.00 net=+0.80 -> BLOCK:earth-likely
[veto] b70/ch59 -:0Hz E=0.80 S=0.00 net=+0.80 -> BLOCK:earth-likely
[veto] b70/ch60 -:0Hz E=0.80 S=0.00 net=+0.80 -> BLOCK:earth-likely
[veto] b70/ch61 -:0Hz E=0.80 S=0.00 net=+0.80 -> BLOCK:earth-likely
[veto] b70/ch62 -:0Hz E=0.80 S=0.00 net=+0.80 -> BLOCK:earth-likely
[veto] b70/ch63 -:0Hz E=0.80 S=0.00 net=+0.80 -> BLOCK:earth-likely
[veto] b71/ch53 Y4:358Hz E=0.40 S=0.00 net=+0.40 -> WATCH
[veto] b71/ch54 Y2:86010Hz E=0.65 S=0.00 net=+0.65 -> BLOCK:earth-likely
[veto] b71/ch55 Y2:124633Hz E=1.10 S=0.00 net=+1.10 -> BLOCK:earth-likely
[veto] b71/ch56 Y2:356376Hz E=1.10 S=0.00 net=+1.10 -> BLOCK:earth-likely
[veto] b71/ch57 -:0Hz E=0.80 S=0.00 net=+0.80 -> BLOCK:earth-likely
[veto] b71/ch58 -:0Hz E=0.80 S=0.00 net=+0.80 -> BLOCK:earth-likely
[veto] b71/ch59 -:0Hz E=0.80 S=0.00 net=+0.80 -> BLOCK:earth-likely
[veto] b71/ch60 -:0Hz E=0.80 S=0.00 net=+0.80 -> BLOCK:earth-likely
[veto] b71/ch61 -:0Hz E=0.80 S=0.00 net=+0.80 -> BLOCK:earth-likely
[veto] b71/ch62 -:0Hz E=0.80 S=0.00 net=+0.80 -> BLOCK:earth-likely
[veto] b71/ch63 -:0Hz E=0.80 S=0.00 net=+0.80 -> BLOCK:earth-likely
[veto] b72/ch53 Y4:974357Hz E=1.10 S=0.00 net=+1.10 -> BLOCK:earth-likely
[veto] b72/ch54 Y2:9298Hz E=0.65 S=0.00 net=+0.65 -> BLOCK:earth-likely
[veto] b72/ch55 Y2:223607Hz E=1.10 S=0.00 net=+1.10 -> BLOCK:earth-likely
[veto] b72/ch56 Y2:1167208Hz E=1.10 S=0.00 net=+1.10 -> BLOCK:earth-likely
[veto] b72/ch57 -:0Hz E=0.80 S=0.00 net=+0.80 -> BLOCK:earth-likely
[veto] b72/ch58 -:0Hz E=0.80 S=0.00 net=+0.80 -> BLOCK:earth-likely
[veto] b72/ch59 -:0Hz E=0.80 S=0.00 net=+0.80 -> BLOCK:earth-likely
[veto] b72/ch60 -:0Hz E=0.80 S=0.00 net=+0.80 -> BLOCK:earth-likely
[veto] b72/ch61 -:0Hz E=0.80 S=0.00 net=+0.80 -> BLOCK:earth-likely
[veto] b72/ch62 -:0Hz E=0.80 S=0.00 net=+0.80 -> BLOCK:earth-likely
[veto] b72/ch63 -:0Hz E=0.80 S=0.00 net=+0.80 -> BLOCK:earth-likely
[veto] b73/ch53 Y4:931531Hz E=0.85 S=0.00 net=+0.85 -> BLOCK:earth-likely
[veto] b73/ch55 Y4:867248Hz E=0.85 S=0.00 net=+0.85 -> BLOCK:earth-likely
[veto] b73/ch56 Y4:920981Hz E=1.10 S=0.00 net=+1.10 -> BLOCK:earth-likely
[veto] b73/ch57 -:0Hz E=0.80 S=0.00 net=+0.80 -> BLOCK:earth-likely
[veto] b73/ch58 -:0Hz E=0.80 S=0.00 net=+0.80 -> BLOCK:earth-likely
[veto] b73/ch59 -:0Hz E=0.80 S=0.00 net=+0.80 -> BLOCK:earth-likely
[veto] b73/ch60 -:0Hz E=0.80 S=0.00 net=+0.80 -> BLOCK:earth-likely
[veto] b73/ch61 -:0Hz E=0.80 S=0.00 net=+0.80 -> BLOCK:earth-likely
[veto] b73/ch62 -:0Hz E=0.80 S=0.00 net=+0.80 -> BLOCK:earth-likely
[veto] b73/ch63 -:0Hz E=0.80 S=0.00 net=+0.80 -> BLOCK:earth-likely
[veto] b74/ch51 Y2:1014590Hz E=0.85 S=0.00 net=+0.85 -> BLOCK:earth-likely
[veto] b74/ch53 Y4:865012Hz E=1.10 S=0.00 net=+1.10 -> BLOCK:earth-likely
[veto] b74/ch55 Y2:136346Hz E=0.85 S=0.00 net=+0.85 -> BLOCK:earth-likely
[veto] b74/ch56 Y2:375777Hz E=0.85 S=0.00 net=+0.85 -> BLOCK:earth-likely
[veto] b74/ch57 -:0Hz E=0.80 S=0.00 net=+0.80 -> BLOCK:earth-likely
[veto] b74/ch58 -:0Hz E=0.80 S=0.00 net=+0.80 -> BLOCK:earth-likely
[veto] b74/ch59 -:0Hz E=0.80 S=0.00 net=+0.80 -> BLOCK:earth-likely
[veto] b74/ch60 -:0Hz E=0.80 S=0.00 net=+0.80 -> BLOCK:earth-likely
[veto] b74/ch61 -:0Hz E=0.80 S=0.00 net=+0.80 -> BLOCK:earth-likely
[veto] b74/ch62 -:0Hz E=0.80 S=0.00 net=+0.80 -> BLOCK:earth-likely
[veto] b74/ch63 -:0Hz E=0.80 S=0.00 net=+0.80 -> BLOCK:earth-likely
[veto] b75/ch53 Y4:596881Hz E=0.85 S=0.00 net=+0.85 -> BLOCK:earth-likely
[veto] b75/ch55 Y2:146627Hz E=0.85 S=0.00 net=+0.85 -> BLOCK:earth-likely
[veto] b75/ch56 Y2:705779Hz E=1.10 S=0.00 net=+1.10 -> BLOCK:earth-likely
[veto] b75/ch57 -:0Hz E=0.80 S=0.00 net=+0.80 -> BLOCK:earth-likely
[veto] b75/ch58 -:0Hz E=0.80 S=0.00 net=+0.80 -> BLOCK:earth-likely
[veto] b75/ch59 -:0Hz E=0.80 S=0.00 net=+0.80 -> BLOCK:earth-likely
[veto] b75/ch60 -:0Hz E=0.80 S=0.00 net=+0.80 -> BLOCK:earth-likely
[veto] b75/ch61 -:0Hz E=0.80 S=0.00 net=+0.80 -> BLOCK:earth-likely
[veto] b75/ch62 -:0Hz E=0.80 S=0.00 net=+0.80 -> BLOCK:earth-likely
[veto] b75/ch63 -:0Hz E=0.80 S=0.00 net=+0.80 -> BLOCK:earth-likely
[veto] b76/ch53 Y4:199020Hz E=0.85 S=0.00 net=+0.85 -> BLOCK:earth-likely
[veto] b76/ch55 Y2:984102Hz E=0.85 S=0.00 net=+0.85 -> BLOCK:earth-likely
[veto] b76/ch56 Y4:932783Hz E=1.10 S=0.00 net=+1.10 -> BLOCK:earth-likely
[veto] b76/ch57 -:0Hz E=0.80 S=0.00 net=+0.80 -> BLOCK:earth-likely
[veto] b76/ch58 -:0Hz E=0.80 S=0.00 net=+0.80 -> BLOCK:earth-likely
[veto] b76/ch59 -:0Hz E=0.80 S=0.00 net=+0.80 -> BLOCK:earth-likely
[veto] b76/ch60 -:0Hz E=0.80 S=0.00 net=+0.80 -> BLOCK:earth-likely
[veto] b76/ch61 -:0Hz E=0.80 S=0.00 net=+0.80 -> BLOCK:earth-likely
[veto] b76/ch62 -:0Hz E=0.80 S=0.00 net=+0.80 -> BLOCK:earth-likely
[veto] b76/ch63 -:0Hz E=0.80 S=0.00 net=+0.80 -> BLOCK:earth-likely
[veto] b77/ch53 Y4:968367Hz E=1.10 S=0.00 net=+1.10 -> BLOCK:earth-likely
[veto] b77/ch55 Y2:1461267Hz E=1.10 S=0.00 net=+1.10 -> BLOCK:earth-likely
[veto] b77/ch56 Y2:360042Hz E=1.10 S=0.00 net=+1.10 -> BLOCK:earth-likely
[veto] b77/ch57 -:0Hz E=0.80 S=0.00 net=+0.80 -> BLOCK:earth-likely
[veto] b77/ch58 -:0Hz E=0.80 S=0.00 net=+0.80 -> BLOCK:earth-likely
[veto] b77/ch59 -:0Hz E=0.80 S=0.00 net=+0.80 -> BLOCK:earth-likely
[veto] b77/ch60 -:0Hz E=0.80 S=0.00 net=+0.80 -> BLOCK:earth-likely
[veto] b77/ch61 -:0Hz E=0.80 S=0.00 net=+0.80 -> BLOCK:earth-likely
[veto] b77/ch62 -:0Hz E=0.80 S=0.00 net=+0.80 -> BLOCK:earth-likely
[veto] b77/ch63 -:0Hz E=0.80 S=0.00 net=+0.80 -> BLOCK:earth-likely
[veto] b78/ch53 Y2:1337349Hz E=0.85 S=0.00 net=+0.85 -> BLOCK:earth-likely
[veto] b78/ch54 Y4:427276Hz E=1.10 S=0.00 net=+1.10 -> BLOCK:earth-likely
[veto] b78/ch55 Y4:1070380Hz E=1.10 S=0.00 net=+1.10 -> BLOCK:earth-likely
[veto] b78/ch56 Y4:789732Hz E=1.10 S=0.00 net=+1.10 -> BLOCK:earth-likely
[veto] b78/ch57 -:0Hz E=0.80 S=0.00 net=+0.80 -> BLOCK:earth-likely
[veto] b78/ch58 -:0Hz E=0.80 S=0.00 net=+0.80 -> BLOCK:earth-likely
[veto] b78/ch59 -:0Hz E=0.80 S=0.00 net=+0.80 -> BLOCK:earth-likely
[veto] b78/ch60 -:0Hz E=0.80 S=0.00 net=+0.80 -> BLOCK:earth-likely
[veto] b78/ch61 -:0Hz E=0.80 S=0.00 net=+0.80 -> BLOCK:earth-likely
[veto] b78/ch62 -:0Hz E=0.80 S=0.00 net=+0.80 -> BLOCK:earth-likely
[veto] b78/ch63 -:0Hz E=0.80 S=0.00 net=+0.80 -> BLOCK:earth-likely
[veto] b79/ch55 Y4:923306Hz E=1.10 S=0.00 net=+1.10 -> BLOCK:earth-likely
[veto] b79/ch56 Y2:211984Hz E=0.85 S=0.00 net=+0.85 -> BLOCK:earth-likely
[veto] b79/ch57 -:0Hz E=0.80 S=0.00 net=+0.80 -> BLOCK:earth-likely
[veto] b79/ch58 -:0Hz E=0.80 S=0.00 net=+0.80 -> BLOCK:earth-likely
[veto] b79/ch59 -:0Hz E=0.80 S=0.00 net=+0.80 -> BLOCK:earth-likely
[veto] b79/ch60 -:0Hz E=0.80 S=0.00 net=+0.80 -> BLOCK:earth-likely
[veto] b79/ch61 -:0Hz E=0.80 S=0.00 net=+0.80 -> BLOCK:earth-likely
[veto] b79/ch62 -:0Hz E=0.80 S=0.00 net=+0.80 -> BLOCK:earth-likely
[veto] b79/ch63 -:0Hz E=0.80 S=0.00 net=+0.80 -> BLOCK:earth-likely
[veto] b80/ch54 Y2:315338Hz E=0.85 S=0.00 net=+0.85 -> BLOCK:earth-likely
[veto] b80/ch55 Y2:987679Hz E=0.85 S=0.00 net=+0.85 -> BLOCK:earth-likely
[veto] b80/ch56 Y2:1362473Hz E=1.10 S=0.00 net=+1.10 -> BLOCK:earth-likely
[veto] b80/ch57 -:0Hz E=0.80 S=0.00 net=+0.80 -> BLOCK:earth-likely
[veto] b80/ch58 -:0Hz E=0.80 S=0.00 net=+0.80 -> BLOCK:earth-likely
[veto] b80/ch59 -:0Hz E=0.80 S=0.00 net=+0.80 -> BLOCK:earth-likely
[veto] b80/ch60 -:0Hz E=0.80 S=0.00 net=+0.80 -> BLOCK:earth-likely
[veto] b80/ch61 -:0Hz E=0.80 S=0.00 net=+0.80 -> BLOCK:earth-likely
[veto] b80/ch62 -:0Hz E=0.80 S=0.00 net=+0.80 -> BLOCK:earth-likely
[veto] b80/ch63 -:0Hz E=0.80 S=0.00 net=+0.80 -> BLOCK:earth-likely
[veto] b81/ch54 Y2:775158Hz E=0.85 S=0.00 net=+0.85 -> BLOCK:earth-likely
[veto] b81/ch55 Y4:1205027Hz E=1.10 S=0.00 net=+1.10 -> BLOCK:earth-likely
[veto] b81/ch56 Y4:133574Hz E=0.85 S=0.00 net=+0.85 -> BLOCK:earth-likely
[veto] b81/ch57 -:0Hz E=0.80 S=0.00 net=+0.80 -> BLOCK:earth-likely
[veto] b81/ch58 -:0Hz E=0.80 S=0.00 net=+0.80 -> BLOCK:earth-likely
[veto] b81/ch59 -:0Hz E=0.80 S=0.00 net=+0.80 -> BLOCK:earth-likely
[veto] b81/ch60 -:0Hz E=0.80 S=0.00 net=+0.80 -> BLOCK:earth-likely
[veto] b81/ch61 -:0Hz E=0.80 S=0.00 net=+0.80 -> BLOCK:earth-likely
[veto] b81/ch62 -:0Hz E=0.80 S=0.00 net=+0.80 -> BLOCK:earth-likely
[veto] b81/ch63 -:0Hz E=0.80 S=0.00 net=+0.80 -> BLOCK:earth-likely
[veto] b82/ch53 Y4:717580Hz E=1.10 S=0.00 net=+1.10 -> BLOCK:earth-likely
[veto] b82/ch55 Y2:110418Hz E=1.10 S=0.00 net=+1.10 -> BLOCK:earth-likely
[veto] b82/ch56 Y2:1201808Hz E=1.10 S=0.00 net=+1.10 -> BLOCK:earth-likely
[veto] b82/ch57 -:0Hz E=0.80 S=0.00 net=+0.80 -> BLOCK:earth-likely
[veto] b82/ch58 -:0Hz E=0.80 S=0.00 net=+0.80 -> BLOCK:earth-likely
[veto] b82/ch59 -:0Hz E=0.80 S=0.00 net=+0.80 -> BLOCK:earth-likely
[veto] b82/ch60 -:0Hz E=0.80 S=0.00 net=+0.80 -> BLOCK:earth-likely
[veto] b82/ch61 -:0Hz E=0.80 S=0.00 net=+0.80 -> BLOCK:earth-likely
[veto] b82/ch62 -:0Hz E=0.80 S=0.00 net=+0.80 -> BLOCK:earth-likely
[veto] b82/ch63 -:0Hz E=0.80 S=0.00 net=+0.80 -> BLOCK:earth-likely
[veto] b83/ch53 Y2:1096308Hz E=1.10 S=0.00 net=+1.10 -> BLOCK:earth-likely
[veto] b83/ch54 Y2:866354Hz E=1.10 S=0.00 net=+1.10 -> BLOCK:earth-likely
[veto] b83/ch55 Y2:1187056Hz E=1.10 S=0.00 net=+1.10 -> BLOCK:earth-likely
[veto] b83/ch56 Y2:290930Hz E=1.10 S=0.00 net=+1.10 -> BLOCK:earth-likely
[veto] b83/ch57 -:0Hz E=0.80 S=0.00 net=+0.80 -> BLOCK:earth-likely
[veto] b83/ch58 -:0Hz E=0.80 S=0.00 net=+0.80 -> BLOCK:earth-likely
[veto] b83/ch59 -:0Hz E=0.80 S=0.00 net=+0.80 -> BLOCK:earth-likely
[veto] b83/ch60 -:0Hz E=0.80 S=0.00 net=+0.80 -> BLOCK:earth-likely
[veto] b83/ch61 -:0Hz E=0.80 S=0.00 net=+0.80 -> BLOCK:earth-likely
[veto] b83/ch62 -:0Hz E=0.80 S=0.00 net=+0.80 -> BLOCK:earth-likely
[veto] b83/ch63 -:0Hz E=0.80 S=0.00 net=+0.80 -> BLOCK:earth-likely
[veto] b84/ch54 Y2:501126Hz E=0.85 S=0.00 net=+0.85 -> BLOCK:earth-likely
[veto] b84/ch55 Y4:547439Hz E=1.10 S=0.00 net=+1.10 -> BLOCK:earth-likely
[veto] b84/ch56 Y2:200808Hz E=1.10 S=0.00 net=+1.10 -> BLOCK:earth-likely
[veto] b84/ch57 -:0Hz E=0.80 S=0.00 net=+0.80 -> BLOCK:earth-likely
[veto] b84/ch58 -:0Hz E=0.80 S=0.00 net=+0.80 -> BLOCK:earth-likely
[veto] b84/ch59 -:0Hz E=0.80 S=0.00 net=+0.80 -> BLOCK:earth-likely
[veto] b84/ch60 -:0Hz E=0.80 S=0.00 net=+0.80 -> BLOCK:earth-likely
[veto] b84/ch61 -:0Hz E=0.80 S=0.00 net=+0.80 -> BLOCK:earth-likely
[veto] b84/ch62 -:0Hz E=0.80 S=0.00 net=+0.80 -> BLOCK:earth-likely
[veto] b84/ch63 -:0Hz E=0.80 S=0.00 net=+0.80 -> BLOCK:earth-likely
[veto] b85/ch2 Y2:443906Hz E=0.85 S=0.00 net=+0.85 -> BLOCK:earth-likely
[veto] b85/ch55 Y2:204653Hz E=1.10 S=0.00 net=+1.10 -> BLOCK:earth-likely
[veto] b85/ch56 Y4:523299Hz E=1.10 S=0.00 net=+1.10 -> BLOCK:earth-likely
[veto] b85/ch57 -:0Hz E=0.80 S=0.00 net=+0.80 -> BLOCK:earth-likely
[veto] b85/ch58 -:0Hz E=0.80 S=0.00 net=+0.80 -> BLOCK:earth-likely
[veto] b85/ch59 -:0Hz E=0.80 S=0.00 net=+0.80 -> BLOCK:earth-likely
[veto] b85/ch60 -:0Hz E=0.80 S=0.00 net=+0.80 -> BLOCK:earth-likely
[veto] b85/ch61 -:0Hz E=0.80 S=0.00 net=+0.80 -> BLOCK:earth-likely
[veto] b85/ch62 -:0Hz E=0.80 S=0.00 net=+0.80 -> BLOCK:earth-likely
[veto] b85/ch63 -:0Hz E=0.80 S=0.00 net=+0.80 -> BLOCK:earth-likely
[veto] b86/ch19 Y2:941545Hz E=0.85 S=0.00 net=+0.85 -> BLOCK:earth-likely
[veto] b86/ch53 Y2:1355052Hz E=1.10 S=0.00 net=+1.10 -> BLOCK:earth-likely
[veto] b86/ch55 Y2:127047Hz E=0.85 S=0.00 net=+0.85 -> BLOCK:earth-likely
[veto] b86/ch56 Y4:1378298Hz E=1.10 S=0.00 net=+1.10 -> BLOCK:earth-likely
[veto] b86/ch57 -:0Hz E=0.80 S=0.00 net=+0.80 -> BLOCK:earth-likely
[veto] b86/ch58 -:0Hz E=0.80 S=0.00 net=+0.80 -> BLOCK:earth-likely
[veto] b86/ch59 -:0Hz E=0.80 S=0.00 net=+0.80 -> BLOCK:earth-likely
[veto] b86/ch60 -:0Hz E=0.80 S=0.00 net=+0.80 -> BLOCK:earth-likely
[veto] b86/ch61 -:0Hz E=0.80 S=0.00 net=+0.80 -> BLOCK:earth-likely
[veto] b86/ch62 -:0Hz E=0.80 S=0.00 net=+0.80 -> BLOCK:earth-likely
[veto] b86/ch63 -:0Hz E=0.80 S=0.00 net=+0.80 -> BLOCK:earth-likely
[veto] b87/ch53 Y2:1339585Hz E=0.85 S=0.00 net=+0.85 -> BLOCK:earth-likely
[veto] b87/ch54 Y2:637203Hz E=0.85 S=0.00 net=+0.85 -> BLOCK:earth-likely
[veto] b87/ch55 Y4:1138866Hz E=1.10 S=0.00 net=+1.10 -> BLOCK:earth-likely
[veto] b87/ch56 Y2:238448Hz E=1.10 S=0.00 net=+1.10 -> BLOCK:earth-likely
[veto] b87/ch57 -:0Hz E=0.80 S=0.00 net=+0.80 -> BLOCK:earth-likely
[veto] b87/ch58 -:0Hz E=0.80 S=0.00 net=+0.80 -> BLOCK:earth-likely
[veto] b87/ch59 -:0Hz E=0.80 S=0.00 net=+0.80 -> BLOCK:earth-likely
[veto] b87/ch60 -:0Hz E=0.80 S=0.00 net=+0.80 -> BLOCK:earth-likely
[veto] b87/ch61 -:0Hz E=0.80 S=0.00 net=+0.80 -> BLOCK:earth-likely
[veto] b87/ch62 -:0Hz E=0.80 S=0.00 net=+0.80 -> BLOCK:earth-likely
[veto] b87/ch63 -:0Hz E=0.80 S=0.00 net=+0.80 -> BLOCK:earth-likely
[veto] b88/ch52 Y4:626Hz E=0.65 S=0.00 net=+0.65 -> BLOCK:earth-likely
[veto] b88/ch55 Y2:193387Hz E=1.10 S=0.00 net=+1.10 -> BLOCK:earth-likely
[veto] b88/ch56 Y2:240773Hz E=1.10 S=0.00 net=+1.10 -> BLOCK:earth-likely
[veto] b88/ch57 -:0Hz E=0.80 S=0.00 net=+0.80 -> BLOCK:earth-likely
[veto] b88/ch58 -:0Hz E=0.80 S=0.00 net=+0.80 -> BLOCK:earth-likely
[veto] b88/ch59 -:0Hz E=0.80 S=0.00 net=+0.80 -> BLOCK:earth-likely
[veto] b88/ch60 -:0Hz E=0.80 S=0.00 net=+0.80 -> BLOCK:earth-likely
[veto] b88/ch61 -:0Hz E=0.80 S=0.00 net=+0.80 -> BLOCK:earth-likely
[veto] b88/ch62 -:0Hz E=0.80 S=0.00 net=+0.80 -> BLOCK:earth-likely
[veto] b88/ch63 -:0Hz E=0.80 S=0.00 net=+0.80 -> BLOCK:earth-likely
[veto] b89/ch27 Y2:27627Hz E=0.45 S=0.00 net=+0.45 -> WATCH
[veto] b89/ch52 Y4:1162Hz E=0.65 S=0.00 net=+0.65 -> BLOCK:earth-likely
[veto] b89/ch55 Y2:124186Hz E=1.10 S=0.00 net=+1.10 -> BLOCK:earth-likely
[veto] b89/ch56 Y2:648379Hz E=1.10 S=0.00 net=+1.10 -> BLOCK:earth-likely
[veto] b89/ch57 -:0Hz E=0.80 S=0.00 net=+0.80 -> BLOCK:earth-likely
[veto] b89/ch58 -:0Hz E=0.80 S=0.00 net=+0.80 -> BLOCK:earth-likely
[veto] b89/ch59 -:0Hz E=0.80 S=0.00 net=+0.80 -> BLOCK:earth-likely
[veto] b89/ch60 -:0Hz E=0.80 S=0.00 net=+0.80 -> BLOCK:earth-likely
[veto] b89/ch61 -:0Hz E=0.80 S=0.00 net=+0.80 -> BLOCK:earth-likely
[veto] b89/ch62 -:0Hz E=0.80 S=0.00 net=+0.80 -> BLOCK:earth-likely
[veto] b89/ch63 -:0Hz E=0.80 S=0.00 net=+0.80 -> BLOCK:earth-likely
[veto] b90/ch56 Y4:1878Hz E=0.65 S=0.00 net=+0.65 -> BLOCK:earth-likely
[veto] b90/ch57 -:0Hz E=0.80 S=0.00 net=+0.80 -> BLOCK:earth-likely
[veto] b90/ch58 -:0Hz E=0.80 S=0.00 net=+0.80 -> BLOCK:earth-likely
[veto] b90/ch59 -:0Hz E=0.80 S=0.00 net=+0.80 -> BLOCK:earth-likely
[veto] b90/ch60 -:0Hz E=0.80 S=0.00 net=+0.80 -> BLOCK:earth-likely
[veto] b90/ch61 -:0Hz E=0.80 S=0.00 net=+0.80 -> BLOCK:earth-likely
[veto] b90/ch62 -:0Hz E=0.80 S=0.00 net=+0.80 -> BLOCK:earth-likely
[veto] b90/ch63 -:0Hz E=0.80 S=0.00 net=+0.80 -> BLOCK:earth-likely
[veto] b91/ch53 Y4:668764Hz E=0.85 S=0.00 net=+0.85 -> BLOCK:earth-likely
[veto] b91/ch54 Y4:1341462Hz E=1.10 S=0.00 net=+1.10 -> BLOCK:earth-likely
[veto] b91/ch56 Y2:725001Hz E=1.10 S=0.00 net=+1.10 -> BLOCK:earth-likely
[veto] b91/ch57 -:0Hz E=0.80 S=0.00 net=+0.80 -> BLOCK:earth-likely
[veto] b91/ch58 -:0Hz E=0.80 S=0.00 net=+0.80 -> BLOCK:earth-likely
[veto] b91/ch59 -:0Hz E=0.80 S=0.00 net=+0.80 -> BLOCK:earth-likely
[veto] b91/ch60 -:0Hz E=0.80 S=0.00 net=+0.80 -> BLOCK:earth-likely
[veto] b91/ch61 -:0Hz E=0.80 S=0.00 net=+0.80 -> BLOCK:earth-likely
[veto] b91/ch62 -:0Hz E=0.80 S=0.00 net=+0.80 -> BLOCK:earth-likely
[veto] b91/ch63 -:0Hz E=0.80 S=0.00 net=+0.80 -> BLOCK:earth-likely
[veto] b92/ch52 Y4:523925Hz E=0.85 S=0.00 net=+0.85 -> BLOCK:earth-likely
[veto] b92/ch53 Y2:817627Hz E=0.85 S=0.00 net=+0.85 -> BLOCK:earth-likely
[veto] b92/ch54 Y2:1044810Hz E=1.10 S=0.00 net=+1.10 -> BLOCK:earth-likely
[veto] b92/ch55 Y4:69648Hz E=0.65 S=0.00 net=+0.65 -> BLOCK:earth-likely
[veto] b92/ch56 Y2:1291662Hz E=1.10 S=0.00 net=+1.10 -> BLOCK:earth-likely
[veto] b92/ch57 -:0Hz E=0.80 S=0.00 net=+0.80 -> BLOCK:earth-likely
[veto] b92/ch58 -:0Hz E=0.80 S=0.00 net=+0.80 -> BLOCK:earth-likely
[veto] b92/ch59 -:0Hz E=0.80 S=0.00 net=+0.80 -> BLOCK:earth-likely
[veto] b92/ch60 -:0Hz E=0.80 S=0.00 net=+0.80 -> BLOCK:earth-likely
[veto] b92/ch61 -:0Hz E=0.80 S=0.00 net=+0.80 -> BLOCK:earth-likely
[veto] b92/ch62 -:0Hz E=0.80 S=0.00 net=+0.80 -> BLOCK:earth-likely
[veto] b92/ch63 -:0Hz E=0.80 S=0.00 net=+0.80 -> BLOCK:earth-likely
[veto] b93/ch8 Y4:1368910Hz E=0.85 S=0.00 net=+0.85 -> BLOCK:earth-likely
[veto] b93/ch43 Y2:943512Hz E=0.85 S=0.00 net=+0.85 -> BLOCK:earth-likely
[veto] b93/ch54 Y4:398219Hz E=1.10 S=0.00 net=+1.10 -> BLOCK:earth-likely
[veto] b93/ch55 Y2:1173198Hz E=1.10 S=0.00 net=+1.10 -> BLOCK:earth-likely
[veto] b93/ch56 Y2:290215Hz E=1.10 S=0.00 net=+1.10 -> BLOCK:earth-likely
[veto] b93/ch57 -:0Hz E=0.80 S=0.00 net=+0.80 -> BLOCK:earth-likely
[veto] b93/ch58 -:0Hz E=0.80 S=0.00 net=+0.80 -> BLOCK:earth-likely
[veto] b93/ch59 -:0Hz E=0.80 S=0.00 net=+0.80 -> BLOCK:earth-likely
[veto] b93/ch60 -:0Hz E=0.80 S=0.00 net=+0.80 -> BLOCK:earth-likely
[veto] b93/ch61 -:0Hz E=0.80 S=0.00 net=+0.80 -> BLOCK:earth-likely
[veto] b93/ch62 -:0Hz E=0.80 S=0.00 net=+0.80 -> BLOCK:earth-likely
[veto] b93/ch63 -:0Hz E=0.80 S=0.00 net=+0.80 -> BLOCK:earth-likely
[veto] b94/ch54 Y4:133216Hz E=0.85 S=0.00 net=+0.85 -> BLOCK:earth-likely
[veto] b94/ch56 Y2:356823Hz E=1.10 S=0.00 net=+1.10 -> BLOCK:earth-likely
[veto] b94/ch57 -:0Hz E=0.80 S=0.00 net=+0.80 -> BLOCK:earth-likely
[veto] b94/ch58 -:0Hz E=0.80 S=0.00 net=+0.80 -> BLOCK:earth-likely
[veto] b94/ch59 -:0Hz E=0.80 S=0.00 net=+0.80 -> BLOCK:earth-likely
[veto] b94/ch60 -:0Hz E=0.80 S=0.00 net=+0.80 -> BLOCK:earth-likely
[veto] b94/ch61 -:0Hz E=0.80 S=0.00 net=+0.80 -> BLOCK:earth-likely
[veto] b94/ch62 -:0Hz E=0.80 S=0.00 net=+0.80 -> BLOCK:earth-likely
[veto] b94/ch63 -:0Hz E=0.80 S=0.00 net=+0.80 -> BLOCK:earth-likely
[veto] b95/ch54 Y2:58115Hz E=0.90 S=0.00 net=+0.90 -> BLOCK:earth-likely
[veto] b95/ch56 Y4:616193Hz E=1.10 S=0.00 net=+1.10 -> BLOCK:earth-likely
[veto] b95/ch57 -:0Hz E=0.80 S=0.00 net=+0.80 -> BLOCK:earth-likely
[veto] b95/ch58 -:0Hz E=0.80 S=0.00 net=+0.80 -> BLOCK:earth-likely
[veto] b95/ch59 -:0Hz E=0.80 S=0.00 net=+0.80 -> BLOCK:earth-likely
[veto] b95/ch60 -:0Hz E=0.80 S=0.00 net=+0.80 -> BLOCK:earth-likely
[veto] b95/ch61 -:0Hz E=0.80 S=0.00 net=+0.80 -> BLOCK:earth-likely
[veto] b95/ch62 -:0Hz E=0.80 S=0.00 net=+0.80 -> BLOCK:earth-likely
[veto] b95/ch63 -:0Hz E=0.80 S=0.00 net=+0.80 -> BLOCK:earth-likely
[veto] b96/ch53 Y4:1161933Hz E=0.85 S=0.00 net=+0.85 -> BLOCK:earth-likely
[veto] b96/ch56 Y2:1247585Hz E=1.10 S=0.00 net=+1.10 -> BLOCK:earth-likely
[veto] b96/ch57 -:0Hz E=0.80 S=0.00 net=+0.80 -> BLOCK:earth-likely
[veto] b96/ch58 -:0Hz E=0.80 S=0.00 net=+0.80 -> BLOCK:earth-likely
[veto] b96/ch59 -:0Hz E=0.80 S=0.00 net=+0.80 -> BLOCK:earth-likely
[veto] b96/ch60 -:0Hz E=0.80 S=0.00 net=+0.80 -> BLOCK:earth-likely
[veto] b96/ch61 -:0Hz E=0.80 S=0.00 net=+0.80 -> BLOCK:earth-likely
[veto] b96/ch62 -:0Hz E=0.80 S=0.00 net=+0.80 -> BLOCK:earth-likely
[veto] b96/ch63 -:0Hz E=0.80 S=0.00 net=+0.80 -> BLOCK:earth-likely
[veto] b97/ch52 Y4:1162112Hz E=1.10 S=0.00 net=+1.10 -> BLOCK:earth-likely
[veto] b97/ch55 Y4:583112Hz E=1.10 S=0.00 net=+1.10 -> BLOCK:earth-likely
[veto] b97/ch56 Y2:208944Hz E=0.85 S=0.00 net=+0.85 -> BLOCK:earth-likely
[veto] b97/ch57 -:0Hz E=0.80 S=0.00 net=+0.80 -> BLOCK:earth-likely
[veto] b97/ch58 -:0Hz E=0.80 S=0.00 net=+0.80 -> BLOCK:earth-likely
[veto] b97/ch59 -:0Hz E=0.80 S=0.00 net=+0.80 -> BLOCK:earth-likely
[veto] b97/ch60 -:0Hz E=0.80 S=0.00 net=+0.80 -> BLOCK:earth-likely
[veto] b97/ch61 -:0Hz E=0.80 S=0.00 net=+0.80 -> BLOCK:earth-likely
[veto] b97/ch62 -:0Hz E=0.80 S=0.00 net=+0.80 -> BLOCK:earth-likely
[veto] b97/ch63 -:0Hz E=0.80 S=0.00 net=+0.80 -> BLOCK:earth-likely
[veto] b98/ch53 Y4:610560Hz E=1.10 S=0.00 net=+1.10 -> BLOCK:earth-likely
[veto] b98/ch54 Y4:291735Hz E=1.10 S=0.00 net=+1.10 -> BLOCK:earth-likely
[veto] b98/ch55 Y2:1108468Hz E=1.10 S=0.00 net=+1.10 -> BLOCK:earth-likely
[veto] b98/ch56 Y4:626296Hz E=1.10 S=0.00 net=+1.10 -> BLOCK:earth-likely
[veto] b98/ch57 -:0Hz E=0.80 S=0.00 net=+0.80 -> BLOCK:earth-likely
[veto] b98/ch58 -:0Hz E=0.80 S=0.00 net=+0.80 -> BLOCK:earth-likely
[veto] b98/ch59 -:0Hz E=0.80 S=0.00 net=+0.80 -> BLOCK:earth-likely
[veto] b98/ch60 -:0Hz E=0.80 S=0.00 net=+0.80 -> BLOCK:earth-likely
[veto] b98/ch61 -:0Hz E=0.80 S=0.00 net=+0.80 -> BLOCK:earth-likely
[veto] b98/ch62 -:0Hz E=0.80 S=0.00 net=+0.80 -> BLOCK:earth-likely
[veto] b98/ch63 -:0Hz E=0.80 S=0.00 net=+0.80 -> BLOCK:earth-likely
[veto] b99/ch52 Y4:660986Hz E=0.85 S=0.00 net=+0.85 -> BLOCK:earth-likely
[veto] b99/ch53 Y4:705689Hz E=1.10 S=0.00 net=+1.10 -> BLOCK:earth-likely
[veto] b99/ch54 Y2:983119Hz E=1.10 S=0.00 net=+1.10 -> BLOCK:earth-likely
[veto] b99/ch55 Y4:1443386Hz E=1.10 S=0.00 net=+1.10 -> BLOCK:earth-likely
[veto] b99/ch56 Y4:182480Hz E=0.85 S=0.00 net=+0.85 -> BLOCK:earth-likely
[veto] b99/ch57 -:0Hz E=0.80 S=0.00 net=+0.80 -> BLOCK:earth-likely
[veto] b99/ch58 -:0Hz E=0.80 S=0.00 net=+0.80 -> BLOCK:earth-likely
[veto] b99/ch59 -:0Hz E=0.80 S=0.00 net=+0.80 -> BLOCK:earth-likely
[veto] b99/ch60 -:0Hz E=0.80 S=0.00 net=+0.80 -> BLOCK:earth-likely
[veto] b99/ch61 -:0Hz E=0.80 S=0.00 net=+0.80 -> BLOCK:earth-likely
[veto] b99/ch62 -:0Hz E=0.80 S=0.00 net=+0.80 -> BLOCK:earth-likely
[veto] b99/ch63 -:0Hz E=0.80 S=0.00 net=+0.80 -> BLOCK:earth-likely
[veto] b100/ch54 Y4:732690Hz E=1.10 S=0.00 net=+1.10 -> BLOCK:earth-likely
[veto] b100/ch56 Y4:1095861Hz E=1.10 S=0.00 net=+1.10 -> BLOCK:earth-likely
[veto] b100/ch57 -:0Hz E=0.80 S=0.00 net=+0.80 -> BLOCK:earth-likely
[veto] b100/ch58 -:0Hz E=0.80 S=0.00 net=+0.80 -> BLOCK:earth-likely
[veto] b100/ch59 -:0Hz E=0.80 S=0.00 net=+0.80 -> BLOCK:earth-likely
[veto] b100/ch60 -:0Hz E=0.80 S=0.00 net=+0.80 -> BLOCK:earth-likely
[veto] b100/ch61 -:0Hz E=0.80 S=0.00 net=+0.80 -> BLOCK:earth-likely
[veto] b100/ch62 -:0Hz E=0.80 S=0.00 net=+0.80 -> BLOCK:earth-likely
[veto] b100/ch63 -:0Hz E=0.80 S=0.00 net=+0.80 -> BLOCK:earth-likely
[veto] b101/ch54 Y2:1444280Hz E=1.10 S=0.00 net=+1.10 -> BLOCK:earth-likely
[veto] b101/ch56 Y2:622094Hz E=1.10 S=0.00 net=+1.10 -> BLOCK:earth-likely
[veto] b101/ch57 -:0Hz E=0.80 S=0.00 net=+0.80 -> BLOCK:earth-likely
[veto] b101/ch58 -:0Hz E=0.80 S=0.00 net=+0.80 -> BLOCK:earth-likely
[veto] b101/ch59 -:0Hz E=0.80 S=0.00 net=+0.80 -> BLOCK:earth-likely
[veto] b101/ch60 -:0Hz E=0.80 S=0.00 net=+0.80 -> BLOCK:earth-likely
[veto] b101/ch61 -:0Hz E=0.80 S=0.00 net=+0.80 -> BLOCK:earth-likely
[veto] b101/ch62 -:0Hz E=0.80 S=0.00 net=+0.80 -> BLOCK:earth-likely
[veto] b101/ch63 -:0Hz E=0.80 S=0.00 net=+0.80 -> BLOCK:earth-likely
[veto] b102/ch54 Y4:614762Hz E=1.10 S=0.00 net=+1.10 -> BLOCK:earth-likely
[veto] b102/ch55 Y2:633180Hz E=1.10 S=0.00 net=+1.10 -> BLOCK:earth-likely
[veto] b102/ch56 Y2:1219690Hz E=1.10 S=0.00 net=+1.10 -> BLOCK:earth-likely
[veto] b102/ch57 -:0Hz E=0.80 S=0.00 net=+0.80 -> BLOCK:earth-likely
[veto] b102/ch58 -:0Hz E=0.80 S=0.00 net=+0.80 -> BLOCK:earth-likely
[veto] b102/ch59 -:0Hz E=0.80 S=0.00 net=+0.80 -> BLOCK:earth-likely
[veto] b102/ch60 -:0Hz E=0.80 S=0.00 net=+0.80 -> BLOCK:earth-likely
[veto] b102/ch61 -:0Hz E=0.80 S=0.00 net=+0.80 -> BLOCK:earth-likely
[veto] b102/ch62 -:0Hz E=0.80 S=0.00 net=+0.80 -> BLOCK:earth-likely
[veto] b102/ch63 -:0Hz E=0.80 S=0.00 net=+0.80 -> BLOCK:earth-likely
[veto] b103/ch56 Y2:310600Hz E=0.85 S=0.00 net=+0.85 -> BLOCK:earth-likely
[veto] b103/ch57 -:0Hz E=0.80 S=0.00 net=+0.80 -> BLOCK:earth-likely
[veto] b103/ch58 -:0Hz E=0.80 S=0.00 net=+0.80 -> BLOCK:earth-likely
[veto] b103/ch59 -:0Hz E=0.80 S=0.00 net=+0.80 -> BLOCK:earth-likely
[veto] b103/ch60 -:0Hz E=0.80 S=0.00 net=+0.80 -> BLOCK:earth-likely
[veto] b103/ch61 -:0Hz E=0.80 S=0.00 net=+0.80 -> BLOCK:earth-likely
[veto] b103/ch62 -:0Hz E=0.80 S=0.00 net=+0.80 -> BLOCK:earth-likely
[veto] b103/ch63 -:0Hz E=0.80 S=0.00 net=+0.80 -> BLOCK:earth-likely
[veto] b104/ch54 Y2:521868Hz E=1.10 S=0.00 net=+1.10 -> BLOCK:earth-likely
[veto] b104/ch55 Y2:610024Hz E=1.10 S=0.00 net=+1.10 -> BLOCK:earth-likely
[veto] b104/ch56 Y2:626832Hz E=1.10 S=0.00 net=+1.10 -> BLOCK:earth-likely
[veto] b104/ch57 -:0Hz E=0.80 S=0.00 net=+0.80 -> BLOCK:earth-likely
[veto] b104/ch58 -:0Hz E=0.80 S=0.00 net=+0.80 -> BLOCK:earth-likely
[veto] b104/ch59 -:0Hz E=0.80 S=0.00 net=+0.80 -> BLOCK:earth-likely
[veto] b104/ch60 -:0Hz E=0.80 S=0.00 net=+0.80 -> BLOCK:earth-likely
[veto] b104/ch61 -:0Hz E=0.80 S=0.00 net=+0.80 -> BLOCK:earth-likely
[veto] b104/ch62 -:0Hz E=0.80 S=0.00 net=+0.80 -> BLOCK:earth-likely
[veto] b104/ch63 -:0Hz E=0.80 S=0.00 net=+0.80 -> BLOCK:earth-likely
[veto] b105/ch53 Y4:324637Hz E=1.10 S=0.00 net=+1.10 -> BLOCK:earth-likely
[veto] b105/ch55 Y4:455797Hz E=1.10 S=0.00 net=+1.10 -> BLOCK:earth-likely
[veto] b105/ch56 Y4:452310Hz E=0.85 S=0.00 net=+0.85 -> BLOCK:earth-likely
[veto] b105/ch57 -:0Hz E=0.80 S=0.00 net=+0.80 -> BLOCK:earth-likely
[veto] b105/ch58 -:0Hz E=0.80 S=0.00 net=+0.80 -> BLOCK:earth-likely
[veto] b105/ch59 -:0Hz E=0.80 S=0.00 net=+0.80 -> BLOCK:earth-likely
[veto] b105/ch60 -:0Hz E=0.80 S=0.00 net=+0.80 -> BLOCK:earth-likely
[veto] b105/ch61 -:0Hz E=0.80 S=0.00 net=+0.80 -> BLOCK:earth-likely
[veto] b105/ch62 -:0Hz E=0.80 S=0.00 net=+0.80 -> BLOCK:earth-likely
[veto] b105/ch63 -:0Hz E=0.80 S=0.00 net=+0.80 -> BLOCK:earth-likely
[veto] b106/ch53 Y4:905156Hz E=1.10 S=0.00 net=+1.10 -> BLOCK:earth-likely
[veto] b106/ch55 Y2:862956Hz E=0.85 S=0.00 net=+0.85 -> BLOCK:earth-likely
[veto] b106/ch56 Y4:119895Hz E=0.85 S=0.00 net=+0.85 -> BLOCK:earth-likely
[veto] b106/ch57 -:0Hz E=0.80 S=0.00 net=+0.80 -> BLOCK:earth-likely
[veto] b106/ch58 -:0Hz E=0.80 S=0.00 net=+0.80 -> BLOCK:earth-likely
[veto] b106/ch59 -:0Hz E=0.80 S=0.00 net=+0.80 -> BLOCK:earth-likely
[veto] b106/ch60 -:0Hz E=0.80 S=0.00 net=+0.80 -> BLOCK:earth-likely
[veto] b106/ch61 -:0Hz E=0.80 S=0.00 net=+0.80 -> BLOCK:earth-likely
[veto] b106/ch62 -:0Hz E=0.80 S=0.00 net=+0.80 -> BLOCK:earth-likely
[veto] b106/ch63 -:0Hz E=0.80 S=0.00 net=+0.80 -> BLOCK:earth-likely
[veto] b107/ch53 Y4:764787Hz E=1.10 S=0.00 net=+1.10 -> BLOCK:earth-likely
[veto] b107/ch54 Y4:1407623Hz E=1.10 S=0.00 net=+1.10 -> BLOCK:earth-likely
[veto] b107/ch55 Y2:845164Hz E=1.10 S=0.00 net=+1.10 -> BLOCK:earth-likely
[veto] b107/ch56 Y2:374615Hz E=0.85 S=0.00 net=+0.85 -> BLOCK:earth-likely
[veto] b107/ch57 -:0Hz E=0.80 S=0.00 net=+0.80 -> BLOCK:earth-likely
[veto] b107/ch58 -:0Hz E=0.80 S=0.00 net=+0.80 -> BLOCK:earth-likely
[veto] b107/ch59 -:0Hz E=0.80 S=0.00 net=+0.80 -> BLOCK:earth-likely
[veto] b107/ch60 -:0Hz E=0.80 S=0.00 net=+0.80 -> BLOCK:earth-likely
[veto] b107/ch61 -:0Hz E=0.80 S=0.00 net=+0.80 -> BLOCK:earth-likely
[veto] b107/ch62 -:0Hz E=0.80 S=0.00 net=+0.80 -> BLOCK:earth-likely
[veto] b107/ch63 -:0Hz E=0.80 S=0.00 net=+0.80 -> BLOCK:earth-likely
[veto] b108/ch55 Y4:832915Hz E=1.10 S=0.00 net=+1.10 -> BLOCK:earth-likely
[veto] b108/ch56 Y2:1148701Hz E=1.10 S=0.00 net=+1.10 -> BLOCK:earth-likely
[veto] b108/ch57 -:0Hz E=0.80 S=0.00 net=+0.80 -> BLOCK:earth-likely
[veto] b108/ch58 -:0Hz E=0.80 S=0.00 net=+0.80 -> BLOCK:earth-likely
[veto] b108/ch59 -:0Hz E=0.80 S=0.00 net=+0.80 -> BLOCK:earth-likely
[veto] b108/ch60 -:0Hz E=0.80 S=0.00 net=+0.80 -> BLOCK:earth-likely
[veto] b108/ch61 -:0Hz E=0.80 S=0.00 net=+0.80 -> BLOCK:earth-likely
[veto] b108/ch62 -:0Hz E=0.80 S=0.00 net=+0.80 -> BLOCK:earth-likely
[veto] b108/ch63 -:0Hz E=0.80 S=0.00 net=+0.80 -> BLOCK:earth-likely
[veto] b109/ch53 Y2:729918Hz E=1.10 S=0.00 net=+1.10 -> BLOCK:earth-likely
[veto] b109/ch54 Y4:1301765Hz E=1.10 S=0.00 net=+1.10 -> BLOCK:earth-likely
[veto] b109/ch55 Y2:8672Hz E=0.90 S=0.00 net=+0.90 -> BLOCK:earth-likely
[veto] b109/ch56 Y4:442117Hz E=1.10 S=0.00 net=+1.10 -> BLOCK:earth-likely
[veto] b109/ch57 -:0Hz E=0.80 S=0.00 net=+0.80 -> BLOCK:earth-likely
[veto] b109/ch58 -:0Hz E=0.80 S=0.00 net=+0.80 -> BLOCK:earth-likely
[veto] b109/ch59 -:0Hz E=0.80 S=0.00 net=+0.80 -> BLOCK:earth-likely
[veto] b109/ch60 -:0Hz E=0.80 S=0.00 net=+0.80 -> BLOCK:earth-likely
[veto] b109/ch61 -:0Hz E=0.80 S=0.00 net=+0.80 -> BLOCK:earth-likely
[veto] b109/ch62 -:0Hz E=0.80 S=0.00 net=+0.80 -> BLOCK:earth-likely
[veto] b109/ch63 -:0Hz E=0.80 S=0.00 net=+0.80 -> BLOCK:earth-likely
[veto] b110/ch53 Y2:626743Hz E=1.10 S=0.00 net=+1.10 -> BLOCK:earth-likely
[veto] b110/ch54 Y4:387490Hz E=0.85 S=0.00 net=+0.85 -> BLOCK:earth-likely
[veto] b110/ch55 Y4:833899Hz E=1.10 S=0.00 net=+1.10 -> BLOCK:earth-likely
[veto] b110/ch56 Y2:1221210Hz E=1.10 S=0.00 net=+1.10 -> BLOCK:earth-likely
[veto] b110/ch57 -:0Hz E=0.80 S=0.00 net=+0.80 -> BLOCK:earth-likely
[veto] b110/ch58 -:0Hz E=0.80 S=0.00 net=+0.80 -> BLOCK:earth-likely
[veto] b110/ch59 -:0Hz E=0.80 S=0.00 net=+0.80 -> BLOCK:earth-likely
[veto] b110/ch60 -:0Hz E=0.80 S=0.00 net=+0.80 -> BLOCK:earth-likely
[veto] b110/ch61 -:0Hz E=0.80 S=0.00 net=+0.80 -> BLOCK:earth-likely
[veto] b110/ch62 -:0Hz E=0.80 S=0.00 net=+0.80 -> BLOCK:earth-likely
[veto] b110/ch63 -:0Hz E=0.80 S=0.00 net=+0.80 -> BLOCK:earth-likely
[veto] b111/ch51 Y2:622809Hz E=0.85 S=0.00 net=+0.85 -> BLOCK:earth-likely
[veto] b111/ch54 Y2:895232Hz E=1.10 S=0.00 net=+1.10 -> BLOCK:earth-likely
[veto] b111/ch55 Y4:223160Hz E=1.10 S=0.00 net=+1.10 -> BLOCK:earth-likely
[veto] b111/ch56 Y2:952452Hz E=1.10 S=0.00 net=+1.10 -> BLOCK:earth-likely
[veto] b111/ch57 -:0Hz E=0.80 S=0.00 net=+0.80 -> BLOCK:earth-likely
[veto] b111/ch58 -:0Hz E=0.80 S=0.00 net=+0.80 -> BLOCK:earth-likely
[veto] b111/ch59 -:0Hz E=0.80 S=0.00 net=+0.80 -> BLOCK:earth-likely
[veto] b111/ch60 -:0Hz E=0.80 S=0.00 net=+0.80 -> BLOCK:earth-likely
[veto] b111/ch61 -:0Hz E=0.80 S=0.00 net=+0.80 -> BLOCK:earth-likely
[veto] b111/ch62 -:0Hz E=0.80 S=0.00 net=+0.80 -> BLOCK:earth-likely
[veto] b111/ch63 -:0Hz E=0.80 S=0.00 net=+0.80 -> BLOCK:earth-likely
[veto] b112/ch53 Y2:1322329Hz E=0.85 S=0.00 net=+0.85 -> BLOCK:earth-likely
[veto] b112/ch55 Y2:1389474Hz E=1.10 S=0.00 net=+1.10 -> BLOCK:earth-likely
[veto] b112/ch56 Y2:1167834Hz E=1.10 S=0.00 net=+1.10 -> BLOCK:earth-likely
[veto] b112/ch57 -:0Hz E=0.80 S=0.00 net=+0.80 -> BLOCK:earth-likely
[veto] b112/ch58 -:0Hz E=0.80 S=0.00 net=+0.80 -> BLOCK:earth-likely
[veto] b112/ch59 -:0Hz E=0.80 S=0.00 net=+0.80 -> BLOCK:earth-likely
[veto] b112/ch60 -:0Hz E=0.80 S=0.00 net=+0.80 -> BLOCK:earth-likely
[veto] b112/ch61 -:0Hz E=0.80 S=0.00 net=+0.80 -> BLOCK:earth-likely
[veto] b112/ch62 -:0Hz E=0.80 S=0.00 net=+0.80 -> BLOCK:earth-likely
[veto] b112/ch63 -:0Hz E=0.80 S=0.00 net=+0.80 -> BLOCK:earth-likely
[veto] b113/ch54 Y4:1399130Hz E=1.10 S=0.00 net=+1.10 -> BLOCK:earth-likely
[veto] b113/ch55 Y2:1096666Hz E=1.10 S=0.00 net=+1.10 -> BLOCK:earth-likely
[veto] b113/ch56 Y2:1215488Hz E=1.10 S=0.00 net=+1.10 -> BLOCK:earth-likely
[veto] b113/ch57 -:0Hz E=0.80 S=0.00 net=+0.80 -> BLOCK:earth-likely
[veto] b113/ch58 -:0Hz E=0.80 S=0.00 net=+0.80 -> BLOCK:earth-likely
[veto] b113/ch59 -:0Hz E=0.80 S=0.00 net=+0.80 -> BLOCK:earth-likely
[veto] b113/ch60 -:0Hz E=0.80 S=0.00 net=+0.80 -> BLOCK:earth-likely
[veto] b113/ch61 -:0Hz E=0.80 S=0.00 net=+0.80 -> BLOCK:earth-likely
[veto] b113/ch62 -:0Hz E=0.80 S=0.00 net=+0.80 -> BLOCK:earth-likely
[veto] b113/ch63 -:0Hz E=0.80 S=0.00 net=+0.80 -> BLOCK:earth-likely
[veto] b114/ch55 Y4:255525Hz E=1.10 S=0.00 net=+1.10 -> BLOCK:earth-likely
[veto] b114/ch56 Y4:529736Hz E=0.85 S=0.00 net=+0.85 -> BLOCK:earth-likely
[veto] b114/ch57 -:0Hz E=0.80 S=0.00 net=+0.80 -> BLOCK:earth-likely
[veto] b114/ch58 -:0Hz E=0.80 S=0.00 net=+0.80 -> BLOCK:earth-likely
[veto] b114/ch59 -:0Hz E=0.80 S=0.00 net=+0.80 -> BLOCK:earth-likely
[veto] b114/ch60 -:0Hz E=0.80 S=0.00 net=+0.80 -> BLOCK:earth-likely
[veto] b114/ch61 -:0Hz E=0.80 S=0.00 net=+0.80 -> BLOCK:earth-likely
[veto] b114/ch62 -:0Hz E=0.80 S=0.00 net=+0.80 -> BLOCK:earth-likely
[veto] b114/ch63 -:0Hz E=0.80 S=0.00 net=+0.80 -> BLOCK:earth-likely
[veto] b115/ch55 Y2:162810Hz E=1.10 S=0.00 net=+1.10 -> BLOCK:earth-likely
[veto] b115/ch56 Y2:1113296Hz E=1.10 S=0.00 net=+1.10 -> BLOCK:earth-likely
[veto] b115/ch57 -:0Hz E=0.80 S=0.00 net=+0.80 -> BLOCK:earth-likely
[veto] b115/ch58 -:0Hz E=0.80 S=0.00 net=+0.80 -> BLOCK:earth-likely
[veto] b115/ch59 -:0Hz E=0.80 S=0.00 net=+0.80 -> BLOCK:earth-likely
[veto] b115/ch60 -:0Hz E=0.80 S=0.00 net=+0.80 -> BLOCK:earth-likely
[veto] b115/ch61 -:0Hz E=0.80 S=0.00 net=+0.80 -> BLOCK:earth-likely
[veto] b115/ch62 -:0Hz E=0.80 S=0.00 net=+0.80 -> BLOCK:earth-likely
[veto] b115/ch63 -:0Hz E=0.80 S=0.00 net=+0.80 -> BLOCK:earth-likely
[veto] b116/ch52 Y2:1310706Hz E=1.10 S=0.00 net=+1.10 -> BLOCK:earth-likely
[veto] b116/ch54 Y2:788033Hz E=0.85 S=0.00 net=+0.85 -> BLOCK:earth-likely
[veto] b116/ch56 Y4:567019Hz E=1.10 S=0.00 net=+1.10 -> BLOCK:earth-likely
[veto] b116/ch57 -:0Hz E=0.80 S=0.00 net=+0.80 -> BLOCK:earth-likely
[veto] b116/ch58 -:0Hz E=0.80 S=0.00 net=+0.80 -> BLOCK:earth-likely
[veto] b116/ch59 -:0Hz E=0.80 S=0.00 net=+0.80 -> BLOCK:earth-likely
[veto] b116/ch60 -:0Hz E=0.80 S=0.00 net=+0.80 -> BLOCK:earth-likely
[veto] b116/ch61 -:0Hz E=0.80 S=0.00 net=+0.80 -> BLOCK:earth-likely
[veto] b116/ch62 -:0Hz E=0.80 S=0.00 net=+0.80 -> BLOCK:earth-likely
[veto] b116/ch63 -:0Hz E=0.80 S=0.00 net=+0.80 -> BLOCK:earth-likely
[veto] b117/ch54 Y4:184089Hz E=0.85 S=0.00 net=+0.85 -> BLOCK:earth-likely
[veto] b117/ch55 Y4:1166850Hz E=1.10 S=0.00 net=+1.10 -> BLOCK:earth-likely
[veto] b117/ch56 Y2:887364Hz E=1.10 S=0.00 net=+1.10 -> BLOCK:earth-likely
[veto] b117/ch57 -:0Hz E=0.80 S=0.00 net=+0.80 -> BLOCK:earth-likely
[veto] b117/ch58 -:0Hz E=0.80 S=0.00 net=+0.80 -> BLOCK:earth-likely
[veto] b117/ch59 -:0Hz E=0.80 S=0.00 net=+0.80 -> BLOCK:earth-likely
[veto] b117/ch60 -:0Hz E=0.80 S=0.00 net=+0.80 -> BLOCK:earth-likely
[veto] b117/ch61 -:0Hz E=0.80 S=0.00 net=+0.80 -> BLOCK:earth-likely
[veto] b117/ch62 -:0Hz E=0.80 S=0.00 net=+0.80 -> BLOCK:earth-likely
[veto] b117/ch63 -:0Hz E=0.80 S=0.00 net=+0.80 -> BLOCK:earth-likely
[veto] b118/ch53 Y2:70095Hz E=0.65 S=0.00 net=+0.65 -> BLOCK:earth-likely
[veto] b118/ch54 Y2:1071811Hz E=1.10 S=0.00 net=+1.10 -> BLOCK:earth-likely
[veto] b118/ch55 Y4:315160Hz E=1.10 S=0.00 net=+1.10 -> BLOCK:earth-likely
[veto] b118/ch56 Y2:611633Hz E=1.10 S=0.00 net=+1.10 -> BLOCK:earth-likely
[veto] b118/ch57 -:0Hz E=0.80 S=0.00 net=+0.80 -> BLOCK:earth-likely
[veto] b118/ch58 -:0Hz E=0.80 S=0.00 net=+0.80 -> BLOCK:earth-likely
[veto] b118/ch59 -:0Hz E=0.80 S=0.00 net=+0.80 -> BLOCK:earth-likely
[veto] b118/ch60 -:0Hz E=0.80 S=0.00 net=+0.80 -> BLOCK:earth-likely
[veto] b118/ch61 -:0Hz E=0.80 S=0.00 net=+0.80 -> BLOCK:earth-likely
[veto] b118/ch62 -:0Hz E=0.80 S=0.00 net=+0.80 -> BLOCK:earth-likely
[veto] b118/ch63 -:0Hz E=0.80 S=0.00 net=+0.80 -> BLOCK:earth-likely
[veto] b119/ch53 Y2:1260102Hz E=1.10 S=0.00 net=+1.10 -> BLOCK:earth-likely
[veto] b119/ch55 Y2:809848Hz E=1.10 S=0.00 net=+1.10 -> BLOCK:earth-likely
[veto] b119/ch56 Y4:744313Hz E=1.10 S=0.00 net=+1.10 -> BLOCK:earth-likely
[veto] b119/ch57 -:0Hz E=0.80 S=0.00 net=+0.80 -> BLOCK:earth-likely
[veto] b119/ch58 -:0Hz E=0.80 S=0.00 net=+0.80 -> BLOCK:earth-likely
[veto] b119/ch59 -:0Hz E=0.80 S=0.00 net=+0.80 -> BLOCK:earth-likely
[veto] b119/ch60 -:0Hz E=0.80 S=0.00 net=+0.80 -> BLOCK:earth-likely
[veto] b119/ch61 -:0Hz E=0.80 S=0.00 net=+0.80 -> BLOCK:earth-likely
[veto] b119/ch62 -:0Hz E=0.80 S=0.00 net=+0.80 -> BLOCK:earth-likely
[veto] b119/ch63 -:0Hz E=0.80 S=0.00 net=+0.80 -> BLOCK:earth-likely
[veto] b120/ch53 Y4:1437128Hz E=0.85 S=0.00 net=+0.85 -> BLOCK:earth-likely
[veto] b120/ch55 Y2:59545Hz E=0.90 S=0.00 net=+0.90 -> BLOCK:earth-likely
[veto] b120/ch56 Y2:671893Hz E=0.85 S=0.00 net=+0.85 -> BLOCK:earth-likely
[veto] b120/ch57 -:0Hz E=0.80 S=0.00 net=+0.80 -> BLOCK:earth-likely
[veto] b120/ch58 -:0Hz E=0.80 S=0.00 net=+0.80 -> BLOCK:earth-likely
[veto] b120/ch59 -:0Hz E=0.80 S=0.00 net=+0.80 -> BLOCK:earth-likely
[veto] b120/ch60 -:0Hz E=0.80 S=0.00 net=+0.80 -> BLOCK:earth-likely
[veto] b120/ch61 -:0Hz E=0.80 S=0.00 net=+0.80 -> BLOCK:earth-likely
[veto] b120/ch62 -:0Hz E=0.80 S=0.00 net=+0.80 -> BLOCK:earth-likely
[veto] b120/ch63 -:0Hz E=0.80 S=0.00 net=+0.80 -> BLOCK:earth-likely
[veto] b121/ch40 Y2:251770Hz E=0.85 S=0.00 net=+0.85 -> BLOCK:earth-likely
[veto] b121/ch54 Y2:111938Hz E=1.10 S=0.00 net=+1.10 -> BLOCK:earth-likely
[veto] b121/ch55 Y4:1017004Hz E=1.10 S=0.00 net=+1.10 -> BLOCK:earth-likely
[veto] b121/ch56 Y4:293434Hz E=1.10 S=0.00 net=+1.10 -> BLOCK:earth-likely
[veto] b121/ch57 -:0Hz E=0.80 S=0.00 net=+0.80 -> BLOCK:earth-likely
[veto] b121/ch58 -:0Hz E=0.80 S=0.00 net=+0.80 -> BLOCK:earth-likely
[veto] b121/ch59 -:0Hz E=0.80 S=0.00 net=+0.80 -> BLOCK:earth-likely
[veto] b121/ch60 -:0Hz E=0.80 S=0.00 net=+0.80 -> BLOCK:earth-likely
[veto] b121/ch61 -:0Hz E=0.80 S=0.00 net=+0.80 -> BLOCK:earth-likely
[veto] b121/ch62 -:0Hz E=0.80 S=0.00 net=+0.80 -> BLOCK:earth-likely
[veto] b121/ch63 -:0Hz E=0.80 S=0.00 net=+0.80 -> BLOCK:earth-likely
[veto] b122/ch55 Y2:311494Hz E=1.10 S=0.00 net=+1.10 -> BLOCK:earth-likely
[veto] b122/ch56 Y2:1312315Hz E=1.10 S=0.00 net=+1.10 -> BLOCK:earth-likely
[veto] b122/ch57 -:0Hz E=0.80 S=0.00 net=+0.80 -> BLOCK:earth-likely
[veto] b122/ch58 -:0Hz E=0.80 S=0.00 net=+0.80 -> BLOCK:earth-likely
[veto] b122/ch59 -:0Hz E=0.80 S=0.00 net=+0.80 -> BLOCK:earth-likely
[veto] b122/ch60 -:0Hz E=0.80 S=0.00 net=+0.80 -> BLOCK:earth-likely
[veto] b122/ch61 -:0Hz E=0.80 S=0.00 net=+0.80 -> BLOCK:earth-likely
[veto] b122/ch62 -:0Hz E=0.80 S=0.00 net=+0.80 -> BLOCK:earth-likely
[veto] b122/ch63 -:0Hz E=0.80 S=0.00 net=+0.80 -> BLOCK:earth-likely
[veto] b123/ch55 Y2:720352Hz E=1.10 S=0.00 net=+1.10 -> BLOCK:earth-likely
[veto] b123/ch56 Y2:1140118Hz E=1.10 S=0.00 net=+1.10 -> BLOCK:earth-likely
[veto] b123/ch57 -:0Hz E=0.80 S=0.00 net=+0.80 -> BLOCK:earth-likely
[veto] b123/ch58 -:0Hz E=0.80 S=0.00 net=+0.80 -> BLOCK:earth-likely
[veto] b123/ch59 -:0Hz E=0.80 S=0.00 net=+0.80 -> BLOCK:earth-likely
[veto] b123/ch60 -:0Hz E=0.80 S=0.00 net=+0.80 -> BLOCK:earth-likely
[veto] b123/ch61 -:0Hz E=0.80 S=0.00 net=+0.80 -> BLOCK:earth-likely
[veto] b123/ch62 -:0Hz E=0.80 S=0.00 net=+0.80 -> BLOCK:earth-likely
[veto] b123/ch63 -:0Hz E=0.80 S=0.00 net=+0.80 -> BLOCK:earth-likely
[veto] b124/ch53 Y2:391603Hz E=0.85 S=0.00 net=+0.85 -> BLOCK:earth-likely
[veto] b124/ch54 Y4:1304537Hz E=1.10 S=0.00 net=+1.10 -> BLOCK:earth-likely
[veto] b124/ch55 Y2:560850Hz E=1.10 S=0.00 net=+1.10 -> BLOCK:earth-likely
[veto] b124/ch56 Y2:609040Hz E=1.10 S=0.00 net=+1.10 -> BLOCK:earth-likely
[veto] b124/ch57 -:0Hz E=0.80 S=0.00 net=+0.80 -> BLOCK:earth-likely
[veto] b124/ch58 -:0Hz E=0.80 S=0.00 net=+0.80 -> BLOCK:earth-likely
[veto] b124/ch59 -:0Hz E=0.80 S=0.00 net=+0.80 -> BLOCK:earth-likely
[veto] b124/ch60 -:0Hz E=0.80 S=0.00 net=+0.80 -> BLOCK:earth-likely
[veto] b124/ch61 -:0Hz E=0.80 S=0.00 net=+0.80 -> BLOCK:earth-likely
[veto] b124/ch62 -:0Hz E=0.80 S=0.00 net=+0.80 -> BLOCK:earth-likely
[veto] b124/ch63 -:0Hz E=0.80 S=0.00 net=+0.80 -> BLOCK:earth-likely
[veto] b125/ch53 Y2:293434Hz E=0.85 S=0.00 net=+0.85 -> BLOCK:earth-likely
[veto] b125/ch55 Y2:824600Hz E=1.10 S=0.00 net=+1.10 -> BLOCK:earth-likely
[veto] b125/ch56 Y2:203222Hz E=1.10 S=0.00 net=+1.10 -> BLOCK:earth-likely
[veto] b125/ch57 -:0Hz E=0.80 S=0.00 net=+0.80 -> BLOCK:earth-likely
[veto] b125/ch58 -:0Hz E=0.80 S=0.00 net=+0.80 -> BLOCK:earth-likely
[veto] b125/ch59 -:0Hz E=0.80 S=0.00 net=+0.80 -> BLOCK:earth-likely
[veto] b125/ch60 -:0Hz E=0.80 S=0.00 net=+0.80 -> BLOCK:earth-likely
[veto] b125/ch61 -:0Hz E=0.80 S=0.00 net=+0.80 -> BLOCK:earth-likely
[veto] b125/ch62 -:0Hz E=0.80 S=0.00 net=+0.80 -> BLOCK:earth-likely
[veto] b125/ch63 -:0Hz E=0.80 S=0.00 net=+0.80 -> BLOCK:earth-likely
[veto] b126/ch54 Y4:56148Hz E=0.65 S=0.00 net=+0.65 -> BLOCK:earth-likely
[veto] b126/ch55 Y4:356197Hz E=0.85 S=0.00 net=+0.85 -> BLOCK:earth-likely
[veto] b126/ch56 Y2:1213074Hz E=1.10 S=0.00 net=+1.10 -> BLOCK:earth-likely
[veto] b126/ch57 -:0Hz E=0.80 S=0.00 net=+0.80 -> BLOCK:earth-likely
[veto] b126/ch58 -:0Hz E=0.80 S=0.00 net=+0.80 -> BLOCK:earth-likely
[veto] b126/ch59 -:0Hz E=0.80 S=0.00 net=+0.80 -> BLOCK:earth-likely
[veto] b126/ch60 -:0Hz E=0.80 S=0.00 net=+0.80 -> BLOCK:earth-likely
[veto] b126/ch61 -:0Hz E=0.80 S=0.00 net=+0.80 -> BLOCK:earth-likely
[veto] b126/ch62 -:0Hz E=0.80 S=0.00 net=+0.80 -> BLOCK:earth-likely
[veto] b126/ch63 -:0Hz E=0.80 S=0.00 net=+0.80 -> BLOCK:earth-likely
[veto] b127/ch53 Y2:250429Hz E=1.10 S=0.00 net=+1.10 -> BLOCK:earth-likely
[veto] b127/ch55 Y2:1451969Hz E=1.10 S=0.00 net=+1.10 -> BLOCK:earth-likely
[veto] b127/ch56 Y4:506222Hz E=1.10 S=0.00 net=+1.10 -> BLOCK:earth-likely
[veto] b127/ch57 -:0Hz E=0.80 S=0.00 net=+0.80 -> BLOCK:earth-likely
[veto] b127/ch58 -:0Hz E=0.80 S=0.00 net=+0.80 -> BLOCK:earth-likely
[veto] b127/ch59 -:0Hz E=0.80 S=0.00 net=+0.80 -> BLOCK:earth-likely
[veto] b127/ch60 -:0Hz E=0.80 S=0.00 net=+0.80 -> BLOCK:earth-likely
[veto] b127/ch61 -:0Hz E=0.80 S=0.00 net=+0.80 -> BLOCK:earth-likely
[veto] b127/ch62 -:0Hz E=0.80 S=0.00 net=+0.80 -> BLOCK:earth-likely
[veto] b127/ch63 -:0Hz E=0.80 S=0.00 net=+0.80 -> BLOCK:earth-likely
[veto] BLOCK=1289 WATCH=2 CANDIDATE=0 | catalog=1128 classes
