[veto] band geometry from blc44_guppi_59103_01984_DIAG_KEPLER-160_0010.0000.raw: 1407.715 MHz centre, -187.500 MHz, 64 chan
[veto] cadence: ON=1414 signatures, OFF=1457
[veto] b0/ch0 Y4:199646Hz E=0.85 S=0.15 net=+0.70 -> BLOCK:earth-likely
[veto] b0/ch35 Y4:287265Hz E=0.85 S=0.15 net=+0.70 -> BLOCK:earth-likely
[veto] b0/ch53 Y2:165313Hz E=0.85 S=0.15 net=+0.70 -> BLOCK:earth-likely
[veto] b0/ch54 Y4:282258Hz E=0.85 S=0.15 net=+0.70 -> BLOCK:earth-likely
[veto] b0/ch55 Y4:698090Hz E=1.10 S=0.15 net=+0.95 -> BLOCK:earth-likely
[veto] b0/ch56 Y4:185966Hz E=0.85 S=0.15 net=+0.70 -> BLOCK:earth-likely
[veto] b0/ch57 -:0Hz E=0.80 S=0.15 net=+0.65 -> BLOCK:earth-likely
[veto] b0/ch58 -:0Hz E=0.80 S=0.15 net=+0.65 -> BLOCK:earth-likely
[veto] b0/ch59 -:0Hz E=0.80 S=0.15 net=+0.65 -> BLOCK:earth-likely
[veto] b0/ch60 -:0Hz E=0.80 S=0.15 net=+0.65 -> BLOCK:earth-likely
[veto] b0/ch61 -:0Hz E=0.80 S=0.15 net=+0.65 -> BLOCK:earth-likely
[veto] b0/ch62 -:0Hz E=0.80 S=0.15 net=+0.65 -> BLOCK:earth-likely
[veto] b0/ch63 -:0Hz E=0.80 S=0.15 net=+0.65 -> BLOCK:earth-likely
[veto] b1/ch0 Y2:49531Hz E=0.65 S=0.15 net=+0.50 -> BLOCK:earth-likely
[veto] b1/ch55 Y4:923038Hz E=1.10 S=0.15 net=+0.95 -> BLOCK:earth-likely
[veto] b1/ch56 Y4:5454Hz E=0.90 S=0.15 net=+0.75 -> BLOCK:earth-likely
[veto] b1/ch57 -:0Hz E=0.80 S=0.15 net=+0.65 -> BLOCK:earth-likely
[veto] b1/ch58 -:0Hz E=0.80 S=0.15 net=+0.65 -> BLOCK:earth-likely
[veto] b1/ch59 -:0Hz E=0.80 S=0.15 net=+0.65 -> BLOCK:earth-likely
[veto] b1/ch60 -:0Hz E=0.80 S=0.15 net=+0.65 -> BLOCK:earth-likely
[veto] b1/ch61 -:0Hz E=0.80 S=0.15 net=+0.65 -> BLOCK:earth-likely
[veto] b1/ch62 -:0Hz E=0.80 S=0.15 net=+0.65 -> BLOCK:earth-likely
[veto] b1/ch63 -:0Hz E=0.80 S=0.15 net=+0.65 -> BLOCK:earth-likely
[veto] b2/ch0 Y4:738770Hz E=1.10 S=0.15 net=+0.95 -> BLOCK:earth-likely
[veto] b2/ch54 Y2:179440Hz E=1.10 S=0.15 net=+0.95 -> BLOCK:earth-likely
[veto] b2/ch55 Y4:1424879Hz E=1.10 S=0.15 net=+0.95 -> BLOCK:earth-likely
[veto] b2/ch56 Y4:629872Hz E=1.10 S=0.15 net=+0.95 -> BLOCK:earth-likely
[veto] b2/ch57 -:0Hz E=0.80 S=0.15 net=+0.65 -> BLOCK:earth-likely
[veto] b2/ch58 -:0Hz E=0.80 S=0.15 net=+0.65 -> BLOCK:earth-likely
[veto] b2/ch59 -:0Hz E=0.80 S=0.15 net=+0.65 -> BLOCK:earth-likely
[veto] b2/ch60 -:0Hz E=0.80 S=0.15 net=+0.65 -> BLOCK:earth-likely
[veto] b2/ch61 -:0Hz E=0.80 S=0.15 net=+0.65 -> BLOCK:earth-likely
[veto] b2/ch62 -:0Hz E=0.80 S=0.15 net=+0.65 -> BLOCK:earth-likely
[veto] b2/ch63 -:0Hz E=0.80 S=0.15 net=+0.65 -> BLOCK:earth-likely
[veto] b3/ch0 Y2:117213Hz E=1.10 S=0.15 net=+0.95 -> BLOCK:earth-likely
[veto] b3/ch54 Y2:664473Hz E=0.85 S=0.15 net=+0.70 -> BLOCK:earth-likely
[veto] b3/ch56 Y2:1008421Hz E=1.10 S=0.15 net=+0.95 -> BLOCK:earth-likely
[veto] b3/ch57 -:0Hz E=0.80 S=0.15 net=+0.65 -> BLOCK:earth-likely
[veto] b3/ch58 -:0Hz E=0.80 S=0.15 net=+0.65 -> BLOCK:earth-likely
[veto] b3/ch59 -:0Hz E=0.80 S=0.15 net=+0.65 -> BLOCK:earth-likely
[veto] b3/ch60 -:0Hz E=0.80 S=0.15 net=+0.65 -> BLOCK:earth-likely
[veto] b3/ch61 -:0Hz E=0.80 S=0.15 net=+0.65 -> BLOCK:earth-likely
[veto] b3/ch62 -:0Hz E=0.80 S=0.15 net=+0.65 -> BLOCK:earth-likely
[veto] b3/ch63 -:0Hz E=0.80 S=0.15 net=+0.65 -> BLOCK:earth-likely
[veto] b4/ch0 Y4:10550Hz E=0.90 S=0.15 net=+0.75 -> BLOCK:earth-likely
[veto] b4/ch53 Y2:865906Hz E=0.85 S=0.15 net=+0.70 -> BLOCK:earth-likely
[veto] b4/ch56 Y2:701308Hz E=1.10 S=0.15 net=+0.95 -> BLOCK:earth-likely
[veto] b4/ch57 -:0Hz E=0.80 S=0.15 net=+0.65 -> BLOCK:earth-likely
[veto] b4/ch58 -:0Hz E=0.80 S=0.15 net=+0.65 -> BLOCK:earth-likely
[veto] b4/ch59 -:0Hz E=0.80 S=0.15 net=+0.65 -> BLOCK:earth-likely
[veto] b4/ch60 -:0Hz E=0.80 S=0.15 net=+0.65 -> BLOCK:earth-likely
[veto] b4/ch61 -:0Hz E=0.80 S=0.15 net=+0.65 -> BLOCK:earth-likely
[veto] b4/ch62 -:0Hz E=0.80 S=0.15 net=+0.65 -> BLOCK:earth-likely
[veto] b4/ch63 -:0Hz E=0.80 S=0.15 net=+0.65 -> BLOCK:earth-likely
[veto] b5/ch0 Y4:541806Hz E=1.10 S=0.15 net=+0.95 -> BLOCK:earth-likely
[veto] b5/ch53 Y4:491023Hz E=0.85 S=0.15 net=+0.70 -> BLOCK:earth-likely
[veto] b5/ch54 Y4:1237124Hz E=1.10 S=0.15 net=+0.95 -> BLOCK:earth-likely
[veto] b5/ch55 Y2:79125Hz E=0.65 S=0.15 net=+0.50 -> BLOCK:earth-likely
[veto] b5/ch56 Y4:1329035Hz E=1.10 S=0.15 net=+0.95 -> BLOCK:earth-likely
[veto] b5/ch57 -:0Hz E=0.80 S=0.15 net=+0.65 -> BLOCK:earth-likely
[veto] b5/ch58 -:0Hz E=0.80 S=0.15 net=+0.65 -> BLOCK:earth-likely
[veto] b5/ch59 -:0Hz E=0.80 S=0.15 net=+0.65 -> BLOCK:earth-likely
[veto] b5/ch60 -:0Hz E=0.80 S=0.15 net=+0.65 -> BLOCK:earth-likely
[veto] b5/ch61 -:0Hz E=0.80 S=0.15 net=+0.65 -> BLOCK:earth-likely
[veto] b5/ch62 -:0Hz E=0.80 S=0.15 net=+0.65 -> BLOCK:earth-likely
[veto] b5/ch63 -:0Hz E=0.80 S=0.15 net=+0.65 -> BLOCK:earth-likely
[veto] b6/ch0 Y2:9388Hz E=0.65 S=0.15 net=+0.50 -> BLOCK:earth-likely
[veto] b6/ch56 Y4:409126Hz E=1.10 S=0.15 net=+0.95 -> BLOCK:earth-likely
[veto] b6/ch57 -:0Hz E=0.80 S=0.15 net=+0.65 -> BLOCK:earth-likely
[veto] b6/ch58 -:0Hz E=0.80 S=0.15 net=+0.65 -> BLOCK:earth-likely
[veto] b6/ch59 -:0Hz E=0.80 S=0.15 net=+0.65 -> BLOCK:earth-likely
[veto] b6/ch60 -:0Hz E=0.80 S=0.15 net=+0.65 -> BLOCK:earth-likely
[veto] b6/ch61 -:0Hz E=0.80 S=0.15 net=+0.65 -> BLOCK:earth-likely
[veto] b6/ch62 -:0Hz E=0.80 S=0.15 net=+0.65 -> BLOCK:earth-likely
[veto] b6/ch63 -:0Hz E=0.80 S=0.15 net=+0.65 -> BLOCK:earth-likely
[veto] b7/ch0 Y2:1223445Hz E=1.10 S=0.15 net=+0.95 -> BLOCK:earth-likely
[veto] b7/ch53 Y2:290930Hz E=0.85 S=0.15 net=+0.70 -> BLOCK:earth-likely
[veto] b7/ch54 Y4:731796Hz E=1.10 S=0.15 net=+0.95 -> BLOCK:earth-likely
[veto] b7/ch55 Y2:510335Hz E=1.10 S=0.15 net=+0.95 -> BLOCK:earth-likely
[veto] b7/ch56 Y4:998586Hz E=1.10 S=0.15 net=+0.95 -> BLOCK:earth-likely
[veto] b7/ch57 -:0Hz E=0.80 S=0.15 net=+0.65 -> BLOCK:earth-likely
[veto] b7/ch58 -:0Hz E=0.80 S=0.15 net=+0.65 -> BLOCK:earth-likely
[veto] b7/ch59 -:0Hz E=0.80 S=0.15 net=+0.65 -> BLOCK:earth-likely
[veto] b7/ch60 -:0Hz E=0.80 S=0.15 net=+0.65 -> BLOCK:earth-likely
[veto] b7/ch61 -:0Hz E=0.80 S=0.15 net=+0.65 -> BLOCK:earth-likely
[veto] b7/ch62 -:0Hz E=0.80 S=0.15 net=+0.65 -> BLOCK:earth-likely
[veto] b7/ch63 -:0Hz E=0.80 S=0.15 net=+0.65 -> BLOCK:earth-likely
[veto] b8/ch0 Y2:1114637Hz E=1.10 S=0.15 net=+0.95 -> BLOCK:earth-likely
[veto] b8/ch56 Y2:1282632Hz E=1.10 S=0.15 net=+0.95 -> BLOCK:earth-likely
[veto] b8/ch57 -:0Hz E=0.80 S=0.15 net=+0.65 -> BLOCK:earth-likely
[veto] b8/ch58 -:0Hz E=0.80 S=0.15 net=+0.65 -> BLOCK:earth-likely
[veto] b8/ch59 -:0Hz E=0.80 S=0.15 net=+0.65 -> BLOCK:earth-likely
[veto] b8/ch60 -:0Hz E=0.80 S=0.15 net=+0.65 -> BLOCK:earth-likely
[veto] b8/ch61 -:0Hz E=0.80 S=0.15 net=+0.65 -> BLOCK:earth-likely
[veto] b8/ch62 -:0Hz E=0.80 S=0.15 net=+0.65 -> BLOCK:earth-likely
[veto] b8/ch63 -:0Hz E=0.80 S=0.15 net=+0.65 -> BLOCK:earth-likely
[veto] b9/ch0 Y2:1241058Hz E=1.10 S=0.15 net=+0.95 -> BLOCK:earth-likely
[veto] b9/ch47 Y2:727057Hz E=0.85 S=0.15 net=+0.70 -> BLOCK:earth-likely
[veto] b9/ch55 Y4:928938Hz E=1.10 S=0.15 net=+0.95 -> BLOCK:earth-likely
[veto] b9/ch56 Y2:670016Hz E=1.10 S=0.15 net=+0.95 -> BLOCK:earth-likely
[veto] b9/ch57 -:0Hz E=0.80 S=0.15 net=+0.65 -> BLOCK:earth-likely
[veto] b9/ch58 -:0Hz E=0.80 S=0.15 net=+0.65 -> BLOCK:earth-likely
[veto] b9/ch59 -:0Hz E=0.80 S=0.15 net=+0.65 -> BLOCK:earth-likely
[veto] b9/ch60 -:0Hz E=0.80 S=0.15 net=+0.65 -> BLOCK:earth-likely
[veto] b9/ch61 -:0Hz E=0.80 S=0.15 net=+0.65 -> BLOCK:earth-likely
[veto] b9/ch62 -:0Hz E=0.80 S=0.15 net=+0.65 -> BLOCK:earth-likely
[veto] b9/ch63 -:0Hz E=0.80 S=0.15 net=+0.65 -> BLOCK:earth-likely
[veto] b10/ch0 Y2:995636Hz E=1.10 S=0.15 net=+0.95 -> BLOCK:earth-likely
[veto] b10/ch53 Y2:841945Hz E=1.10 S=0.15 net=+0.95 -> BLOCK:earth-likely
[veto] b10/ch54 Y2:592142Hz E=1.10 S=0.15 net=+0.95 -> BLOCK:earth-likely
[veto] b10/ch55 Y2:1236051Hz E=1.10 S=0.15 net=+0.95 -> BLOCK:earth-likely
[veto] b10/ch56 Y2:566304Hz E=1.10 S=0.15 net=+0.95 -> BLOCK:earth-likely
[veto] b10/ch57 -:0Hz E=0.80 S=0.15 net=+0.65 -> BLOCK:earth-likely
[veto] b10/ch58 -:0Hz E=0.80 S=0.15 net=+0.65 -> BLOCK:earth-likely
[veto] b10/ch59 -:0Hz E=0.80 S=0.15 net=+0.65 -> BLOCK:earth-likely
[veto] b10/ch60 -:0Hz E=0.80 S=0.15 net=+0.65 -> BLOCK:earth-likely
[veto] b10/ch61 -:0Hz E=0.80 S=0.15 net=+0.65 -> BLOCK:earth-likely
[veto] b10/ch62 -:0Hz E=0.80 S=0.15 net=+0.65 -> BLOCK:earth-likely
[veto] b10/ch63 -:0Hz E=0.80 S=0.15 net=+0.65 -> BLOCK:earth-likely
[veto] b11/ch0 Y4:414848Hz E=1.10 S=0.15 net=+0.95 -> BLOCK:earth-likely
[veto] b11/ch54 Y2:226110Hz E=0.85 S=0.15 net=+0.70 -> BLOCK:earth-likely
[veto] b11/ch55 Y4:148147Hz E=1.10 S=0.15 net=+0.95 -> BLOCK:earth-likely
[veto] b11/ch56 Y4:22531Hz E=0.65 S=0.15 net=+0.50 -> BLOCK:earth-likely
[veto] b11/ch57 -:0Hz E=0.80 S=0.15 net=+0.65 -> BLOCK:earth-likely
[veto] b11/ch58 -:0Hz E=0.80 S=0.15 net=+0.65 -> BLOCK:earth-likely
[veto] b11/ch59 -:0Hz E=0.80 S=0.15 net=+0.65 -> BLOCK:earth-likely
[veto] b11/ch60 -:0Hz E=0.80 S=0.15 net=+0.65 -> BLOCK:earth-likely
[veto] b11/ch61 -:0Hz E=0.80 S=0.15 net=+0.65 -> BLOCK:earth-likely
[veto] b11/ch62 -:0Hz E=0.80 S=0.15 net=+0.65 -> BLOCK:earth-likely
[veto] b11/ch63 -:0Hz E=0.80 S=0.15 net=+0.65 -> BLOCK:earth-likely
[veto] b12/ch0 Y2:290394Hz E=1.10 S=0.15 net=+0.95 -> BLOCK:earth-likely
[veto] b12/ch54 Y4:949591Hz E=1.10 S=0.15 net=+0.95 -> BLOCK:earth-likely
[veto] b12/ch55 Y2:31114Hz E=0.65 S=0.15 net=+0.50 -> BLOCK:earth-likely
[veto] b12/ch56 Y4:1061529Hz E=1.10 S=0.15 net=+0.95 -> BLOCK:earth-likely
[veto] b12/ch57 -:0Hz E=0.80 S=0.15 net=+0.65 -> BLOCK:earth-likely
[veto] b12/ch58 -:0Hz E=0.80 S=0.15 net=+0.65 -> BLOCK:earth-likely
[veto] b12/ch59 -:0Hz E=0.80 S=0.15 net=+0.65 -> BLOCK:earth-likely
[veto] b12/ch60 -:0Hz E=0.80 S=0.15 net=+0.65 -> BLOCK:earth-likely
[veto] b12/ch61 -:0Hz E=0.80 S=0.15 net=+0.65 -> BLOCK:earth-likely
[veto] b12/ch62 -:0Hz E=0.80 S=0.15 net=+0.65 -> BLOCK:earth-likely
[veto] b12/ch63 -:0Hz E=0.80 S=0.15 net=+0.65 -> BLOCK:earth-likely
[veto] b13/ch0 Y4:140011Hz E=1.10 S=0.15 net=+0.95 -> BLOCK:earth-likely
[veto] b13/ch54 Y4:604928Hz E=1.10 S=0.15 net=+0.95 -> BLOCK:earth-likely
[veto] b13/ch55 Y4:773996Hz E=1.10 S=0.15 net=+0.95 -> BLOCK:earth-likely
[veto] b13/ch56 Y2:588924Hz E=1.10 S=0.15 net=+0.95 -> BLOCK:earth-likely
[veto] b13/ch57 -:0Hz E=0.80 S=0.15 net=+0.65 -> BLOCK:earth-likely
[veto] b13/ch58 -:0Hz E=0.80 S=0.15 net=+0.65 -> BLOCK:earth-likely
[veto] b13/ch59 -:0Hz E=0.80 S=0.15 net=+0.65 -> BLOCK:earth-likely
[veto] b13/ch60 -:0Hz E=0.80 S=0.15 net=+0.65 -> BLOCK:earth-likely
[veto] b13/ch61 -:0Hz E=0.80 S=0.15 net=+0.65 -> BLOCK:earth-likely
[veto] b13/ch62 -:0Hz E=0.80 S=0.15 net=+0.65 -> BLOCK:earth-likely
[veto] b13/ch63 -:0Hz E=0.80 S=0.15 net=+0.65 -> BLOCK:earth-likely
[veto] b14/ch0 Y2:333041Hz E=1.10 S=0.15 net=+0.95 -> BLOCK:earth-likely
[veto] b14/ch54 Y2:685483Hz E=0.85 S=0.15 net=+0.70 -> BLOCK:earth-likely
[veto] b14/ch55 Y2:614852Hz E=1.10 S=0.15 net=+0.95 -> BLOCK:earth-likely
[veto] b14/ch56 Y4:866264Hz E=1.10 S=0.15 net=+0.95 -> BLOCK:earth-likely
[veto] b14/ch57 -:0Hz E=0.80 S=0.15 net=+0.65 -> BLOCK:earth-likely
[veto] b14/ch58 -:0Hz E=0.80 S=0.15 net=+0.65 -> BLOCK:earth-likely
[veto] b14/ch59 -:0Hz E=0.80 S=0.15 net=+0.65 -> BLOCK:earth-likely
[veto] b14/ch60 -:0Hz E=0.80 S=0.15 net=+0.65 -> BLOCK:earth-likely
[veto] b14/ch61 -:0Hz E=0.80 S=0.15 net=+0.65 -> BLOCK:earth-likely
[veto] b14/ch62 -:0Hz E=0.80 S=0.15 net=+0.65 -> BLOCK:earth-likely
[veto] b14/ch63 -:0Hz E=0.80 S=0.15 net=+0.65 -> BLOCK:earth-likely
[veto] b15/ch0 Y4:37462Hz E=0.65 S=0.15 net=+0.50 -> BLOCK:earth-likely
[veto] b15/ch52 Y2:1088172Hz E=1.10 S=0.15 net=+0.95 -> BLOCK:earth-likely
[veto] b15/ch54 Y2:536174Hz E=0.85 S=0.15 net=+0.70 -> BLOCK:earth-likely
[veto] b15/ch55 Y4:351727Hz E=0.85 S=0.15 net=+0.70 -> BLOCK:earth-likely
[veto] b15/ch56 Y2:998944Hz E=1.10 S=0.15 net=+0.95 -> BLOCK:earth-likely
[veto] b15/ch57 -:0Hz E=0.80 S=0.15 net=+0.65 -> BLOCK:earth-likely
[veto] b15/ch58 -:0Hz E=0.80 S=0.15 net=+0.65 -> BLOCK:earth-likely
[veto] b15/ch59 -:0Hz E=0.80 S=0.15 net=+0.65 -> BLOCK:earth-likely
[veto] b15/ch60 -:0Hz E=0.80 S=0.15 net=+0.65 -> BLOCK:earth-likely
[veto] b15/ch61 -:0Hz E=0.80 S=0.15 net=+0.65 -> BLOCK:earth-likely
[veto] b15/ch62 -:0Hz E=0.80 S=0.15 net=+0.65 -> BLOCK:earth-likely
[veto] b15/ch63 -:0Hz E=0.80 S=0.15 net=+0.65 -> BLOCK:earth-likely
[veto] b16/ch0 Y4:421196Hz E=1.10 S=0.15 net=+0.95 -> BLOCK:earth-likely
[veto] b16/ch55 Y2:138313Hz E=1.10 S=0.15 net=+0.95 -> BLOCK:earth-likely
[veto] b16/ch56 Y4:710875Hz E=0.85 S=0.15 net=+0.70 -> BLOCK:earth-likely
[veto] b16/ch57 -:0Hz E=0.80 S=0.15 net=+0.65 -> BLOCK:earth-likely
[veto] b16/ch58 -:0Hz E=0.80 S=0.15 net=+0.65 -> BLOCK:earth-likely
[veto] b16/ch59 -:0Hz E=0.80 S=0.15 net=+0.65 -> BLOCK:earth-likely
[veto] b16/ch60 -:0Hz E=0.80 S=0.15 net=+0.65 -> BLOCK:earth-likely
[veto] b16/ch61 -:0Hz E=0.80 S=0.15 net=+0.65 -> BLOCK:earth-likely
[veto] b16/ch62 -:0Hz E=0.80 S=0.15 net=+0.65 -> BLOCK:earth-likely
[veto] b16/ch63 -:0Hz E=0.80 S=0.15 net=+0.65 -> BLOCK:earth-likely
[veto] b17/ch0 Y4:268757Hz E=1.10 S=0.15 net=+0.95 -> BLOCK:earth-likely
[veto] b17/ch54 Y4:822276Hz E=1.10 S=0.15 net=+0.95 -> BLOCK:earth-likely
[veto] b17/ch55 Y4:51141Hz E=0.90 S=0.15 net=+0.75 -> BLOCK:earth-likely
[veto] b17/ch56 Y2:16540Hz E=0.65 S=0.15 net=+0.50 -> BLOCK:earth-likely
[veto] b17/ch57 -:0Hz E=0.80 S=0.15 net=+0.65 -> BLOCK:earth-likely
[veto] b17/ch58 -:0Hz E=0.80 S=0.15 net=+0.65 -> BLOCK:earth-likely
[veto] b17/ch59 -:0Hz E=0.80 S=0.15 net=+0.65 -> BLOCK:earth-likely
[veto] b17/ch60 -:0Hz E=0.80 S=0.15 net=+0.65 -> BLOCK:earth-likely
[veto] b17/ch61 -:0Hz E=0.80 S=0.15 net=+0.65 -> BLOCK:earth-likely
[veto] b17/ch62 -:0Hz E=0.80 S=0.15 net=+0.65 -> BLOCK:earth-likely
[veto] b17/ch63 -:0Hz E=0.80 S=0.15 net=+0.65 -> BLOCK:earth-likely
[veto] b18/ch0 Y2:557721Hz E=1.10 S=0.15 net=+0.95 -> BLOCK:earth-likely
[veto] b18/ch54 Y4:1028180Hz E=1.10 S=0.15 net=+0.95 -> BLOCK:earth-likely
[veto] b18/ch55 Y4:476271Hz E=0.85 S=0.15 net=+0.70 -> BLOCK:earth-likely
[veto] b18/ch56 -:0Hz E=0.80 S=0.15 net=+0.65 -> BLOCK:earth-likely
[veto] b18/ch57 -:0Hz E=0.80 S=0.15 net=+0.65 -> BLOCK:earth-likely
[veto] b18/ch58 -:0Hz E=0.80 S=0.15 net=+0.65 -> BLOCK:earth-likely
[veto] b18/ch59 -:0Hz E=0.80 S=0.15 net=+0.65 -> BLOCK:earth-likely
[veto] b18/ch60 -:0Hz E=0.80 S=0.15 net=+0.65 -> BLOCK:earth-likely
[veto] b18/ch61 -:0Hz E=0.80 S=0.15 net=+0.65 -> BLOCK:earth-likely
[veto] b18/ch62 -:0Hz E=0.80 S=0.15 net=+0.65 -> BLOCK:earth-likely
[veto] b18/ch63 -:0Hz E=0.80 S=0.15 net=+0.65 -> BLOCK:earth-likely
[veto] b19/ch0 Y2:91732Hz E=0.65 S=0.15 net=+0.50 -> BLOCK:earth-likely
[veto] b19/ch54 Y4:922322Hz E=1.10 S=0.15 net=+0.95 -> BLOCK:earth-likely
[veto] b19/ch55 Y4:333041Hz E=0.85 S=0.15 net=+0.70 -> BLOCK:earth-likely
[veto] b19/ch56 Y4:968367Hz E=1.10 S=0.15 net=+0.95 -> BLOCK:earth-likely
[veto] b19/ch57 -:0Hz E=0.80 S=0.15 net=+0.65 -> BLOCK:earth-likely
[veto] b19/ch58 -:0Hz E=0.80 S=0.15 net=+0.65 -> BLOCK:earth-likely
[veto] b19/ch59 -:0Hz E=0.80 S=0.15 net=+0.65 -> BLOCK:earth-likely
[veto] b19/ch60 -:0Hz E=0.80 S=0.15 net=+0.65 -> BLOCK:earth-likely
[veto] b19/ch61 -:0Hz E=0.80 S=0.15 net=+0.65 -> BLOCK:earth-likely
[veto] b19/ch62 -:0Hz E=0.80 S=0.15 net=+0.65 -> BLOCK:earth-likely
[veto] b19/ch63 -:0Hz E=0.80 S=0.15 net=+0.65 -> BLOCK:earth-likely
[veto] b20/ch0 Y2:655532Hz E=1.10 S=0.15 net=+0.95 -> BLOCK:earth-likely
[veto] b20/ch53 Y2:1199931Hz E=1.10 S=0.15 net=+0.95 -> BLOCK:earth-likely
[veto] b20/ch56 Y4:1388311Hz E=1.10 S=0.15 net=+0.95 -> BLOCK:earth-likely
[veto] b20/ch57 -:0Hz E=0.80 S=0.15 net=+0.65 -> BLOCK:earth-likely
[veto] b20/ch58 -:0Hz E=0.80 S=0.15 net=+0.65 -> BLOCK:earth-likely
[veto] b20/ch59 -:0Hz E=0.80 S=0.15 net=+0.65 -> BLOCK:earth-likely
[veto] b20/ch60 -:0Hz E=0.80 S=0.15 net=+0.65 -> BLOCK:earth-likely
[veto] b20/ch61 -:0Hz E=0.80 S=0.15 net=+0.65 -> BLOCK:earth-likely
[veto] b20/ch62 -:0Hz E=0.80 S=0.15 net=+0.65 -> BLOCK:earth-likely
[veto] b20/ch63 -:0Hz E=0.80 S=0.15 net=+0.65 -> BLOCK:earth-likely
[veto] b21/ch0 Y2:1157641Hz E=1.10 S=0.15 net=+0.95 -> BLOCK:earth-likely
[veto] b21/ch52 Y4:2861Hz E=0.65 S=0.15 net=+0.50 -> BLOCK:earth-likely
[veto] b21/ch55 Y4:803947Hz E=1.10 S=0.15 net=+0.95 -> BLOCK:earth-likely
[veto] b21/ch56 -:0Hz E=0.80 S=0.15 net=+0.65 -> BLOCK:earth-likely
[veto] b21/ch57 -:0Hz E=0.80 S=0.15 net=+0.65 -> BLOCK:earth-likely
[veto] b21/ch58 -:0Hz E=0.80 S=0.15 net=+0.65 -> BLOCK:earth-likely
[veto] b21/ch59 -:0Hz E=0.80 S=0.15 net=+0.65 -> BLOCK:earth-likely
[veto] b21/ch60 -:0Hz E=0.80 S=0.15 net=+0.65 -> BLOCK:earth-likely
[veto] b21/ch61 -:0Hz E=0.80 S=0.15 net=+0.65 -> BLOCK:earth-likely
[veto] b21/ch62 -:0Hz E=0.80 S=0.15 net=+0.65 -> BLOCK:earth-likely
[veto] b21/ch63 -:0Hz E=0.80 S=0.15 net=+0.65 -> BLOCK:earth-likely
[veto] b22/ch0 Y2:550926Hz E=1.10 S=0.15 net=+0.95 -> BLOCK:earth-likely
[veto] b22/ch21 Y4:1231670Hz E=0.85 S=0.15 net=+0.70 -> BLOCK:earth-likely
[veto] b22/ch52 Y2:358Hz E=0.65 S=0.15 net=+0.50 -> BLOCK:earth-likely
[veto] b22/ch53 Y4:73850Hz E=0.65 S=0.15 net=+0.50 -> BLOCK:earth-likely
[veto] b22/ch56 Y4:698894Hz E=1.10 S=0.15 net=+0.95 -> BLOCK:earth-likely
[veto] b22/ch57 -:0Hz E=0.80 S=0.15 net=+0.65 -> BLOCK:earth-likely
[veto] b22/ch58 -:0Hz E=0.80 S=0.15 net=+0.65 -> BLOCK:earth-likely
[veto] b22/ch59 -:0Hz E=0.80 S=0.15 net=+0.65 -> BLOCK:earth-likely
[veto] b22/ch60 -:0Hz E=0.80 S=0.15 net=+0.65 -> BLOCK:earth-likely
[veto] b22/ch61 -:0Hz E=0.80 S=0.15 net=+0.65 -> BLOCK:earth-likely
[veto] b22/ch62 -:0Hz E=0.80 S=0.15 net=+0.65 -> BLOCK:earth-likely
[veto] b22/ch63 -:0Hz E=0.80 S=0.15 net=+0.65 -> BLOCK:earth-likely
[veto] b23/ch0 Y2:1109183Hz E=1.10 S=0.15 net=+0.95 -> BLOCK:earth-likely
[veto] b23/ch53 Y2:516683Hz E=0.85 S=0.15 net=+0.70 -> BLOCK:earth-likely
[veto] b23/ch54 Y4:528485Hz E=1.10 S=0.15 net=+0.95 -> BLOCK:earth-likely
[veto] b23/ch55 Y2:176042Hz E=0.85 S=0.15 net=+0.70 -> BLOCK:earth-likely
[veto] b23/ch56 Y4:642568Hz E=1.10 S=0.15 net=+0.95 -> BLOCK:earth-likely
[veto] b23/ch57 -:0Hz E=0.80 S=0.15 net=+0.65 -> BLOCK:earth-likely
[veto] b23/ch58 -:0Hz E=0.80 S=0.15 net=+0.65 -> BLOCK:earth-likely
[veto] b23/ch59 -:0Hz E=0.80 S=0.15 net=+0.65 -> BLOCK:earth-likely
[veto] b23/ch60 -:0Hz E=0.80 S=0.15 net=+0.65 -> BLOCK:earth-likely
[veto] b23/ch61 -:0Hz E=0.80 S=0.15 net=+0.65 -> BLOCK:earth-likely
[veto] b23/ch62 -:0Hz E=0.80 S=0.15 net=+0.65 -> BLOCK:earth-likely
[veto] b23/ch63 -:0Hz E=0.80 S=0.15 net=+0.65 -> BLOCK:earth-likely
[veto] b24/ch0 Y4:568718Hz E=1.10 S=0.15 net=+0.95 -> BLOCK:earth-likely
[veto] b24/ch55 Y2:134379Hz E=0.85 S=0.15 net=+0.70 -> BLOCK:earth-likely
[veto] b24/ch56 Y2:342786Hz E=1.10 S=0.15 net=+0.95 -> BLOCK:earth-likely
[veto] b24/ch57 -:0Hz E=0.80 S=0.15 net=+0.65 -> BLOCK:earth-likely
[veto] b24/ch58 -:0Hz E=0.80 S=0.15 net=+0.65 -> BLOCK:earth-likely
[veto] b24/ch59 -:0Hz E=0.80 S=0.15 net=+0.65 -> BLOCK:earth-likely
[veto] b24/ch60 -:0Hz E=0.80 S=0.15 net=+0.65 -> BLOCK:earth-likely
[veto] b24/ch61 -:0Hz E=0.80 S=0.15 net=+0.65 -> BLOCK:earth-likely
[veto] b24/ch62 -:0Hz E=0.80 S=0.15 net=+0.65 -> BLOCK:earth-likely
[veto] b24/ch63 -:0Hz E=0.80 S=0.15 net=+0.65 -> BLOCK:earth-likely
[veto] b25/ch0 Y4:1036495Hz E=1.10 S=0.15 net=+0.95 -> BLOCK:earth-likely
[veto] b25/ch56 Y2:970066Hz E=1.10 S=0.15 net=+0.95 -> BLOCK:earth-likely
[veto] b25/ch57 -:0Hz E=0.80 S=0.15 net=+0.65 -> BLOCK:earth-likely
[veto] b25/ch58 -:0Hz E=0.80 S=0.15 net=+0.65 -> BLOCK:earth-likely
[veto] b25/ch59 -:0Hz E=0.80 S=0.15 net=+0.65 -> BLOCK:earth-likely
[veto] b25/ch60 -:0Hz E=0.80 S=0.15 net=+0.65 -> BLOCK:earth-likely
[veto] b25/ch61 -:0Hz E=0.80 S=0.15 net=+0.65 -> BLOCK:earth-likely
[veto] b25/ch62 -:0Hz E=0.80 S=0.15 net=+0.65 -> BLOCK:earth-likely
[veto] b25/ch63 -:0Hz E=0.80 S=0.15 net=+0.65 -> BLOCK:earth-likely
[veto] b26/ch0 Y4:1036584Hz E=1.10 S=0.15 net=+0.95 -> BLOCK:earth-likely
[veto] b26/ch51 Y2:264466Hz E=0.85 S=0.15 net=+0.70 -> BLOCK:earth-likely
[veto] b26/ch53 Y4:514805Hz E=0.85 S=0.15 net=+0.70 -> BLOCK:earth-likely
[veto] b26/ch55 Y4:323474Hz E=1.10 S=0.15 net=+0.95 -> BLOCK:earth-likely
[veto] b26/ch56 Y4:110418Hz E=1.10 S=0.15 net=+0.95 -> BLOCK:earth-likely
[veto] b26/ch57 -:0Hz E=0.80 S=0.15 net=+0.65 -> BLOCK:earth-likely
[veto] b26/ch58 -:0Hz E=0.80 S=0.15 net=+0.65 -> BLOCK:earth-likely
[veto] b26/ch59 -:0Hz E=0.80 S=0.15 net=+0.65 -> BLOCK:earth-likely
[veto] b26/ch60 -:0Hz E=0.80 S=0.15 net=+0.65 -> BLOCK:earth-likely
[veto] b26/ch61 -:0Hz E=0.80 S=0.15 net=+0.65 -> BLOCK:earth-likely
[veto] b26/ch62 -:0Hz E=0.80 S=0.15 net=+0.65 -> BLOCK:earth-likely
[veto] b26/ch63 -:0Hz E=0.80 S=0.15 net=+0.65 -> BLOCK:earth-likely
[veto] b27/ch0 Y2:1170605Hz E=1.10 S=0.15 net=+0.95 -> BLOCK:earth-likely
[veto] b27/ch53 Y4:39518Hz E=0.65 S=0.15 net=+0.50 -> BLOCK:earth-likely
[veto] b27/ch54 Y2:1250356Hz E=1.10 S=0.15 net=+0.95 -> BLOCK:earth-likely
[veto] b27/ch55 Y4:521600Hz E=1.10 S=0.15 net=+0.95 -> BLOCK:earth-likely
[veto] b27/ch56 Y4:448644Hz E=1.10 S=0.15 net=+0.95 -> BLOCK:earth-likely
[veto] b27/ch57 -:0Hz E=0.80 S=0.15 net=+0.65 -> BLOCK:earth-likely
[veto] b27/ch58 -:0Hz E=0.80 S=0.15 net=+0.65 -> BLOCK:earth-likely
[veto] b27/ch59 -:0Hz E=0.80 S=0.15 net=+0.65 -> BLOCK:earth-likely
[veto] b27/ch60 -:0Hz E=0.80 S=0.15 net=+0.65 -> BLOCK:earth-likely
[veto] b27/ch61 -:0Hz E=0.80 S=0.15 net=+0.65 -> BLOCK:earth-likely
[veto] b27/ch62 -:0Hz E=0.80 S=0.15 net=+0.65 -> BLOCK:earth-likely
[veto] b27/ch63 -:0Hz E=0.80 S=0.15 net=+0.65 -> BLOCK:earth-likely
[veto] b28/ch0 Y4:1129568Hz E=1.10 S=0.15 net=+0.95 -> BLOCK:earth-likely
[veto] b28/ch53 Y2:1255274Hz E=1.10 S=0.15 net=+0.95 -> BLOCK:earth-likely
[veto] b28/ch55 Y4:973463Hz E=1.10 S=0.15 net=+0.95 -> BLOCK:earth-likely
[veto] b28/ch56 Y2:1399577Hz E=1.10 S=0.15 net=+0.95 -> BLOCK:earth-likely
[veto] b28/ch57 -:0Hz E=0.80 S=0.15 net=+0.65 -> BLOCK:earth-likely
[veto] b28/ch58 -:0Hz E=0.80 S=0.15 net=+0.65 -> BLOCK:earth-likely
[veto] b28/ch59 -:0Hz E=0.80 S=0.15 net=+0.65 -> BLOCK:earth-likely
[veto] b28/ch60 -:0Hz E=0.80 S=0.15 net=+0.65 -> BLOCK:earth-likely
[veto] b28/ch61 -:0Hz E=0.80 S=0.15 net=+0.65 -> BLOCK:earth-likely
[veto] b28/ch62 -:0Hz E=0.80 S=0.15 net=+0.65 -> BLOCK:earth-likely
[veto] b28/ch63 -:0Hz E=0.80 S=0.15 net=+0.65 -> BLOCK:earth-likely
[veto] b29/ch0 Y2:1426041Hz E=1.10 S=0.15 net=+0.95 -> BLOCK:earth-likely
[veto] b29/ch54 Y4:1053214Hz E=1.10 S=0.15 net=+0.95 -> BLOCK:earth-likely
[veto] b29/ch55 Y4:1018435Hz E=1.10 S=0.15 net=+0.95 -> BLOCK:earth-likely
[veto] b29/ch56 Y4:1244992Hz E=1.10 S=0.15 net=+0.95 -> BLOCK:earth-likely
[veto] b29/ch57 -:0Hz E=0.80 S=0.15 net=+0.65 -> BLOCK:earth-likely
[veto] b29/ch58 -:0Hz E=0.80 S=0.15 net=+0.65 -> BLOCK:earth-likely
[veto] b29/ch59 -:0Hz E=0.80 S=0.15 net=+0.65 -> BLOCK:earth-likely
[veto] b29/ch60 -:0Hz E=0.80 S=0.15 net=+0.65 -> BLOCK:earth-likely
[veto] b29/ch61 -:0Hz E=0.80 S=0.15 net=+0.65 -> BLOCK:earth-likely
[veto] b29/ch62 -:0Hz E=0.80 S=0.15 net=+0.65 -> BLOCK:earth-likely
[veto] b29/ch63 -:0Hz E=0.80 S=0.15 net=+0.65 -> BLOCK:earth-likely
[veto] b30/ch0 Y2:789285Hz E=1.10 S=0.15 net=+0.95 -> BLOCK:earth-likely
[veto] b30/ch54 Y4:48548Hz E=0.65 S=0.15 net=+0.50 -> BLOCK:earth-likely
[veto] b30/ch55 Y2:693262Hz E=1.10 S=0.15 net=+0.95 -> BLOCK:earth-likely
[veto] b30/ch56 Y2:465721Hz E=1.10 S=0.15 net=+0.95 -> BLOCK:earth-likely
[veto] b30/ch57 -:0Hz E=0.80 S=0.15 net=+0.65 -> BLOCK:earth-likely
[veto] b30/ch58 -:0Hz E=0.80 S=0.15 net=+0.65 -> BLOCK:earth-likely
[veto] b30/ch59 -:0Hz E=0.80 S=0.15 net=+0.65 -> BLOCK:earth-likely
[veto] b30/ch60 -:0Hz E=0.80 S=0.15 net=+0.65 -> BLOCK:earth-likely
[veto] b30/ch61 -:0Hz E=0.80 S=0.15 net=+0.65 -> BLOCK:earth-likely
[veto] b30/ch62 -:0Hz E=0.80 S=0.15 net=+0.65 -> BLOCK:earth-likely
[veto] b30/ch63 -:0Hz E=0.80 S=0.15 net=+0.65 -> BLOCK:earth-likely
[veto] b31/ch0 Y2:208229Hz E=1.10 S=0.15 net=+0.95 -> BLOCK:earth-likely
[veto] b31/ch55 Y4:301212Hz E=0.85 S=0.15 net=+0.70 -> BLOCK:earth-likely
[veto] b31/ch56 Y2:21726Hz E=0.65 S=0.15 net=+0.50 -> BLOCK:earth-likely
[veto] b31/ch57 -:0Hz E=0.80 S=0.15 net=+0.65 -> BLOCK:earth-likely
[veto] b31/ch58 -:0Hz E=0.80 S=0.15 net=+0.65 -> BLOCK:earth-likely
[veto] b31/ch59 -:0Hz E=0.80 S=0.15 net=+0.65 -> BLOCK:earth-likely
[veto] b31/ch60 -:0Hz E=0.80 S=0.15 net=+0.65 -> BLOCK:earth-likely
[veto] b31/ch61 -:0Hz E=0.80 S=0.15 net=+0.65 -> BLOCK:earth-likely
[veto] b31/ch62 -:0Hz E=0.80 S=0.15 net=+0.65 -> BLOCK:earth-likely
[veto] b31/ch63 -:0Hz E=0.80 S=0.15 net=+0.65 -> BLOCK:earth-likely
[veto] b32/ch0 Y4:245959Hz E=0.85 S=0.15 net=+0.70 -> BLOCK:earth-likely
[veto] b32/ch16 Y4:376225Hz E=0.85 S=0.15 net=+0.70 -> BLOCK:earth-likely
[veto] b32/ch52 Y2:168622Hz E=0.85 S=0.15 net=+0.70 -> BLOCK:earth-likely
[veto] b32/ch55 Y2:992954Hz E=1.10 S=0.15 net=+0.95 -> BLOCK:earth-likely
[veto] b32/ch56 Y2:1105875Hz E=1.10 S=0.15 net=+0.95 -> BLOCK:earth-likely
[veto] b32/ch57 -:0Hz E=0.80 S=0.15 net=+0.65 -> BLOCK:earth-likely
[veto] b32/ch58 -:0Hz E=0.80 S=0.15 net=+0.65 -> BLOCK:earth-likely
[veto] b32/ch59 -:0Hz E=0.80 S=0.15 net=+0.65 -> BLOCK:earth-likely
[veto] b32/ch60 -:0Hz E=0.80 S=0.15 net=+0.65 -> BLOCK:earth-likely
[veto] b32/ch61 -:0Hz E=0.80 S=0.15 net=+0.65 -> BLOCK:earth-likely
[veto] b32/ch62 -:0Hz E=0.80 S=0.15 net=+0.65 -> BLOCK:earth-likely
[veto] b32/ch63 -:0Hz E=0.80 S=0.15 net=+0.65 -> BLOCK:earth-likely
[veto] b33/ch0 Y4:788391Hz E=1.10 S=0.15 net=+0.95 -> BLOCK:earth-likely
[veto] b33/ch15 Y4:501305Hz E=0.85 S=0.15 net=+0.70 -> BLOCK:earth-likely
[veto] b33/ch53 Y2:1262248Hz E=1.10 S=0.15 net=+0.95 -> BLOCK:earth-likely
[veto] b33/ch55 Y2:896841Hz E=1.10 S=0.15 net=+0.95 -> BLOCK:earth-likely
[veto] b33/ch56 Y4:1424968Hz E=1.10 S=0.15 net=+0.95 -> BLOCK:earth-likely
[veto] b33/ch57 -:0Hz E=0.80 S=0.15 net=+0.65 -> BLOCK:earth-likely
[veto] b33/ch58 -:0Hz E=0.80 S=0.15 net=+0.65 -> BLOCK:earth-likely
[veto] b33/ch59 -:0Hz E=0.80 S=0.15 net=+0.65 -> BLOCK:earth-likely
[veto] b33/ch60 -:0Hz E=0.80 S=0.15 net=+0.65 -> BLOCK:earth-likely
[veto] b33/ch61 -:0Hz E=0.80 S=0.15 net=+0.65 -> BLOCK:earth-likely
[veto] b33/ch62 -:0Hz E=0.80 S=0.15 net=+0.65 -> BLOCK:earth-likely
[veto] b33/ch63 -:0Hz E=0.80 S=0.15 net=+0.65 -> BLOCK:earth-likely
[veto] b34/ch0 Y4:647575Hz E=0.85 S=0.15 net=+0.70 -> BLOCK:earth-likely
[veto] b34/ch54 Y2:1175433Hz E=1.10 S=0.15 net=+0.95 -> BLOCK:earth-likely
[veto] b34/ch55 Y2:310957Hz E=1.10 S=0.15 net=+0.95 -> BLOCK:earth-likely
[veto] b34/ch56 Y2:274569Hz E=0.85 S=0.15 net=+0.70 -> BLOCK:earth-likely
[veto] b34/ch57 -:0Hz E=0.80 S=0.15 net=+0.65 -> BLOCK:earth-likely
[veto] b34/ch58 -:0Hz E=0.80 S=0.15 net=+0.65 -> BLOCK:earth-likely
[veto] b34/ch59 -:0Hz E=0.80 S=0.15 net=+0.65 -> BLOCK:earth-likely
[veto] b34/ch60 -:0Hz E=0.80 S=0.15 net=+0.65 -> BLOCK:earth-likely
[veto] b34/ch61 -:0Hz E=0.80 S=0.15 net=+0.65 -> BLOCK:earth-likely
[veto] b34/ch62 -:0Hz E=0.80 S=0.15 net=+0.65 -> BLOCK:earth-likely
[veto] b34/ch63 -:0Hz E=0.80 S=0.15 net=+0.65 -> BLOCK:earth-likely
[veto] b35/ch0 Y4:256777Hz E=0.85 S=0.15 net=+0.70 -> BLOCK:earth-likely
[veto] b35/ch48 Y2:499159Hz E=0.85 S=0.15 net=+0.70 -> BLOCK:earth-likely
[veto] b35/ch52 Y4:1374364Hz E=1.10 S=0.15 net=+0.95 -> BLOCK:earth-likely
[veto] b35/ch55 Y4:212252Hz E=1.10 S=0.15 net=+0.95 -> BLOCK:earth-likely
[veto] b35/ch56 Y4:211895Hz E=1.10 S=0.15 net=+0.95 -> BLOCK:earth-likely
[veto] b35/ch57 -:0Hz E=0.80 S=0.15 net=+0.65 -> BLOCK:earth-likely
[veto] b35/ch58 -:0Hz E=0.80 S=0.15 net=+0.65 -> BLOCK:earth-likely
[veto] b35/ch59 -:0Hz E=0.80 S=0.15 net=+0.65 -> BLOCK:earth-likely
[veto] b35/ch60 -:0Hz E=0.80 S=0.15 net=+0.65 -> BLOCK:earth-likely
[veto] b35/ch61 -:0Hz E=0.80 S=0.15 net=+0.65 -> BLOCK:earth-likely
[veto] b35/ch62 -:0Hz E=0.80 S=0.15 net=+0.65 -> BLOCK:earth-likely
[veto] b35/ch63 -:0Hz E=0.80 S=0.15 net=+0.65 -> BLOCK:earth-likely
[veto] b36/ch0 Y4:831485Hz E=0.85 S=0.15 net=+0.70 -> BLOCK:earth-likely
[veto] b36/ch52 Y2:391155Hz E=0.85 S=0.15 net=+0.70 -> BLOCK:earth-likely
[veto] b36/ch54 Y2:1046687Hz E=1.10 S=0.15 net=+0.95 -> BLOCK:earth-likely
[veto] b36/ch55 Y2:842661Hz E=1.10 S=0.15 net=+0.95 -> BLOCK:earth-likely
[veto] b36/ch56 Y2:552624Hz E=1.10 S=0.15 net=+0.95 -> BLOCK:earth-likely
[veto] b36/ch57 -:0Hz E=0.80 S=0.15 net=+0.65 -> BLOCK:earth-likely
[veto] b36/ch58 -:0Hz E=0.80 S=0.15 net=+0.65 -> BLOCK:earth-likely
[veto] b36/ch59 -:0Hz E=0.80 S=0.15 net=+0.65 -> BLOCK:earth-likely
[veto] b36/ch60 -:0Hz E=0.80 S=0.15 net=+0.65 -> BLOCK:earth-likely
[veto] b36/ch61 -:0Hz E=0.80 S=0.15 net=+0.65 -> BLOCK:earth-likely
[veto] b36/ch62 -:0Hz E=0.80 S=0.15 net=+0.65 -> BLOCK:earth-likely
[veto] b36/ch63 -:0Hz E=0.80 S=0.15 net=+0.65 -> BLOCK:earth-likely
[veto] b37/ch0 Y4:27269Hz E=0.65 S=0.15 net=+0.50 -> BLOCK:earth-likely
[veto] b37/ch55 Y4:1195282Hz E=1.10 S=0.15 net=+0.95 -> BLOCK:earth-likely
[veto] b37/ch56 Y2:1045078Hz E=1.10 S=0.15 net=+0.95 -> BLOCK:earth-likely
[veto] b37/ch57 -:0Hz E=0.80 S=0.15 net=+0.65 -> BLOCK:earth-likely
[veto] b37/ch58 -:0Hz E=0.80 S=0.15 net=+0.65 -> BLOCK:earth-likely
[veto] b37/ch59 -:0Hz E=0.80 S=0.15 net=+0.65 -> BLOCK:earth-likely
[veto] b37/ch60 -:0Hz E=0.80 S=0.15 net=+0.65 -> BLOCK:earth-likely
[veto] b37/ch61 -:0Hz E=0.80 S=0.15 net=+0.65 -> BLOCK:earth-likely
[veto] b37/ch62 -:0Hz E=0.80 S=0.15 net=+0.65 -> BLOCK:earth-likely
[veto] b37/ch63 -:0Hz E=0.80 S=0.15 net=+0.65 -> BLOCK:earth-likely
[veto] b38/ch0 Y2:1022011Hz E=1.10 S=0.15 net=+0.95 -> BLOCK:earth-likely
[veto] b38/ch53 Y2:475109Hz E=1.10 S=0.15 net=+0.95 -> BLOCK:earth-likely
[veto] b38/ch54 Y4:628084Hz E=1.10 S=0.15 net=+0.95 -> BLOCK:earth-likely
[veto] b38/ch55 Y4:47654Hz E=0.90 S=0.15 net=+0.75 -> BLOCK:earth-likely
[veto] b38/ch56 Y2:1289785Hz E=1.10 S=0.15 net=+0.95 -> BLOCK:earth-likely
[veto] b38/ch57 -:0Hz E=0.80 S=0.15 net=+0.65 -> BLOCK:earth-likely
[veto] b38/ch58 -:0Hz E=0.80 S=0.15 net=+0.65 -> BLOCK:earth-likely
[veto] b38/ch59 -:0Hz E=0.80 S=0.15 net=+0.65 -> BLOCK:earth-likely
[veto] b38/ch60 -:0Hz E=0.80 S=0.15 net=+0.65 -> BLOCK:earth-likely
[veto] b38/ch61 -:0Hz E=0.80 S=0.15 net=+0.65 -> BLOCK:earth-likely
[veto] b38/ch62 -:0Hz E=0.80 S=0.15 net=+0.65 -> BLOCK:earth-likely
[veto] b38/ch63 -:0Hz E=0.80 S=0.15 net=+0.65 -> BLOCK:earth-likely
[veto] b39/ch0 Y2:74208Hz E=0.90 S=0.15 net=+0.75 -> BLOCK:earth-likely
[veto] b39/ch53 Y2:402421Hz E=0.85 S=0.15 net=+0.70 -> BLOCK:earth-likely
[veto] b39/ch54 Y2:1027644Hz E=1.10 S=0.15 net=+0.95 -> BLOCK:earth-likely
[veto] b39/ch55 Y2:917852Hz E=1.10 S=0.15 net=+0.95 -> BLOCK:earth-likely
[veto] b39/ch56 Y2:699967Hz E=1.10 S=0.15 net=+0.95 -> BLOCK:earth-likely
[veto] b39/ch57 -:0Hz E=0.80 S=0.15 net=+0.65 -> BLOCK:earth-likely
[veto] b39/ch58 -:0Hz E=0.80 S=0.15 net=+0.65 -> BLOCK:earth-likely
[veto] b39/ch59 -:0Hz E=0.80 S=0.15 net=+0.65 -> BLOCK:earth-likely
[veto] b39/ch60 -:0Hz E=0.80 S=0.15 net=+0.65 -> BLOCK:earth-likely
[veto] b39/ch61 -:0Hz E=0.80 S=0.15 net=+0.65 -> BLOCK:earth-likely
[veto] b39/ch62 -:0Hz E=0.80 S=0.15 net=+0.65 -> BLOCK:earth-likely
[veto] b39/ch63 -:0Hz E=0.80 S=0.15 net=+0.65 -> BLOCK:earth-likely
[veto] b40/ch0 Y2:836134Hz E=0.85 S=0.15 net=+0.70 -> BLOCK:earth-likely
[veto] b40/ch53 Y2:184268Hz E=0.85 S=0.15 net=+0.70 -> BLOCK:earth-likely
[veto] b40/ch55 Y2:980347Hz E=1.10 S=0.15 net=+0.95 -> BLOCK:earth-likely
[veto] b40/ch56 Y2:1006007Hz E=1.10 S=0.15 net=+0.95 -> BLOCK:earth-likely
[veto] b40/ch57 -:0Hz E=0.80 S=0.15 net=+0.65 -> BLOCK:earth-likely
[veto] b40/ch58 -:0Hz E=0.80 S=0.15 net=+0.65 -> BLOCK:earth-likely
[veto] b40/ch59 -:0Hz E=0.80 S=0.15 net=+0.65 -> BLOCK:earth-likely
[veto] b40/ch60 -:0Hz E=0.80 S=0.15 net=+0.65 -> BLOCK:earth-likely
[veto] b40/ch61 -:0Hz E=0.80 S=0.15 net=+0.65 -> BLOCK:earth-likely
[veto] b40/ch62 -:0Hz E=0.80 S=0.15 net=+0.65 -> BLOCK:earth-likely
[veto] b40/ch63 -:0Hz E=0.80 S=0.15 net=+0.65 -> BLOCK:earth-likely
[veto] b41/ch0 Y2:354677Hz E=1.10 S=0.15 net=+0.95 -> BLOCK:earth-likely
[veto] b41/ch54 Y2:246942Hz E=1.10 S=0.15 net=+0.95 -> BLOCK:earth-likely
[veto] b41/ch55 Y2:179708Hz E=0.85 S=0.15 net=+0.70 -> BLOCK:earth-likely
[veto] b41/ch56 Y4:582844Hz E=1.10 S=0.15 net=+0.95 -> BLOCK:earth-likely
[veto] b41/ch57 -:0Hz E=0.80 S=0.15 net=+0.65 -> BLOCK:earth-likely
[veto] b41/ch58 -:0Hz E=0.80 S=0.15 net=+0.65 -> BLOCK:earth-likely
[veto] b41/ch59 -:0Hz E=0.80 S=0.15 net=+0.65 -> BLOCK:earth-likely
[veto] b41/ch60 -:0Hz E=0.80 S=0.15 net=+0.65 -> BLOCK:earth-likely
[veto] b41/ch61 -:0Hz E=0.80 S=0.15 net=+0.65 -> BLOCK:earth-likely
[veto] b41/ch62 -:0Hz E=0.80 S=0.15 net=+0.65 -> BLOCK:earth-likely
[veto] b41/ch63 -:0Hz E=0.80 S=0.15 net=+0.65 -> BLOCK:earth-likely
[veto] b42/ch0 Y4:114441Hz E=1.10 S=0.15 net=+0.95 -> BLOCK:earth-likely
[veto] b42/ch52 Y4:762641Hz E=0.85 S=0.15 net=+0.70 -> BLOCK:earth-likely
[veto] b42/ch55 Y4:840962Hz E=1.10 S=0.15 net=+0.95 -> BLOCK:earth-likely
[veto] b42/ch56 Y2:1463950Hz E=1.10 S=0.15 net=+0.95 -> BLOCK:earth-likely
[veto] b42/ch57 -:0Hz E=0.80 S=0.15 net=+0.65 -> BLOCK:earth-likely
[veto] b42/ch58 -:0Hz E=0.80 S=0.15 net=+0.65 -> BLOCK:earth-likely
[veto] b42/ch59 -:0Hz E=0.80 S=0.15 net=+0.65 -> BLOCK:earth-likely
[veto] b42/ch60 -:0Hz E=0.80 S=0.15 net=+0.65 -> BLOCK:earth-likely
[veto] b42/ch61 -:0Hz E=0.80 S=0.15 net=+0.65 -> BLOCK:earth-likely
[veto] b42/ch62 -:0Hz E=0.80 S=0.15 net=+0.65 -> BLOCK:earth-likely
[veto] b42/ch63 -:0Hz E=0.80 S=0.15 net=+0.65 -> BLOCK:earth-likely
[veto] b43/ch0 Y4:1174539Hz E=1.10 S=0.15 net=+0.95 -> BLOCK:earth-likely
[veto] b43/ch6 Y4:473768Hz E=0.85 S=0.15 net=+0.70 -> BLOCK:earth-likely
[veto] b43/ch17 Y4:314713Hz E=0.85 S=0.15 net=+0.70 -> BLOCK:earth-likely
[veto] b43/ch54 Y4:626832Hz E=1.10 S=0.15 net=+0.95 -> BLOCK:earth-likely
[veto] b43/ch55 Y2:548512Hz E=1.10 S=0.15 net=+0.95 -> BLOCK:earth-likely
[veto] b43/ch56 Y2:852227Hz E=1.10 S=0.15 net=+0.95 -> BLOCK:earth-likely
[veto] b43/ch57 -:0Hz E=0.80 S=0.15 net=+0.65 -> BLOCK:earth-likely
[veto] b43/ch58 -:0Hz E=0.80 S=0.15 net=+0.65 -> BLOCK:earth-likely
[veto] b43/ch59 -:0Hz E=0.80 S=0.15 net=+0.65 -> BLOCK:earth-likely
[veto] b43/ch60 -:0Hz E=0.80 S=0.15 net=+0.65 -> BLOCK:earth-likely
[veto] b43/ch61 -:0Hz E=0.80 S=0.15 net=+0.65 -> BLOCK:earth-likely
[veto] b43/ch62 -:0Hz E=0.80 S=0.15 net=+0.65 -> BLOCK:earth-likely
[veto] b43/ch63 -:0Hz E=0.80 S=0.15 net=+0.65 -> BLOCK:earth-likely
[veto] b44/ch0 Y2:114709Hz E=1.10 S=0.15 net=+0.95 -> BLOCK:earth-likely
[veto] b44/ch55 Y2:347167Hz E=1.10 S=0.15 net=+0.95 -> BLOCK:earth-likely
[veto] b44/ch56 Y2:706673Hz E=1.10 S=0.15 net=+0.95 -> BLOCK:earth-likely
[veto] b44/ch57 -:0Hz E=0.80 S=0.15 net=+0.65 -> BLOCK:earth-likely
[veto] b44/ch58 -:0Hz E=0.80 S=0.15 net=+0.65 -> BLOCK:earth-likely
[veto] b44/ch59 -:0Hz E=0.80 S=0.15 net=+0.65 -> BLOCK:earth-likely
[veto] b44/ch60 -:0Hz E=0.80 S=0.15 net=+0.65 -> BLOCK:earth-likely
[veto] b44/ch61 -:0Hz E=0.80 S=0.15 net=+0.65 -> BLOCK:earth-likely
[veto] b44/ch62 -:0Hz E=0.80 S=0.15 net=+0.65 -> BLOCK:earth-likely
[veto] b44/ch63 -:0Hz E=0.80 S=0.15 net=+0.65 -> BLOCK:earth-likely
[veto] b45/ch0 Y2:1007795Hz E=1.10 S=0.15 net=+0.95 -> BLOCK:earth-likely
[veto] b45/ch54 Y4:430137Hz E=0.85 S=0.15 net=+0.70 -> BLOCK:earth-likely
[veto] b45/ch55 Y2:848919Hz E=1.10 S=0.15 net=+0.95 -> BLOCK:earth-likely
[veto] b45/ch56 Y2:1280665Hz E=1.10 S=0.15 net=+0.95 -> BLOCK:earth-likely
[veto] b45/ch57 -:0Hz E=0.80 S=0.15 net=+0.65 -> BLOCK:earth-likely
[veto] b45/ch58 -:0Hz E=0.80 S=0.15 net=+0.65 -> BLOCK:earth-likely
[veto] b45/ch59 -:0Hz E=0.80 S=0.15 net=+0.65 -> BLOCK:earth-likely
[veto] b45/ch60 -:0Hz E=0.80 S=0.15 net=+0.65 -> BLOCK:earth-likely
[veto] b45/ch61 -:0Hz E=0.80 S=0.15 net=+0.65 -> BLOCK:earth-likely
[veto] b45/ch62 -:0Hz E=0.80 S=0.15 net=+0.65 -> BLOCK:earth-likely
[veto] b45/ch63 -:0Hz E=0.80 S=0.15 net=+0.65 -> BLOCK:earth-likely
[veto] b46/ch0 Y4:1033992Hz E=1.10 S=0.15 net=+0.95 -> BLOCK:earth-likely
[veto] b46/ch53 Y4:48816Hz E=0.90 S=0.15 net=+0.75 -> BLOCK:earth-likely
[veto] b46/ch55 Y4:54359Hz E=0.90 S=0.15 net=+0.75 -> BLOCK:earth-likely
[veto] b46/ch56 Y2:1207799Hz E=1.10 S=0.15 net=+0.95 -> BLOCK:earth-likely
[veto] b46/ch57 -:0Hz E=0.80 S=0.15 net=+0.65 -> BLOCK:earth-likely
[veto] b46/ch58 -:0Hz E=0.80 S=0.15 net=+0.65 -> BLOCK:earth-likely
[veto] b46/ch59 -:0Hz E=0.80 S=0.15 net=+0.65 -> BLOCK:earth-likely
[veto] b46/ch60 -:0Hz E=0.80 S=0.15 net=+0.65 -> BLOCK:earth-likely
[veto] b46/ch61 -:0Hz E=0.80 S=0.15 net=+0.65 -> BLOCK:earth-likely
[veto] b46/ch62 -:0Hz E=0.80 S=0.15 net=+0.65 -> BLOCK:earth-likely
[veto] b46/ch63 -:0Hz E=0.80 S=0.15 net=+0.65 -> BLOCK:earth-likely
[veto] b47/ch0 Y2:1420051Hz E=1.10 S=0.15 net=+0.95 -> BLOCK:earth-likely
[veto] b47/ch55 Y2:1247853Hz E=1.10 S=0.15 net=+0.95 -> BLOCK:earth-likely
[veto] b47/ch56 Y2:1298904Hz E=1.10 S=0.15 net=+0.95 -> BLOCK:earth-likely
[veto] b47/ch57 -:0Hz E=0.80 S=0.15 net=+0.65 -> BLOCK:earth-likely
[veto] b47/ch58 -:0Hz E=0.80 S=0.15 net=+0.65 -> BLOCK:earth-likely
[veto] b47/ch59 -:0Hz E=0.80 S=0.15 net=+0.65 -> BLOCK:earth-likely
[veto] b47/ch60 -:0Hz E=0.80 S=0.15 net=+0.65 -> BLOCK:earth-likely
[veto] b47/ch61 -:0Hz E=0.80 S=0.15 net=+0.65 -> BLOCK:earth-likely
[veto] b47/ch62 -:0Hz E=0.80 S=0.15 net=+0.65 -> BLOCK:earth-likely
[veto] b47/ch63 -:0Hz E=0.80 S=0.15 net=+0.65 -> BLOCK:earth-likely
[veto] b48/ch0 Y2:1325101Hz E=1.10 S=0.15 net=+0.95 -> BLOCK:earth-likely
[veto] b48/ch54 Y4:195801Hz E=0.85 S=0.15 net=+0.70 -> BLOCK:earth-likely
[veto] b48/ch55 Y2:488698Hz E=1.10 S=0.15 net=+0.95 -> BLOCK:earth-likely
[veto] b48/ch56 Y2:424415Hz E=1.10 S=0.15 net=+0.95 -> BLOCK:earth-likely
[veto] b48/ch57 -:0Hz E=0.80 S=0.15 net=+0.65 -> BLOCK:earth-likely
[veto] b48/ch58 -:0Hz E=0.80 S=0.15 net=+0.65 -> BLOCK:earth-likely
[veto] b48/ch59 -:0Hz E=0.80 S=0.15 net=+0.65 -> BLOCK:earth-likely
[veto] b48/ch60 -:0Hz E=0.80 S=0.15 net=+0.65 -> BLOCK:earth-likely
[veto] b48/ch61 -:0Hz E=0.80 S=0.15 net=+0.65 -> BLOCK:earth-likely
[veto] b48/ch62 -:0Hz E=0.80 S=0.15 net=+0.65 -> BLOCK:earth-likely
[veto] b48/ch63 -:0Hz E=0.80 S=0.15 net=+0.65 -> BLOCK:earth-likely
[veto] b49/ch0 Y4:1064390Hz E=1.10 S=0.15 net=+0.95 -> BLOCK:earth-likely
[veto] b49/ch54 Y4:1405567Hz E=1.10 S=0.15 net=+0.95 -> BLOCK:earth-likely
[veto] b49/ch55 Y4:792950Hz E=1.10 S=0.15 net=+0.95 -> BLOCK:earth-likely
[veto] b49/ch56 Y4:1170158Hz E=1.10 S=0.15 net=+0.95 -> BLOCK:earth-likely
[veto] b49/ch57 -:0Hz E=0.80 S=0.15 net=+0.65 -> BLOCK:earth-likely
[veto] b49/ch58 -:0Hz E=0.80 S=0.15 net=+0.65 -> BLOCK:earth-likely
[veto] b49/ch59 -:0Hz E=0.80 S=0.15 net=+0.65 -> BLOCK:earth-likely
[veto] b49/ch60 -:0Hz E=0.80 S=0.15 net=+0.65 -> BLOCK:earth-likely
[veto] b49/ch61 -:0Hz E=0.80 S=0.15 net=+0.65 -> BLOCK:earth-likely
[veto] b49/ch62 -:0Hz E=0.80 S=0.15 net=+0.65 -> BLOCK:earth-likely
[veto] b49/ch63 -:0Hz E=0.80 S=0.15 net=+0.65 -> BLOCK:earth-likely
[veto] b50/ch0 Y2:303984Hz E=1.10 S=0.15 net=+0.95 -> BLOCK:earth-likely
[veto] b50/ch54 Y2:248820Hz E=0.85 S=0.15 net=+0.70 -> BLOCK:earth-likely
[veto] b50/ch55 Y2:854462Hz E=1.10 S=0.15 net=+0.95 -> BLOCK:earth-likely
[veto] b50/ch56 Y4:1305699Hz E=1.10 S=0.15 net=+0.95 -> BLOCK:earth-likely
[veto] b50/ch57 -:0Hz E=0.80 S=0.15 net=+0.65 -> BLOCK:earth-likely
[veto] b50/ch58 -:0Hz E=0.80 S=0.15 net=+0.65 -> BLOCK:earth-likely
[veto] b50/ch59 -:0Hz E=0.80 S=0.15 net=+0.65 -> BLOCK:earth-likely
[veto] b50/ch60 -:0Hz E=0.80 S=0.15 net=+0.65 -> BLOCK:earth-likely
[veto] b50/ch61 -:0Hz E=0.80 S=0.15 net=+0.65 -> BLOCK:earth-likely
[veto] b50/ch62 -:0Hz E=0.80 S=0.15 net=+0.65 -> BLOCK:earth-likely
[veto] b50/ch63 -:0Hz E=0.80 S=0.15 net=+0.65 -> BLOCK:earth-likely
[veto] b51/ch0 Y2:765145Hz E=1.10 S=0.15 net=+0.95 -> BLOCK:earth-likely
[veto] b51/ch53 Y2:1315981Hz E=1.10 S=0.15 net=+0.95 -> BLOCK:earth-likely
[veto] b51/ch54 Y2:909269Hz E=1.10 S=0.15 net=+0.95 -> BLOCK:earth-likely
[veto] b51/ch55 Y2:105679Hz E=1.10 S=0.15 net=+0.95 -> BLOCK:earth-likely
[veto] b51/ch56 Y2:31918Hz E=0.65 S=0.15 net=+0.50 -> BLOCK:earth-likely
[veto] b51/ch57 -:0Hz E=0.80 S=0.15 net=+0.65 -> BLOCK:earth-likely
[veto] b51/ch58 -:0Hz E=0.80 S=0.15 net=+0.65 -> BLOCK:earth-likely
[veto] b51/ch59 -:0Hz E=0.80 S=0.15 net=+0.65 -> BLOCK:earth-likely
[veto] b51/ch60 -:0Hz E=0.80 S=0.15 net=+0.65 -> BLOCK:earth-likely
[veto] b51/ch61 -:0Hz E=0.80 S=0.15 net=+0.65 -> BLOCK:earth-likely
[veto] b51/ch62 -:0Hz E=0.80 S=0.15 net=+0.65 -> BLOCK:earth-likely
[veto] b51/ch63 -:0Hz E=0.80 S=0.15 net=+0.65 -> BLOCK:earth-likely
[veto] b52/ch0 Y4:377834Hz E=1.10 S=0.15 net=+0.95 -> BLOCK:earth-likely
[veto] b52/ch13 Y4:593394Hz E=0.85 S=0.15 net=+0.70 -> BLOCK:earth-likely
[veto] b52/ch53 Y4:792235Hz E=1.10 S=0.15 net=+0.95 -> BLOCK:earth-likely
[veto] b52/ch54 Y4:116766Hz E=0.85 S=0.15 net=+0.70 -> BLOCK:earth-likely
[veto] b52/ch55 Y2:940204Hz E=1.10 S=0.15 net=+0.95 -> BLOCK:earth-likely
[veto] b52/ch56 Y2:468224Hz E=1.10 S=0.15 net=+0.95 -> BLOCK:earth-likely
[veto] b52/ch57 -:0Hz E=0.80 S=0.15 net=+0.65 -> BLOCK:earth-likely
[veto] b52/ch58 -:0Hz E=0.80 S=0.15 net=+0.65 -> BLOCK:earth-likely
[veto] b52/ch59 -:0Hz E=0.80 S=0.15 net=+0.65 -> BLOCK:earth-likely
[veto] b52/ch60 -:0Hz E=0.80 S=0.15 net=+0.65 -> BLOCK:earth-likely
[veto] b52/ch61 -:0Hz E=0.80 S=0.15 net=+0.65 -> BLOCK:earth-likely
[veto] b52/ch62 -:0Hz E=0.80 S=0.15 net=+0.65 -> BLOCK:earth-likely
[veto] b52/ch63 -:0Hz E=0.80 S=0.15 net=+0.65 -> BLOCK:earth-likely
[veto] b53/ch0 Y4:527412Hz E=0.85 S=0.15 net=+0.70 -> BLOCK:earth-likely
[veto] b53/ch54 Y4:533938Hz E=1.10 S=0.15 net=+0.95 -> BLOCK:earth-likely
[veto] b53/ch55 Y4:993222Hz E=1.10 S=0.15 net=+0.95 -> BLOCK:earth-likely
[veto] b53/ch56 Y2:1191884Hz E=1.10 S=0.15 net=+0.95 -> BLOCK:earth-likely
[veto] b53/ch57 -:0Hz E=0.80 S=0.15 net=+0.65 -> BLOCK:earth-likely
[veto] b53/ch58 -:0Hz E=0.80 S=0.15 net=+0.65 -> BLOCK:earth-likely
[veto] b53/ch59 -:0Hz E=0.80 S=0.15 net=+0.65 -> BLOCK:earth-likely
[veto] b53/ch60 -:0Hz E=0.80 S=0.15 net=+0.65 -> BLOCK:earth-likely
[veto] b53/ch61 -:0Hz E=0.80 S=0.15 net=+0.65 -> BLOCK:earth-likely
[veto] b53/ch62 -:0Hz E=0.80 S=0.15 net=+0.65 -> BLOCK:earth-likely
[veto] b53/ch63 -:0Hz E=0.80 S=0.15 net=+0.65 -> BLOCK:earth-likely
[veto] b54/ch0 Y2:1423270Hz E=1.10 S=0.15 net=+0.95 -> BLOCK:earth-likely
[veto] b54/ch55 Y4:1227558Hz E=1.10 S=0.15 net=+0.95 -> BLOCK:earth-likely
[veto] b54/ch56 Y2:1035869Hz E=1.10 S=0.15 net=+0.95 -> BLOCK:earth-likely
[veto] b54/ch57 -:0Hz E=0.80 S=0.15 net=+0.65 -> BLOCK:earth-likely
[veto] b54/ch58 -:0Hz E=0.80 S=0.15 net=+0.65 -> BLOCK:earth-likely
[veto] b54/ch59 -:0Hz E=0.80 S=0.15 net=+0.65 -> BLOCK:earth-likely
[veto] b54/ch60 -:0Hz E=0.80 S=0.15 net=+0.65 -> BLOCK:earth-likely
[veto] b54/ch61 -:0Hz E=0.80 S=0.15 net=+0.65 -> BLOCK:earth-likely
[veto] b54/ch62 -:0Hz E=0.80 S=0.15 net=+0.65 -> BLOCK:earth-likely
[veto] b54/ch63 -:0Hz E=0.80 S=0.15 net=+0.65 -> BLOCK:earth-likely
[veto] b55/ch0 Y4:471085Hz E=1.10 S=0.15 net=+0.95 -> BLOCK:earth-likely
[veto] b55/ch56 Y2:394464Hz E=1.10 S=0.15 net=+0.95 -> BLOCK:earth-likely
[veto] b55/ch57 -:0Hz E=0.80 S=0.15 net=+0.65 -> BLOCK:earth-likely
[veto] b55/ch58 -:0Hz E=0.80 S=0.15 net=+0.65 -> BLOCK:earth-likely
[veto] b55/ch59 -:0Hz E=0.80 S=0.15 net=+0.65 -> BLOCK:earth-likely
[veto] b55/ch60 -:0Hz E=0.80 S=0.15 net=+0.65 -> BLOCK:earth-likely
[veto] b55/ch61 -:0Hz E=0.80 S=0.15 net=+0.65 -> BLOCK:earth-likely
[veto] b55/ch62 -:0Hz E=0.80 S=0.15 net=+0.65 -> BLOCK:earth-likely
[veto] b55/ch63 -:0Hz E=0.80 S=0.15 net=+0.65 -> BLOCK:earth-likely
[veto] b56/ch0 Y2:17256Hz E=0.90 S=0.15 net=+0.75 -> BLOCK:earth-likely
[veto] b56/ch52 Y2:653923Hz E=0.85 S=0.15 net=+0.70 -> BLOCK:earth-likely
[veto] b56/ch53 Y4:674307Hz E=1.10 S=0.15 net=+0.95 -> BLOCK:earth-likely
[veto] b56/ch55 Y2:110775Hz E=0.85 S=0.15 net=+0.70 -> BLOCK:earth-likely
[veto] b56/ch56 Y2:374615Hz E=1.10 S=0.15 net=+0.95 -> BLOCK:earth-likely
[veto] b56/ch57 -:0Hz E=0.80 S=0.15 net=+0.65 -> BLOCK:earth-likely
[veto] b56/ch58 -:0Hz E=0.80 S=0.15 net=+0.65 -> BLOCK:earth-likely
[veto] b56/ch59 -:0Hz E=0.80 S=0.15 net=+0.65 -> BLOCK:earth-likely
[veto] b56/ch60 -:0Hz E=0.80 S=0.15 net=+0.65 -> BLOCK:earth-likely
[veto] b56/ch61 -:0Hz E=0.80 S=0.15 net=+0.65 -> BLOCK:earth-likely
[veto] b56/ch62 -:0Hz E=0.80 S=0.15 net=+0.65 -> BLOCK:earth-likely
[veto] b56/ch63 -:0Hz E=0.80 S=0.15 net=+0.65 -> BLOCK:earth-likely
[veto] b57/ch0 Y2:587493Hz E=1.10 S=0.15 net=+0.95 -> BLOCK:earth-likely
[veto] b57/ch55 Y4:891566Hz E=1.10 S=0.15 net=+0.95 -> BLOCK:earth-likely
[veto] b57/ch56 Y4:548959Hz E=1.10 S=0.15 net=+0.95 -> BLOCK:earth-likely
[veto] b57/ch57 -:0Hz E=0.80 S=0.15 net=+0.65 -> BLOCK:earth-likely
[veto] b57/ch58 -:0Hz E=0.80 S=0.15 net=+0.65 -> BLOCK:earth-likely
[veto] b57/ch59 -:0Hz E=0.80 S=0.15 net=+0.65 -> BLOCK:earth-likely
[veto] b57/ch60 -:0Hz E=0.80 S=0.15 net=+0.65 -> BLOCK:earth-likely
[veto] b57/ch61 -:0Hz E=0.80 S=0.15 net=+0.65 -> BLOCK:earth-likely
[veto] b57/ch62 -:0Hz E=0.80 S=0.15 net=+0.65 -> BLOCK:earth-likely
[veto] b57/ch63 -:0Hz E=0.80 S=0.15 net=+0.65 -> BLOCK:earth-likely
[veto] b58/ch0 Y2:1392603Hz E=1.10 S=0.15 net=+0.95 -> BLOCK:earth-likely
[veto] b58/ch54 Y4:1031220Hz E=1.10 S=0.15 net=+0.95 -> BLOCK:earth-likely
[veto] b58/ch55 Y2:1243919Hz E=1.10 S=0.15 net=+0.95 -> BLOCK:earth-likely
[veto] b58/ch56 Y4:133127Hz E=0.85 S=0.15 net=+0.70 -> BLOCK:earth-likely
[veto] b58/ch57 -:0Hz E=0.80 S=0.15 net=+0.65 -> BLOCK:earth-likely
[veto] b58/ch58 -:0Hz E=0.80 S=0.15 net=+0.65 -> BLOCK:earth-likely
[veto] b58/ch59 -:0Hz E=0.80 S=0.15 net=+0.65 -> BLOCK:earth-likely
[veto] b58/ch60 -:0Hz E=0.80 S=0.15 net=+0.65 -> BLOCK:earth-likely
[veto] b58/ch61 -:0Hz E=0.80 S=0.15 net=+0.65 -> BLOCK:earth-likely
[veto] b58/ch62 -:0Hz E=0.80 S=0.15 net=+0.65 -> BLOCK:earth-likely
[veto] b58/ch63 -:0Hz E=0.80 S=0.15 net=+0.65 -> BLOCK:earth-likely
[veto] b59/ch0 Y2:1165867Hz E=1.10 S=0.15 net=+0.95 -> BLOCK:earth-likely
[veto] b59/ch53 Y2:1121610Hz E=1.10 S=0.15 net=+0.95 -> BLOCK:earth-likely
[veto] b59/ch54 Y2:1274496Hz E=1.10 S=0.15 net=+0.95 -> BLOCK:earth-likely
[veto] b59/ch55 Y2:637114Hz E=0.85 S=0.15 net=+0.70 -> BLOCK:earth-likely
[veto] b59/ch56 Y2:527412Hz E=0.85 S=0.15 net=+0.70 -> BLOCK:earth-likely
[veto] b59/ch57 -:0Hz E=0.80 S=0.15 net=+0.65 -> BLOCK:earth-likely
[veto] b59/ch58 -:0Hz E=0.80 S=0.15 net=+0.65 -> BLOCK:earth-likely
[veto] b59/ch59 -:0Hz E=0.80 S=0.15 net=+0.65 -> BLOCK:earth-likely
[veto] b59/ch60 -:0Hz E=0.80 S=0.15 net=+0.65 -> BLOCK:earth-likely
[veto] b59/ch61 -:0Hz E=0.80 S=0.15 net=+0.65 -> BLOCK:earth-likely
[veto] b59/ch62 -:0Hz E=0.80 S=0.15 net=+0.65 -> BLOCK:earth-likely
[veto] b59/ch63 -:0Hz E=0.80 S=0.15 net=+0.65 -> BLOCK:earth-likely
[veto] b60/ch0 Y2:703096Hz E=1.10 S=0.15 net=+0.95 -> BLOCK:earth-likely
[veto] b60/ch51 Y2:291288Hz E=0.85 S=0.15 net=+0.70 -> BLOCK:earth-likely
[veto] b60/ch53 Y4:309706Hz E=1.10 S=0.15 net=+0.95 -> BLOCK:earth-likely
[veto] b60/ch54 Y2:37104Hz E=0.65 S=0.15 net=+0.50 -> BLOCK:earth-likely
[veto] b60/ch55 Y2:80824Hz E=0.65 S=0.15 net=+0.50 -> BLOCK:earth-likely
[veto] b60/ch56 Y2:478327Hz E=1.10 S=0.15 net=+0.95 -> BLOCK:earth-likely
[veto] b60/ch57 -:0Hz E=0.80 S=0.15 net=+0.65 -> BLOCK:earth-likely
[veto] b60/ch58 -:0Hz E=0.80 S=0.15 net=+0.65 -> BLOCK:earth-likely
[veto] b60/ch59 -:0Hz E=0.80 S=0.15 net=+0.65 -> BLOCK:earth-likely
[veto] b60/ch60 -:0Hz E=0.80 S=0.15 net=+0.65 -> BLOCK:earth-likely
[veto] b60/ch61 -:0Hz E=0.80 S=0.15 net=+0.65 -> BLOCK:earth-likely
[veto] b60/ch62 -:0Hz E=0.80 S=0.15 net=+0.65 -> BLOCK:earth-likely
[veto] b60/ch63 -:0Hz E=0.80 S=0.15 net=+0.65 -> BLOCK:earth-likely
[veto] b61/ch0 Y4:1186162Hz E=1.10 S=0.15 net=+0.95 -> BLOCK:earth-likely
[veto] b61/ch55 Y4:591069Hz E=1.10 S=0.15 net=+0.95 -> BLOCK:earth-likely
[veto] b61/ch56 Y2:190973Hz E=1.10 S=0.15 net=+0.95 -> BLOCK:earth-likely
[veto] b61/ch57 -:0Hz E=0.80 S=0.15 net=+0.65 -> BLOCK:earth-likely
[veto] b61/ch58 -:0Hz E=0.80 S=0.15 net=+0.65 -> BLOCK:earth-likely
[veto] b61/ch59 -:0Hz E=0.80 S=0.15 net=+0.65 -> BLOCK:earth-likely
[veto] b61/ch60 -:0Hz E=0.80 S=0.15 net=+0.65 -> BLOCK:earth-likely
[veto] b61/ch61 -:0Hz E=0.80 S=0.15 net=+0.65 -> BLOCK:earth-likely
[veto] b61/ch62 -:0Hz E=0.80 S=0.15 net=+0.65 -> BLOCK:earth-likely
[veto] b61/ch63 -:0Hz E=0.80 S=0.15 net=+0.65 -> BLOCK:earth-likely
[veto] b62/ch0 Y2:277340Hz E=1.10 S=0.15 net=+0.95 -> BLOCK:earth-likely
[veto] b62/ch54 Y4:1342624Hz E=1.10 S=0.15 net=+0.95 -> BLOCK:earth-likely
[veto] b62/ch56 Y4:882894Hz E=1.10 S=0.15 net=+0.95 -> BLOCK:earth-likely
[veto] b62/ch57 -:0Hz E=0.80 S=0.15 net=+0.65 -> BLOCK:earth-likely
[veto] b62/ch58 -:0Hz E=0.80 S=0.15 net=+0.65 -> BLOCK:earth-likely
[veto] b62/ch59 -:0Hz E=0.80 S=0.15 net=+0.65 -> BLOCK:earth-likely
[veto] b62/ch60 -:0Hz E=0.80 S=0.15 net=+0.65 -> BLOCK:earth-likely
[veto] b62/ch61 -:0Hz E=0.80 S=0.15 net=+0.65 -> BLOCK:earth-likely
[veto] b62/ch62 -:0Hz E=0.80 S=0.15 net=+0.65 -> BLOCK:earth-likely
[veto] b62/ch63 -:0Hz E=0.80 S=0.15 net=+0.65 -> BLOCK:earth-likely
[veto] b63/ch0 Y2:988841Hz E=1.10 S=0.15 net=+0.95 -> BLOCK:earth-likely
[veto] b63/ch53 Y4:403136Hz E=0.85 S=0.15 net=+0.70 -> BLOCK:earth-likely
[veto] b63/ch54 Y4:1304716Hz E=0.85 S=0.15 net=+0.70 -> BLOCK:earth-likely
[veto] b63/ch55 Y4:289500Hz E=0.85 S=0.15 net=+0.70 -> BLOCK:earth-likely
[veto] b63/ch56 Y4:949323Hz E=1.10 S=0.15 net=+0.95 -> BLOCK:earth-likely
[veto] b63/ch57 -:0Hz E=0.80 S=0.15 net=+0.65 -> BLOCK:earth-likely
[veto] b63/ch58 -:0Hz E=0.80 S=0.15 net=+0.65 -> BLOCK:earth-likely
[veto] b63/ch59 -:0Hz E=0.80 S=0.15 net=+0.65 -> BLOCK:earth-likely
[veto] b63/ch60 -:0Hz E=0.80 S=0.15 net=+0.65 -> BLOCK:earth-likely
[veto] b63/ch61 -:0Hz E=0.80 S=0.15 net=+0.65 -> BLOCK:earth-likely
[veto] b63/ch62 -:0Hz E=0.80 S=0.15 net=+0.65 -> BLOCK:earth-likely
[veto] b63/ch63 -:0Hz E=0.80 S=0.15 net=+0.65 -> BLOCK:earth-likely
[veto] b64/ch0 Y4:1375794Hz E=1.10 S=0.15 net=+0.95 -> BLOCK:earth-likely
[veto] b64/ch6 Y2:1237929Hz E=0.85 S=0.15 net=+0.70 -> BLOCK:earth-likely
[veto] b64/ch52 Y4:481635Hz E=0.85 S=0.15 net=+0.70 -> BLOCK:earth-likely
[veto] b64/ch55 Y4:820577Hz E=1.10 S=0.15 net=+0.95 -> BLOCK:earth-likely
[veto] b64/ch56 Y2:286192Hz E=1.10 S=0.15 net=+0.95 -> BLOCK:earth-likely
[veto] b64/ch57 -:0Hz E=0.80 S=0.15 net=+0.65 -> BLOCK:earth-likely
[veto] b64/ch58 -:0Hz E=0.80 S=0.15 net=+0.65 -> BLOCK:earth-likely
[veto] b64/ch59 -:0Hz E=0.80 S=0.15 net=+0.65 -> BLOCK:earth-likely
[veto] b64/ch60 -:0Hz E=0.80 S=0.15 net=+0.65 -> BLOCK:earth-likely
[veto] b64/ch61 -:0Hz E=0.80 S=0.15 net=+0.65 -> BLOCK:earth-likely
[veto] b64/ch62 -:0Hz E=0.80 S=0.15 net=+0.65 -> BLOCK:earth-likely
[veto] b64/ch63 -:0Hz E=0.80 S=0.15 net=+0.65 -> BLOCK:earth-likely
[veto] b65/ch0 Y2:249535Hz E=0.85 S=0.15 net=+0.70 -> BLOCK:earth-likely
[veto] b65/ch55 Y4:1043826Hz E=1.10 S=0.15 net=+0.95 -> BLOCK:earth-likely
[veto] b65/ch56 Y2:835061Hz E=1.10 S=0.15 net=+0.95 -> BLOCK:earth-likely
[veto] b65/ch57 -:0Hz E=0.80 S=0.15 net=+0.65 -> BLOCK:earth-likely
[veto] b65/ch58 -:0Hz E=0.80 S=0.15 net=+0.65 -> BLOCK:earth-likely
[veto] b65/ch59 -:0Hz E=0.80 S=0.15 net=+0.65 -> BLOCK:earth-likely
[veto] b65/ch60 -:0Hz E=0.80 S=0.15 net=+0.65 -> BLOCK:earth-likely
[veto] b65/ch61 -:0Hz E=0.80 S=0.15 net=+0.65 -> BLOCK:earth-likely
[veto] b65/ch62 -:0Hz E=0.80 S=0.15 net=+0.65 -> BLOCK:earth-likely
[veto] b65/ch63 -:0Hz E=0.80 S=0.15 net=+0.65 -> BLOCK:earth-likely
[veto] b66/ch0 Y2:258476Hz E=0.85 S=0.15 net=+0.70 -> BLOCK:earth-likely
[veto] b66/ch54 Y2:854284Hz E=1.10 S=0.15 net=+0.95 -> BLOCK:earth-likely
[veto] b66/ch55 Y4:1181960Hz E=1.10 S=0.15 net=+0.95 -> BLOCK:earth-likely
[veto] b66/ch56 Y2:847310Hz E=1.10 S=0.15 net=+0.95 -> BLOCK:earth-likely
[veto] b66/ch57 -:0Hz E=0.80 S=0.15 net=+0.65 -> BLOCK:earth-likely
[veto] b66/ch58 -:0Hz E=0.80 S=0.15 net=+0.65 -> BLOCK:earth-likely
[veto] b66/ch59 -:0Hz E=0.80 S=0.15 net=+0.65 -> BLOCK:earth-likely
[veto] b66/ch60 -:0Hz E=0.80 S=0.15 net=+0.65 -> BLOCK:earth-likely
[veto] b66/ch61 -:0Hz E=0.80 S=0.15 net=+0.65 -> BLOCK:earth-likely
[veto] b66/ch62 -:0Hz E=0.80 S=0.15 net=+0.65 -> BLOCK:earth-likely
[veto] b66/ch63 -:0Hz E=0.80 S=0.15 net=+0.65 -> BLOCK:earth-likely
[veto] b67/ch0 Y4:989020Hz E=1.10 S=0.15 net=+0.95 -> BLOCK:earth-likely
[veto] b67/ch50 Y4:1229346Hz E=0.85 S=0.15 net=+0.70 -> BLOCK:earth-likely
[veto] b67/ch53 Y2:3666Hz E=0.65 S=0.15 net=+0.50 -> BLOCK:earth-likely
[veto] b67/ch55 Y4:604302Hz E=1.10 S=0.15 net=+0.95 -> BLOCK:earth-likely
[veto] b67/ch56 Y2:647843Hz E=1.10 S=0.15 net=+0.95 -> BLOCK:earth-likely
[veto] b67/ch57 -:0Hz E=0.80 S=0.15 net=+0.65 -> BLOCK:earth-likely
[veto] b67/ch58 -:0Hz E=0.80 S=0.15 net=+0.65 -> BLOCK:earth-likely
[veto] b67/ch59 -:0Hz E=0.80 S=0.15 net=+0.65 -> BLOCK:earth-likely
[veto] b67/ch60 -:0Hz E=0.80 S=0.15 net=+0.65 -> BLOCK:earth-likely
[veto] b67/ch61 -:0Hz E=0.80 S=0.15 net=+0.65 -> BLOCK:earth-likely
[veto] b67/ch62 -:0Hz E=0.80 S=0.15 net=+0.65 -> BLOCK:earth-likely
[veto] b67/ch63 -:0Hz E=0.80 S=0.15 net=+0.65 -> BLOCK:earth-likely
[veto] b68/ch0 Y2:312388Hz E=1.10 S=0.15 net=+0.95 -> BLOCK:earth-likely
[veto] b68/ch54 Y4:123739Hz E=0.85 S=0.15 net=+0.70 -> BLOCK:earth-likely
[veto] b68/ch55 Y2:864029Hz E=1.10 S=0.15 net=+0.95 -> BLOCK:earth-likely
[veto] b68/ch56 Y4:431925Hz E=1.10 S=0.15 net=+0.95 -> BLOCK:earth-likely
[veto] b68/ch57 -:0Hz E=0.80 S=0.15 net=+0.65 -> BLOCK:earth-likely
[veto] b68/ch58 -:0Hz E=0.80 S=0.15 net=+0.65 -> BLOCK:earth-likely
[veto] b68/ch59 -:0Hz E=0.80 S=0.15 net=+0.65 -> BLOCK:earth-likely
[veto] b68/ch60 -:0Hz E=0.80 S=0.15 net=+0.65 -> BLOCK:earth-likely
[veto] b68/ch61 -:0Hz E=0.80 S=0.15 net=+0.65 -> BLOCK:earth-likely
[veto] b68/ch62 -:0Hz E=0.80 S=0.15 net=+0.65 -> BLOCK:earth-likely
[veto] b68/ch63 -:0Hz E=0.80 S=0.15 net=+0.65 -> BLOCK:earth-likely
[veto] b69/ch0 Y2:252664Hz E=0.85 S=0.15 net=+0.70 -> BLOCK:earth-likely
[veto] b69/ch54 Y4:1263589Hz E=1.10 S=0.15 net=+0.95 -> BLOCK:earth-likely
[veto] b69/ch55 Y4:1448214Hz E=1.10 S=0.15 net=+0.95 -> BLOCK:earth-likely
[veto] b69/ch56 Y4:348598Hz E=1.10 S=0.15 net=+0.95 -> BLOCK:earth-likely
[veto] b69/ch57 -:0Hz E=0.80 S=0.15 net=+0.65 -> BLOCK:earth-likely
[veto] b69/ch58 -:0Hz E=0.80 S=0.15 net=+0.65 -> BLOCK:earth-likely
[veto] b69/ch59 -:0Hz E=0.80 S=0.15 net=+0.65 -> BLOCK:earth-likely
[veto] b69/ch60 -:0Hz E=0.80 S=0.15 net=+0.65 -> BLOCK:earth-likely
[veto] b69/ch61 -:0Hz E=0.80 S=0.15 net=+0.65 -> BLOCK:earth-likely
[veto] b69/ch62 -:0Hz E=0.80 S=0.15 net=+0.65 -> BLOCK:earth-likely
[veto] b69/ch63 -:0Hz E=0.80 S=0.15 net=+0.65 -> BLOCK:earth-likely
[veto] b70/ch0 Y4:144929Hz E=1.10 S=0.15 net=+0.95 -> BLOCK:earth-likely
[veto] b70/ch55 Y2:400990Hz E=1.10 S=0.15 net=+0.95 -> BLOCK:earth-likely
[veto] b70/ch56 Y2:659823Hz E=0.85 S=0.15 net=+0.70 -> BLOCK:earth-likely
[veto] b70/ch57 -:0Hz E=0.80 S=0.15 net=+0.65 -> BLOCK:earth-likely
[veto] b70/ch58 -:0Hz E=0.80 S=0.15 net=+0.65 -> BLOCK:earth-likely
[veto] b70/ch59 -:0Hz E=0.80 S=0.15 net=+0.65 -> BLOCK:earth-likely
[veto] b70/ch60 -:0Hz E=0.80 S=0.15 net=+0.65 -> BLOCK:earth-likely
[veto] b70/ch61 -:0Hz E=0.80 S=0.15 net=+0.65 -> BLOCK:earth-likely
[veto] b70/ch62 -:0Hz E=0.80 S=0.15 net=+0.65 -> BLOCK:earth-likely
[veto] b70/ch63 -:0Hz E=0.80 S=0.15 net=+0.65 -> BLOCK:earth-likely
[veto] b71/ch0 Y4:889063Hz E=1.10 S=0.15 net=+0.95 -> BLOCK:earth-likely
[veto] b71/ch53 Y2:358Hz E=0.40 S=0.15 net=+0.25 -> WATCH
[veto] b71/ch55 Y4:442386Hz E=1.10 S=0.15 net=+0.95 -> BLOCK:earth-likely
[veto] b71/ch56 Y4:330716Hz E=0.85 S=0.15 net=+0.70 -> BLOCK:earth-likely
[veto] b71/ch57 -:0Hz E=0.80 S=0.15 net=+0.65 -> BLOCK:earth-likely
[veto] b71/ch58 -:0Hz E=0.80 S=0.15 net=+0.65 -> BLOCK:earth-likely
[veto] b71/ch59 -:0Hz E=0.80 S=0.15 net=+0.65 -> BLOCK:earth-likely
[veto] b71/ch60 -:0Hz E=0.80 S=0.15 net=+0.65 -> BLOCK:earth-likely
[veto] b71/ch61 -:0Hz E=0.80 S=0.15 net=+0.65 -> BLOCK:earth-likely
[veto] b71/ch62 -:0Hz E=0.80 S=0.15 net=+0.65 -> BLOCK:earth-likely
[veto] b71/ch63 -:0Hz E=0.80 S=0.15 net=+0.65 -> BLOCK:earth-likely
[veto] b72/ch0 Y4:1295596Hz E=1.10 S=0.15 net=+0.95 -> BLOCK:earth-likely
[veto] b72/ch55 Y2:836849Hz E=1.10 S=0.15 net=+0.95 -> BLOCK:earth-likely
[veto] b72/ch56 Y2:1349241Hz E=1.10 S=0.15 net=+0.95 -> BLOCK:earth-likely
[veto] b72/ch57 -:0Hz E=0.80 S=0.15 net=+0.65 -> BLOCK:earth-likely
[veto] b72/ch58 -:0Hz E=0.80 S=0.15 net=+0.65 -> BLOCK:earth-likely
[veto] b72/ch59 -:0Hz E=0.80 S=0.15 net=+0.65 -> BLOCK:earth-likely
[veto] b72/ch60 -:0Hz E=0.80 S=0.15 net=+0.65 -> BLOCK:earth-likely
[veto] b72/ch61 -:0Hz E=0.80 S=0.15 net=+0.65 -> BLOCK:earth-likely
[veto] b72/ch62 -:0Hz E=0.80 S=0.15 net=+0.65 -> BLOCK:earth-likely
[veto] b72/ch63 -:0Hz E=0.80 S=0.15 net=+0.65 -> BLOCK:earth-likely
[veto] b73/ch0 Y2:262409Hz E=1.10 S=0.15 net=+0.95 -> BLOCK:earth-likely
[veto] b73/ch54 Y4:54717Hz E=0.65 S=0.15 net=+0.50 -> BLOCK:earth-likely
[veto] b73/ch56 Y4:757009Hz E=1.10 S=0.15 net=+0.95 -> BLOCK:earth-likely
[veto] b73/ch57 -:0Hz E=0.80 S=0.15 net=+0.65 -> BLOCK:earth-likely
[veto] b73/ch58 -:0Hz E=0.80 S=0.15 net=+0.65 -> BLOCK:earth-likely
[veto] b73/ch59 -:0Hz E=0.80 S=0.15 net=+0.65 -> BLOCK:earth-likely
[veto] b73/ch60 -:0Hz E=0.80 S=0.15 net=+0.65 -> BLOCK:earth-likely
[veto] b73/ch61 -:0Hz E=0.80 S=0.15 net=+0.65 -> BLOCK:earth-likely
[veto] b73/ch62 -:0Hz E=0.80 S=0.15 net=+0.65 -> BLOCK:earth-likely
[veto] b73/ch63 -:0Hz E=0.80 S=0.15 net=+0.65 -> BLOCK:earth-likely
[veto] b74/ch0 Y2:1257330Hz E=1.10 S=0.15 net=+0.95 -> BLOCK:earth-likely
[veto] b74/ch55 Y2:637382Hz E=0.85 S=0.15 net=+0.70 -> BLOCK:earth-likely
[veto] b74/ch56 Y4:205278Hz E=0.85 S=0.15 net=+0.70 -> BLOCK:earth-likely
[veto] b74/ch57 -:0Hz E=0.80 S=0.15 net=+0.65 -> BLOCK:earth-likely
[veto] b74/ch58 -:0Hz E=0.80 S=0.15 net=+0.65 -> BLOCK:earth-likely
[veto] b74/ch59 -:0Hz E=0.80 S=0.15 net=+0.65 -> BLOCK:earth-likely
[veto] b74/ch60 -:0Hz E=0.80 S=0.15 net=+0.65 -> BLOCK:earth-likely
[veto] b74/ch61 -:0Hz E=0.80 S=0.15 net=+0.65 -> BLOCK:earth-likely
[veto] b74/ch62 -:0Hz E=0.80 S=0.15 net=+0.65 -> BLOCK:earth-likely
[veto] b74/ch63 -:0Hz E=0.80 S=0.15 net=+0.65 -> BLOCK:earth-likely
[veto] b75/ch0 Y4:615388Hz E=0.85 S=0.15 net=+0.70 -> BLOCK:earth-likely
[veto] b75/ch56 Y2:1336098Hz E=1.10 S=0.15 net=+0.95 -> BLOCK:earth-likely
[veto] b75/ch57 -:0Hz E=0.80 S=0.15 net=+0.65 -> BLOCK:earth-likely
[veto] b75/ch58 -:0Hz E=0.80 S=0.15 net=+0.65 -> BLOCK:earth-likely
[veto] b75/ch59 -:0Hz E=0.80 S=0.15 net=+0.65 -> BLOCK:earth-likely
[veto] b75/ch60 -:0Hz E=0.80 S=0.15 net=+0.65 -> BLOCK:earth-likely
[veto] b75/ch61 -:0Hz E=0.80 S=0.15 net=+0.65 -> BLOCK:earth-likely
[veto] b75/ch62 -:0Hz E=0.80 S=0.15 net=+0.65 -> BLOCK:earth-likely
[veto] b75/ch63 -:0Hz E=0.80 S=0.15 net=+0.65 -> BLOCK:earth-likely
[veto] b76/ch0 Y2:1015037Hz E=1.10 S=0.15 net=+0.95 -> BLOCK:earth-likely
[veto] b76/ch55 Y2:1218617Hz E=1.10 S=0.15 net=+0.95 -> BLOCK:earth-likely
[veto] b76/ch56 Y2:491649Hz E=1.10 S=0.15 net=+0.95 -> BLOCK:earth-likely
[veto] b76/ch57 -:0Hz E=0.80 S=0.15 net=+0.65 -> BLOCK:earth-likely
[veto] b76/ch58 -:0Hz E=0.80 S=0.15 net=+0.65 -> BLOCK:earth-likely
[veto] b76/ch59 -:0Hz E=0.80 S=0.15 net=+0.65 -> BLOCK:earth-likely
[veto] b76/ch60 -:0Hz E=0.80 S=0.15 net=+0.65 -> BLOCK:earth-likely
[veto] b76/ch61 -:0Hz E=0.80 S=0.15 net=+0.65 -> BLOCK:earth-likely
[veto] b76/ch62 -:0Hz E=0.80 S=0.15 net=+0.65 -> BLOCK:earth-likely
[veto] b76/ch63 -:0Hz E=0.80 S=0.15 net=+0.65 -> BLOCK:earth-likely
[veto] b77/ch0 Y2:199914Hz E=0.85 S=0.15 net=+0.70 -> BLOCK:earth-likely
[veto] b77/ch54 Y2:203133Hz E=1.10 S=0.15 net=+0.95 -> BLOCK:earth-likely
[veto] b77/ch56 Y4:1096755Hz E=1.10 S=0.15 net=+0.95 -> BLOCK:earth-likely
[veto] b77/ch57 -:0Hz E=0.80 S=0.15 net=+0.65 -> BLOCK:earth-likely
[veto] b77/ch58 -:0Hz E=0.80 S=0.15 net=+0.65 -> BLOCK:earth-likely
[veto] b77/ch59 -:0Hz E=0.80 S=0.15 net=+0.65 -> BLOCK:earth-likely
[veto] b77/ch60 -:0Hz E=0.80 S=0.15 net=+0.65 -> BLOCK:earth-likely
[veto] b77/ch61 -:0Hz E=0.80 S=0.15 net=+0.65 -> BLOCK:earth-likely
[veto] b77/ch62 -:0Hz E=0.80 S=0.15 net=+0.65 -> BLOCK:earth-likely
[veto] b77/ch63 -:0Hz E=0.80 S=0.15 net=+0.65 -> BLOCK:earth-likely
[veto] b78/ch0 Y2:553876Hz E=1.10 S=0.15 net=+0.95 -> BLOCK:earth-likely
[veto] b78/ch8 Y2:1412809Hz E=0.85 S=0.15 net=+0.70 -> BLOCK:earth-likely
[veto] b78/ch52 Y2:574887Hz E=1.10 S=0.15 net=+0.95 -> BLOCK:earth-likely
[veto] b78/ch53 Y4:52303Hz E=0.65 S=0.15 net=+0.50 -> BLOCK:earth-likely
[veto] b78/ch55 Y2:58293Hz E=0.65 S=0.15 net=+0.50 -> BLOCK:earth-likely
[veto] b78/ch56 Y2:504076Hz E=1.10 S=0.15 net=+0.95 -> BLOCK:earth-likely
[veto] b78/ch57 -:0Hz E=0.80 S=0.15 net=+0.65 -> BLOCK:earth-likely
[veto] b78/ch58 -:0Hz E=0.80 S=0.15 net=+0.65 -> BLOCK:earth-likely
[veto] b78/ch59 -:0Hz E=0.80 S=0.15 net=+0.65 -> BLOCK:earth-likely
[veto] b78/ch60 -:0Hz E=0.80 S=0.15 net=+0.65 -> BLOCK:earth-likely
[veto] b78/ch61 -:0Hz E=0.80 S=0.15 net=+0.65 -> BLOCK:earth-likely
[veto] b78/ch62 -:0Hz E=0.80 S=0.15 net=+0.65 -> BLOCK:earth-likely
[veto] b78/ch63 -:0Hz E=0.80 S=0.15 net=+0.65 -> BLOCK:earth-likely
[veto] b79/ch0 Y4:526607Hz E=0.85 S=0.15 net=+0.70 -> BLOCK:earth-likely
[veto] b79/ch54 Y2:124723Hz E=0.85 S=0.15 net=+0.70 -> BLOCK:earth-likely
[veto] b79/ch55 Y4:1002073Hz E=1.10 S=0.15 net=+0.95 -> BLOCK:earth-likely
[veto] b79/ch56 Y4:1464844Hz E=1.10 S=0.15 net=+0.95 -> BLOCK:earth-likely
[veto] b79/ch57 -:0Hz E=0.80 S=0.15 net=+0.65 -> BLOCK:earth-likely
[veto] b79/ch58 -:0Hz E=0.80 S=0.15 net=+0.65 -> BLOCK:earth-likely
[veto] b79/ch59 -:0Hz E=0.80 S=0.15 net=+0.65 -> BLOCK:earth-likely
[veto] b79/ch60 -:0Hz E=0.80 S=0.15 net=+0.65 -> BLOCK:earth-likely
[veto] b79/ch61 -:0Hz E=0.80 S=0.15 net=+0.65 -> BLOCK:earth-likely
[veto] b79/ch62 -:0Hz E=0.80 S=0.15 net=+0.65 -> BLOCK:earth-likely
[veto] b79/ch63 -:0Hz E=0.80 S=0.15 net=+0.65 -> BLOCK:earth-likely
[veto] b80/ch0 Y2:521332Hz E=0.85 S=0.15 net=+0.70 -> BLOCK:earth-likely
[veto] b80/ch53 Y4:638634Hz E=0.85 S=0.15 net=+0.70 -> BLOCK:earth-likely
[veto] b80/ch54 Y2:990182Hz E=1.10 S=0.15 net=+0.95 -> BLOCK:earth-likely
[veto] b80/ch55 Y2:266612Hz E=1.10 S=0.15 net=+0.95 -> BLOCK:earth-likely
[veto] b80/ch56 Y2:1201719Hz E=1.10 S=0.15 net=+0.95 -> BLOCK:earth-likely
[veto] b80/ch57 -:0Hz E=0.80 S=0.15 net=+0.65 -> BLOCK:earth-likely
[veto] b80/ch58 -:0Hz E=0.80 S=0.15 net=+0.65 -> BLOCK:earth-likely
[veto] b80/ch59 -:0Hz E=0.80 S=0.15 net=+0.65 -> BLOCK:earth-likely
[veto] b80/ch60 -:0Hz E=0.80 S=0.15 net=+0.65 -> BLOCK:earth-likely
[veto] b80/ch61 -:0Hz E=0.80 S=0.15 net=+0.65 -> BLOCK:earth-likely
[veto] b80/ch62 -:0Hz E=0.80 S=0.15 net=+0.65 -> BLOCK:earth-likely
[veto] b80/ch63 -:0Hz E=0.80 S=0.15 net=+0.65 -> BLOCK:earth-likely
[veto] b81/ch0 Y2:508368Hz E=1.10 S=0.15 net=+0.95 -> BLOCK:earth-likely
[veto] b81/ch52 Y2:948787Hz E=0.85 S=0.15 net=+0.70 -> BLOCK:earth-likely
[veto] b81/ch55 Y2:241309Hz E=0.85 S=0.15 net=+0.70 -> BLOCK:earth-likely
[veto] b81/ch56 Y4:897735Hz E=1.10 S=0.15 net=+0.95 -> BLOCK:earth-likely
[veto] b81/ch57 -:0Hz E=0.80 S=0.15 net=+0.65 -> BLOCK:earth-likely
[veto] b81/ch58 -:0Hz E=0.80 S=0.15 net=+0.65 -> BLOCK:earth-likely
[veto] b81/ch59 -:0Hz E=0.80 S=0.15 net=+0.65 -> BLOCK:earth-likely
[veto] b81/ch60 -:0Hz E=0.80 S=0.15 net=+0.65 -> BLOCK:earth-likely
[veto] b81/ch61 -:0Hz E=0.80 S=0.15 net=+0.65 -> BLOCK:earth-likely
[veto] b81/ch62 -:0Hz E=0.80 S=0.15 net=+0.65 -> BLOCK:earth-likely
[veto] b81/ch63 -:0Hz E=0.80 S=0.15 net=+0.65 -> BLOCK:earth-likely
[veto] b82/ch0 Y2:19222Hz E=0.65 S=0.15 net=+0.50 -> BLOCK:earth-likely
[veto] b82/ch53 Y2:1429886Hz E=1.10 S=0.15 net=+0.95 -> BLOCK:earth-likely
[veto] b82/ch54 Y2:533223Hz E=1.10 S=0.15 net=+0.95 -> BLOCK:earth-likely
[veto] b82/ch55 Y2:99152Hz E=0.90 S=0.15 net=+0.75 -> BLOCK:earth-likely
[veto] b82/ch56 Y4:84490Hz E=0.90 S=0.15 net=+0.75 -> BLOCK:earth-likely
[veto] b82/ch57 -:0Hz E=0.80 S=0.15 net=+0.65 -> BLOCK:earth-likely
[veto] b82/ch58 -:0Hz E=0.80 S=0.15 net=+0.65 -> BLOCK:earth-likely
[veto] b82/ch59 -:0Hz E=0.80 S=0.15 net=+0.65 -> BLOCK:earth-likely
[veto] b82/ch60 -:0Hz E=0.80 S=0.15 net=+0.65 -> BLOCK:earth-likely
[veto] b82/ch61 -:0Hz E=0.80 S=0.15 net=+0.65 -> BLOCK:earth-likely
[veto] b82/ch62 -:0Hz E=0.80 S=0.15 net=+0.65 -> BLOCK:earth-likely
[veto] b82/ch63 -:0Hz E=0.80 S=0.15 net=+0.65 -> BLOCK:earth-likely
[veto] b83/ch0 Y2:765681Hz E=1.10 S=0.15 net=+0.95 -> BLOCK:earth-likely
[veto] b83/ch52 Y2:629872Hz E=0.85 S=0.15 net=+0.70 -> BLOCK:earth-likely
[veto] b83/ch53 Y2:557274Hz E=0.85 S=0.15 net=+0.70 -> BLOCK:earth-likely
[veto] b83/ch55 Y2:571489Hz E=1.10 S=0.15 net=+0.95 -> BLOCK:earth-likely
[veto] b83/ch56 Y2:947535Hz E=1.10 S=0.15 net=+0.95 -> BLOCK:earth-likely
[veto] b83/ch57 -:0Hz E=0.80 S=0.15 net=+0.65 -> BLOCK:earth-likely
[veto] b83/ch58 -:0Hz E=0.80 S=0.15 net=+0.65 -> BLOCK:earth-likely
[veto] b83/ch59 -:0Hz E=0.80 S=0.15 net=+0.65 -> BLOCK:earth-likely
[veto] b83/ch60 -:0Hz E=0.80 S=0.15 net=+0.65 -> BLOCK:earth-likely
[veto] b83/ch61 -:0Hz E=0.80 S=0.15 net=+0.65 -> BLOCK:earth-likely
[veto] b83/ch62 -:0Hz E=0.80 S=0.15 net=+0.65 -> BLOCK:earth-likely
[veto] b83/ch63 -:0Hz E=0.80 S=0.15 net=+0.65 -> BLOCK:earth-likely
[veto] b84/ch0 Y4:198752Hz E=1.10 S=0.15 net=+0.95 -> BLOCK:earth-likely
[veto] b84/ch36 Y2:1025409Hz E=0.85 S=0.15 net=+0.70 -> BLOCK:earth-likely
[veto] b84/ch55 Y2:99510Hz E=0.90 S=0.15 net=+0.75 -> BLOCK:earth-likely
[veto] b84/ch56 Y4:409573Hz E=1.10 S=0.15 net=+0.95 -> BLOCK:earth-likely
[veto] b84/ch57 -:0Hz E=0.80 S=0.15 net=+0.65 -> BLOCK:earth-likely
[veto] b84/ch58 -:0Hz E=0.80 S=0.15 net=+0.65 -> BLOCK:earth-likely
[veto] b84/ch59 -:0Hz E=0.80 S=0.15 net=+0.65 -> BLOCK:earth-likely
[veto] b84/ch60 -:0Hz E=0.80 S=0.15 net=+0.65 -> BLOCK:earth-likely
[veto] b84/ch61 -:0Hz E=0.80 S=0.15 net=+0.65 -> BLOCK:earth-likely
[veto] b84/ch62 -:0Hz E=0.80 S=0.15 net=+0.65 -> BLOCK:earth-likely
[veto] b84/ch63 -:0Hz E=0.80 S=0.15 net=+0.65 -> BLOCK:earth-likely
[veto] b85/ch0 Y2:1463324Hz E=1.10 S=0.15 net=+0.95 -> BLOCK:earth-likely
[veto] b85/ch48 Y2:4917Hz E=0.65 S=0.15 net=+0.50 -> BLOCK:earth-likely
[veto] b85/ch54 Y4:547796Hz E=1.10 S=0.15 net=+0.95 -> BLOCK:earth-likely
[veto] b85/ch55 Y2:58740Hz E=0.65 S=0.15 net=+0.50 -> BLOCK:earth-likely
[veto] b85/ch56 Y2:675023Hz E=1.10 S=0.15 net=+0.95 -> BLOCK:earth-likely
[veto] b85/ch57 -:0Hz E=0.80 S=0.15 net=+0.65 -> BLOCK:earth-likely
[veto] b85/ch58 -:0Hz E=0.80 S=0.15 net=+0.65 -> BLOCK:earth-likely
[veto] b85/ch59 -:0Hz E=0.80 S=0.15 net=+0.65 -> BLOCK:earth-likely
[veto] b85/ch60 -:0Hz E=0.80 S=0.15 net=+0.65 -> BLOCK:earth-likely
[veto] b85/ch61 -:0Hz E=0.80 S=0.15 net=+0.65 -> BLOCK:earth-likely
[veto] b85/ch62 -:0Hz E=0.80 S=0.15 net=+0.65 -> BLOCK:earth-likely
[veto] b85/ch63 -:0Hz E=0.80 S=0.15 net=+0.65 -> BLOCK:earth-likely
[veto] b86/ch0 Y4:88066Hz E=0.65 S=0.15 net=+0.50 -> BLOCK:earth-likely
[veto] b86/ch54 Y4:192225Hz E=1.10 S=0.15 net=+0.95 -> BLOCK:earth-likely
[veto] b86/ch55 Y4:1216650Hz E=1.10 S=0.15 net=+0.95 -> BLOCK:earth-likely
[veto] b86/ch56 Y4:442564Hz E=0.85 S=0.15 net=+0.70 -> BLOCK:earth-likely
[veto] b86/ch57 -:0Hz E=0.80 S=0.15 net=+0.65 -> BLOCK:earth-likely
[veto] b86/ch58 -:0Hz E=0.80 S=0.15 net=+0.65 -> BLOCK:earth-likely
[veto] b86/ch59 -:0Hz E=0.80 S=0.15 net=+0.65 -> BLOCK:earth-likely
[veto] b86/ch60 -:0Hz E=0.80 S=0.15 net=+0.65 -> BLOCK:earth-likely
[veto] b86/ch61 -:0Hz E=0.80 S=0.15 net=+0.65 -> BLOCK:earth-likely
[veto] b86/ch62 -:0Hz E=0.80 S=0.15 net=+0.65 -> BLOCK:earth-likely
[veto] b86/ch63 -:0Hz E=0.80 S=0.15 net=+0.65 -> BLOCK:earth-likely
[veto] b87/ch0 Y2:627100Hz E=1.10 S=0.15 net=+0.95 -> BLOCK:earth-likely
[veto] b87/ch52 Y2:1445353Hz E=0.85 S=0.15 net=+0.70 -> BLOCK:earth-likely
[veto] b87/ch54 Y4:957727Hz E=1.10 S=0.15 net=+0.95 -> BLOCK:earth-likely
[veto] b87/ch55 Y2:678599Hz E=1.10 S=0.15 net=+0.95 -> BLOCK:earth-likely
[veto] b87/ch56 Y4:461340Hz E=1.10 S=0.15 net=+0.95 -> BLOCK:earth-likely
[veto] b87/ch57 -:0Hz E=0.80 S=0.15 net=+0.65 -> BLOCK:earth-likely
[veto] b87/ch58 -:0Hz E=0.80 S=0.15 net=+0.65 -> BLOCK:earth-likely
[veto] b87/ch59 -:0Hz E=0.80 S=0.15 net=+0.65 -> BLOCK:earth-likely
[veto] b87/ch60 -:0Hz E=0.80 S=0.15 net=+0.65 -> BLOCK:earth-likely
[veto] b87/ch61 -:0Hz E=0.80 S=0.15 net=+0.65 -> BLOCK:earth-likely
[veto] b87/ch62 -:0Hz E=0.80 S=0.15 net=+0.65 -> BLOCK:earth-likely
[veto] b87/ch63 -:0Hz E=0.80 S=0.15 net=+0.65 -> BLOCK:earth-likely
[veto] b88/ch0 Y4:200003Hz E=0.85 S=0.15 net=+0.70 -> BLOCK:earth-likely
[veto] b88/ch52 Y4:626Hz E=0.65 S=0.15 net=+0.50 -> BLOCK:earth-likely
[veto] b88/ch53 Y4:800729Hz E=1.10 S=0.15 net=+0.95 -> BLOCK:earth-likely
[veto] b88/ch54 Y2:13143Hz E=0.65 S=0.15 net=+0.50 -> BLOCK:earth-likely
[veto] b88/ch55 Y4:1210660Hz E=1.10 S=0.15 net=+0.95 -> BLOCK:earth-likely
[veto] b88/ch56 Y4:485390Hz E=1.10 S=0.15 net=+0.95 -> BLOCK:earth-likely
[veto] b88/ch57 -:0Hz E=0.80 S=0.15 net=+0.65 -> BLOCK:earth-likely
[veto] b88/ch58 -:0Hz E=0.80 S=0.15 net=+0.65 -> BLOCK:earth-likely
[veto] b88/ch59 -:0Hz E=0.80 S=0.15 net=+0.65 -> BLOCK:earth-likely
[veto] b88/ch60 -:0Hz E=0.80 S=0.15 net=+0.65 -> BLOCK:earth-likely
[veto] b88/ch61 -:0Hz E=0.80 S=0.15 net=+0.65 -> BLOCK:earth-likely
[veto] b88/ch62 -:0Hz E=0.80 S=0.15 net=+0.65 -> BLOCK:earth-likely
[veto] b88/ch63 -:0Hz E=0.80 S=0.15 net=+0.65 -> BLOCK:earth-likely
[veto] b89/ch0 Y4:173986Hz E=0.85 S=0.15 net=+0.70 -> BLOCK:earth-likely
[veto] b89/ch52 Y4:1431Hz E=0.65 S=0.15 net=+0.50 -> BLOCK:earth-likely
[veto] b89/ch53 Y4:160843Hz E=0.85 S=0.15 net=+0.70 -> BLOCK:earth-likely
[veto] b89/ch55 Y4:654638Hz E=1.10 S=0.15 net=+0.95 -> BLOCK:earth-likely
[veto] b89/ch56 Y2:1226753Hz E=1.10 S=0.15 net=+0.95 -> BLOCK:earth-likely
[veto] b89/ch57 -:0Hz E=0.80 S=0.15 net=+0.65 -> BLOCK:earth-likely
[veto] b89/ch58 -:0Hz E=0.80 S=0.15 net=+0.65 -> BLOCK:earth-likely
[veto] b89/ch59 -:0Hz E=0.80 S=0.15 net=+0.65 -> BLOCK:earth-likely
[veto] b89/ch60 -:0Hz E=0.80 S=0.15 net=+0.65 -> BLOCK:earth-likely
[veto] b89/ch61 -:0Hz E=0.80 S=0.15 net=+0.65 -> BLOCK:earth-likely
[veto] b89/ch62 -:0Hz E=0.80 S=0.15 net=+0.65 -> BLOCK:earth-likely
[veto] b89/ch63 -:0Hz E=0.80 S=0.15 net=+0.65 -> BLOCK:earth-likely
[veto] b90/ch0 Y4:635594Hz E=1.10 S=0.15 net=+0.95 -> BLOCK:earth-likely
[veto] b90/ch54 Y4:21368Hz E=0.90 S=0.15 net=+0.75 -> BLOCK:earth-likely
[veto] b90/ch55 Y2:1167476Hz E=1.10 S=0.15 net=+0.95 -> BLOCK:earth-likely
[veto] b90/ch56 Y4:745833Hz E=1.10 S=0.15 net=+0.95 -> BLOCK:earth-likely
[veto] b90/ch57 -:0Hz E=0.80 S=0.15 net=+0.65 -> BLOCK:earth-likely
[veto] b90/ch58 -:0Hz E=0.80 S=0.15 net=+0.65 -> BLOCK:earth-likely
[veto] b90/ch59 -:0Hz E=0.80 S=0.15 net=+0.65 -> BLOCK:earth-likely
[veto] b90/ch60 -:0Hz E=0.80 S=0.15 net=+0.65 -> BLOCK:earth-likely
[veto] b90/ch61 -:0Hz E=0.80 S=0.15 net=+0.65 -> BLOCK:earth-likely
[veto] b90/ch62 -:0Hz E=0.80 S=0.15 net=+0.65 -> BLOCK:earth-likely
[veto] b90/ch63 -:0Hz E=0.80 S=0.15 net=+0.65 -> BLOCK:earth-likely
[veto] b91/ch0 Y4:630945Hz E=1.10 S=0.15 net=+0.95 -> BLOCK:earth-likely
[veto] b91/ch54 Y2:12338Hz E=0.65 S=0.15 net=+0.50 -> BLOCK:earth-likely
[veto] b91/ch56 Y4:435948Hz E=1.10 S=0.15 net=+0.95 -> BLOCK:earth-likely
[veto] b91/ch57 -:0Hz E=0.80 S=0.15 net=+0.65 -> BLOCK:earth-likely
[veto] b91/ch58 -:0Hz E=0.80 S=0.15 net=+0.65 -> BLOCK:earth-likely
[veto] b91/ch59 -:0Hz E=0.80 S=0.15 net=+0.65 -> BLOCK:earth-likely
[veto] b91/ch60 -:0Hz E=0.80 S=0.15 net=+0.65 -> BLOCK:earth-likely
[veto] b91/ch61 -:0Hz E=0.80 S=0.15 net=+0.65 -> BLOCK:earth-likely
[veto] b91/ch62 -:0Hz E=0.80 S=0.15 net=+0.65 -> BLOCK:earth-likely
[veto] b91/ch63 -:0Hz E=0.80 S=0.15 net=+0.65 -> BLOCK:earth-likely
[veto] b92/ch0 Y4:397861Hz E=1.10 S=0.15 net=+0.95 -> BLOCK:earth-likely
[veto] b92/ch54 Y4:918478Hz E=1.10 S=0.15 net=+0.95 -> BLOCK:earth-likely
[veto] b92/ch55 Y2:264913Hz E=1.10 S=0.15 net=+0.95 -> BLOCK:earth-likely
[veto] b92/ch56 Y2:519902Hz E=1.10 S=0.15 net=+0.95 -> BLOCK:earth-likely
[veto] b92/ch57 -:0Hz E=0.80 S=0.15 net=+0.65 -> BLOCK:earth-likely
[veto] b92/ch58 -:0Hz E=0.80 S=0.15 net=+0.65 -> BLOCK:earth-likely
[veto] b92/ch59 -:0Hz E=0.80 S=0.15 net=+0.65 -> BLOCK:earth-likely
[veto] b92/ch60 -:0Hz E=0.80 S=0.15 net=+0.65 -> BLOCK:earth-likely
[veto] b92/ch61 -:0Hz E=0.80 S=0.15 net=+0.65 -> BLOCK:earth-likely
[veto] b92/ch62 -:0Hz E=0.80 S=0.15 net=+0.65 -> BLOCK:earth-likely
[veto] b92/ch63 -:0Hz E=0.80 S=0.15 net=+0.65 -> BLOCK:earth-likely
[veto] b93/ch0 Y4:1147807Hz E=1.10 S=0.15 net=+0.95 -> BLOCK:earth-likely
[veto] b93/ch55 Y4:864029Hz E=1.10 S=0.15 net=+0.95 -> BLOCK:earth-likely
[veto] b93/ch56 Y4:797778Hz E=1.10 S=0.15 net=+0.95 -> BLOCK:earth-likely
[veto] b93/ch57 -:0Hz E=0.80 S=0.15 net=+0.65 -> BLOCK:earth-likely
[veto] b93/ch58 -:0Hz E=0.80 S=0.15 net=+0.65 -> BLOCK:earth-likely
[veto] b93/ch59 -:0Hz E=0.80 S=0.15 net=+0.65 -> BLOCK:earth-likely
[veto] b93/ch60 -:0Hz E=0.80 S=0.15 net=+0.65 -> BLOCK:earth-likely
[veto] b93/ch61 -:0Hz E=0.80 S=0.15 net=+0.65 -> BLOCK:earth-likely
[veto] b93/ch62 -:0Hz E=0.80 S=0.15 net=+0.65 -> BLOCK:earth-likely
[veto] b93/ch63 -:0Hz E=0.80 S=0.15 net=+0.65 -> BLOCK:earth-likely
[veto] b94/ch0 Y2:368088Hz E=1.10 S=0.15 net=+0.95 -> BLOCK:earth-likely
[veto] b94/ch54 Y4:824511Hz E=1.10 S=0.15 net=+0.95 -> BLOCK:earth-likely
[veto] b94/ch55 Y2:923663Hz E=1.10 S=0.15 net=+0.95 -> BLOCK:earth-likely
[veto] b94/ch56 Y2:991344Hz E=1.10 S=0.15 net=+0.95 -> BLOCK:earth-likely
[veto] b94/ch57 -:0Hz E=0.80 S=0.15 net=+0.65 -> BLOCK:earth-likely
[veto] b94/ch58 -:0Hz E=0.80 S=0.15 net=+0.65 -> BLOCK:earth-likely
[veto] b94/ch59 -:0Hz E=0.80 S=0.15 net=+0.65 -> BLOCK:earth-likely
[veto] b94/ch60 -:0Hz E=0.80 S=0.15 net=+0.65 -> BLOCK:earth-likely
[veto] b94/ch61 -:0Hz E=0.80 S=0.15 net=+0.65 -> BLOCK:earth-likely
[veto] b94/ch62 -:0Hz E=0.80 S=0.15 net=+0.65 -> BLOCK:earth-likely
[veto] b94/ch63 -:0Hz E=0.80 S=0.15 net=+0.65 -> BLOCK:earth-likely
[veto] b95/ch0 Y2:661790Hz E=1.10 S=0.15 net=+0.95 -> BLOCK:earth-likely
[veto] b95/ch53 Y4:1003683Hz E=1.10 S=0.15 net=+0.95 -> BLOCK:earth-likely
[veto] b95/ch56 Y2:1046419Hz E=1.10 S=0.15 net=+0.95 -> BLOCK:earth-likely
[veto] b95/ch57 -:0Hz E=0.80 S=0.15 net=+0.65 -> BLOCK:earth-likely
[veto] b95/ch58 -:0Hz E=0.80 S=0.15 net=+0.65 -> BLOCK:earth-likely
[veto] b95/ch59 -:0Hz E=0.80 S=0.15 net=+0.65 -> BLOCK:earth-likely
[veto] b95/ch60 -:0Hz E=0.80 S=0.15 net=+0.65 -> BLOCK:earth-likely
[veto] b95/ch61 -:0Hz E=0.80 S=0.15 net=+0.65 -> BLOCK:earth-likely
[veto] b95/ch62 -:0Hz E=0.80 S=0.15 net=+0.65 -> BLOCK:earth-likely
[veto] b95/ch63 -:0Hz E=0.80 S=0.15 net=+0.65 -> BLOCK:earth-likely
[veto] b96/ch0 Y4:929564Hz E=1.10 S=0.15 net=+0.95 -> BLOCK:earth-likely
[veto] b96/ch53 Y4:1201987Hz E=1.10 S=0.15 net=+0.95 -> BLOCK:earth-likely
[veto] b96/ch55 Y2:124276Hz E=1.10 S=0.15 net=+0.95 -> BLOCK:earth-likely
[veto] b96/ch56 Y2:852317Hz E=1.10 S=0.15 net=+0.95 -> BLOCK:earth-likely
[veto] b96/ch57 -:0Hz E=0.80 S=0.15 net=+0.65 -> BLOCK:earth-likely
[veto] b96/ch58 -:0Hz E=0.80 S=0.15 net=+0.65 -> BLOCK:earth-likely
[veto] b96/ch59 -:0Hz E=0.80 S=0.15 net=+0.65 -> BLOCK:earth-likely
[veto] b96/ch60 -:0Hz E=0.80 S=0.15 net=+0.65 -> BLOCK:earth-likely
[veto] b96/ch61 -:0Hz E=0.80 S=0.15 net=+0.65 -> BLOCK:earth-likely
[veto] b96/ch62 -:0Hz E=0.80 S=0.15 net=+0.65 -> BLOCK:earth-likely
[veto] b96/ch63 -:0Hz E=0.80 S=0.15 net=+0.65 -> BLOCK:earth-likely
[veto] b97/ch0 Y2:903368Hz E=1.10 S=0.15 net=+0.95 -> BLOCK:earth-likely
[veto] b97/ch53 Y4:1243740Hz E=1.10 S=0.15 net=+0.95 -> BLOCK:earth-likely
[veto] b97/ch54 Y2:291198Hz E=0.85 S=0.15 net=+0.70 -> BLOCK:earth-likely
[veto] b97/ch55 Y2:364780Hz E=0.85 S=0.15 net=+0.70 -> BLOCK:earth-likely
[veto] b97/ch56 Y2:1041055Hz E=1.10 S=0.15 net=+0.95 -> BLOCK:earth-likely
[veto] b97/ch57 -:0Hz E=0.80 S=0.15 net=+0.65 -> BLOCK:earth-likely
[veto] b97/ch58 -:0Hz E=0.80 S=0.15 net=+0.65 -> BLOCK:earth-likely
[veto] b97/ch59 -:0Hz E=0.80 S=0.15 net=+0.65 -> BLOCK:earth-likely
[veto] b97/ch60 -:0Hz E=0.80 S=0.15 net=+0.65 -> BLOCK:earth-likely
[veto] b97/ch61 -:0Hz E=0.80 S=0.15 net=+0.65 -> BLOCK:earth-likely
[veto] b97/ch62 -:0Hz E=0.80 S=0.15 net=+0.65 -> BLOCK:earth-likely
[veto] b97/ch63 -:0Hz E=0.80 S=0.15 net=+0.65 -> BLOCK:earth-likely
[veto] b98/ch0 Y2:832111Hz E=0.85 S=0.15 net=+0.70 -> BLOCK:earth-likely
[veto] b98/ch52 Y4:159234Hz E=0.85 S=0.15 net=+0.70 -> BLOCK:earth-likely
[veto] b98/ch55 Y2:287801Hz E=0.85 S=0.15 net=+0.70 -> BLOCK:earth-likely
[veto] b98/ch56 Y4:1155138Hz E=1.10 S=0.15 net=+0.95 -> BLOCK:earth-likely
[veto] b98/ch57 -:0Hz E=0.80 S=0.15 net=+0.65 -> BLOCK:earth-likely
[veto] b98/ch58 -:0Hz E=0.80 S=0.15 net=+0.65 -> BLOCK:earth-likely
[veto] b98/ch59 -:0Hz E=0.80 S=0.15 net=+0.65 -> BLOCK:earth-likely
[veto] b98/ch60 -:0Hz E=0.80 S=0.15 net=+0.65 -> BLOCK:earth-likely
[veto] b98/ch61 -:0Hz E=0.80 S=0.15 net=+0.65 -> BLOCK:earth-likely
[veto] b98/ch62 -:0Hz E=0.80 S=0.15 net=+0.65 -> BLOCK:earth-likely
[veto] b98/ch63 -:0Hz E=0.80 S=0.15 net=+0.65 -> BLOCK:earth-likely
[veto] b99/ch0 Y4:80377Hz E=0.65 S=0.15 net=+0.50 -> BLOCK:earth-likely
[veto] b99/ch54 Y4:710517Hz E=0.85 S=0.15 net=+0.70 -> BLOCK:earth-likely
[veto] b99/ch55 Y2:755668Hz E=1.10 S=0.15 net=+0.95 -> BLOCK:earth-likely
[veto] b99/ch56 Y4:977486Hz E=1.10 S=0.15 net=+0.95 -> BLOCK:earth-likely
[veto] b99/ch57 -:0Hz E=0.80 S=0.15 net=+0.65 -> BLOCK:earth-likely
[veto] b99/ch58 -:0Hz E=0.80 S=0.15 net=+0.65 -> BLOCK:earth-likely
[veto] b99/ch59 -:0Hz E=0.80 S=0.15 net=+0.65 -> BLOCK:earth-likely
[veto] b99/ch60 -:0Hz E=0.80 S=0.15 net=+0.65 -> BLOCK:earth-likely
[veto] b99/ch61 -:0Hz E=0.80 S=0.15 net=+0.65 -> BLOCK:earth-likely
[veto] b99/ch62 -:0Hz E=0.80 S=0.15 net=+0.65 -> BLOCK:earth-likely
[veto] b99/ch63 -:0Hz E=0.80 S=0.15 net=+0.65 -> BLOCK:earth-likely
[veto] b100/ch0 Y2:1237035Hz E=1.10 S=0.15 net=+0.95 -> BLOCK:earth-likely
[veto] b100/ch54 Y4:87619Hz E=0.65 S=0.15 net=+0.50 -> BLOCK:earth-likely
[veto] b100/ch55 Y2:396252Hz E=1.10 S=0.15 net=+0.95 -> BLOCK:earth-likely
[veto] b100/ch56 Y2:552803Hz E=1.10 S=0.15 net=+0.95 -> BLOCK:earth-likely
[veto] b100/ch57 -:0Hz E=0.80 S=0.15 net=+0.65 -> BLOCK:earth-likely
[veto] b100/ch58 -:0Hz E=0.80 S=0.15 net=+0.65 -> BLOCK:earth-likely
[veto] b100/ch59 -:0Hz E=0.80 S=0.15 net=+0.65 -> BLOCK:earth-likely
[veto] b100/ch60 -:0Hz E=0.80 S=0.15 net=+0.65 -> BLOCK:earth-likely
[veto] b100/ch61 -:0Hz E=0.80 S=0.15 net=+0.65 -> BLOCK:earth-likely
[veto] b100/ch62 -:0Hz E=0.80 S=0.15 net=+0.65 -> BLOCK:earth-likely
[veto] b100/ch63 -:0Hz E=0.80 S=0.15 net=+0.65 -> BLOCK:earth-likely
[veto] b101/ch0 Y2:6706Hz E=0.65 S=0.15 net=+0.50 -> BLOCK:earth-likely
[veto] b101/ch2 Y2:837922Hz E=0.85 S=0.15 net=+0.70 -> BLOCK:earth-likely
[veto] b101/ch53 Y4:648737Hz E=0.85 S=0.15 net=+0.70 -> BLOCK:earth-likely
[veto] b101/ch55 Y4:1394391Hz E=1.10 S=0.15 net=+0.95 -> BLOCK:earth-likely
[veto] b101/ch56 Y4:1023173Hz E=1.10 S=0.15 net=+0.95 -> BLOCK:earth-likely
[veto] b101/ch57 -:0Hz E=0.80 S=0.15 net=+0.65 -> BLOCK:earth-likely
[veto] b101/ch58 -:0Hz E=0.80 S=0.15 net=+0.65 -> BLOCK:earth-likely
[veto] b101/ch59 -:0Hz E=0.80 S=0.15 net=+0.65 -> BLOCK:earth-likely
[veto] b101/ch60 -:0Hz E=0.80 S=0.15 net=+0.65 -> BLOCK:earth-likely
[veto] b101/ch61 -:0Hz E=0.80 S=0.15 net=+0.65 -> BLOCK:earth-likely
[veto] b101/ch62 -:0Hz E=0.80 S=0.15 net=+0.65 -> BLOCK:earth-likely
[veto] b101/ch63 -:0Hz E=0.80 S=0.15 net=+0.65 -> BLOCK:earth-likely
[veto] b102/ch0 Y2:181407Hz E=0.85 S=0.15 net=+0.70 -> BLOCK:earth-likely
[veto] b102/ch54 Y4:259370Hz E=1.10 S=0.15 net=+0.95 -> BLOCK:earth-likely
[veto] b102/ch55 Y4:991702Hz E=1.10 S=0.15 net=+0.95 -> BLOCK:earth-likely
[veto] b102/ch56 Y4:894964Hz E=1.10 S=0.15 net=+0.95 -> BLOCK:earth-likely
[veto] b102/ch57 -:0Hz E=0.80 S=0.15 net=+0.65 -> BLOCK:earth-likely
[veto] b102/ch58 -:0Hz E=0.80 S=0.15 net=+0.65 -> BLOCK:earth-likely
[veto] b102/ch59 -:0Hz E=0.80 S=0.15 net=+0.65 -> BLOCK:earth-likely
[veto] b102/ch60 -:0Hz E=0.80 S=0.15 net=+0.65 -> BLOCK:earth-likely
[veto] b102/ch61 -:0Hz E=0.80 S=0.15 net=+0.65 -> BLOCK:earth-likely
[veto] b102/ch62 -:0Hz E=0.80 S=0.15 net=+0.65 -> BLOCK:earth-likely
[veto] b102/ch63 -:0Hz E=0.80 S=0.15 net=+0.65 -> BLOCK:earth-likely
[veto] b103/ch0 Y2:316143Hz E=1.10 S=0.15 net=+0.95 -> BLOCK:earth-likely
[veto] b103/ch54 Y4:343770Hz E=1.10 S=0.15 net=+0.95 -> BLOCK:earth-likely
[veto] b103/ch55 Y4:133753Hz E=0.85 S=0.15 net=+0.70 -> BLOCK:earth-likely
[veto] b103/ch56 Y2:510246Hz E=1.10 S=0.15 net=+0.95 -> BLOCK:earth-likely
[veto] b103/ch57 -:0Hz E=0.80 S=0.15 net=+0.65 -> BLOCK:earth-likely
[veto] b103/ch58 -:0Hz E=0.80 S=0.15 net=+0.65 -> BLOCK:earth-likely
[veto] b103/ch59 -:0Hz E=0.80 S=0.15 net=+0.65 -> BLOCK:earth-likely
[veto] b103/ch60 -:0Hz E=0.80 S=0.15 net=+0.65 -> BLOCK:earth-likely
[veto] b103/ch61 -:0Hz E=0.80 S=0.15 net=+0.65 -> BLOCK:earth-likely
[veto] b103/ch62 -:0Hz E=0.80 S=0.15 net=+0.65 -> BLOCK:earth-likely
[veto] b103/ch63 -:0Hz E=0.80 S=0.15 net=+0.65 -> BLOCK:earth-likely
[veto] b104/ch0 Y4:440598Hz E=1.10 S=0.15 net=+0.95 -> BLOCK:earth-likely
[veto] b104/ch52 Y4:294954Hz E=0.85 S=0.15 net=+0.70 -> BLOCK:earth-likely
[veto] b104/ch55 Y2:427186Hz E=0.85 S=0.15 net=+0.70 -> BLOCK:earth-likely
[veto] b104/ch56 Y2:949949Hz E=1.10 S=0.15 net=+0.95 -> BLOCK:earth-likely
[veto] b104/ch57 -:0Hz E=0.80 S=0.15 net=+0.65 -> BLOCK:earth-likely
[veto] b104/ch58 -:0Hz E=0.80 S=0.15 net=+0.65 -> BLOCK:earth-likely
[veto] b104/ch59 -:0Hz E=0.80 S=0.15 net=+0.65 -> BLOCK:earth-likely
[veto] b104/ch60 -:0Hz E=0.80 S=0.15 net=+0.65 -> BLOCK:earth-likely
[veto] b104/ch61 -:0Hz E=0.80 S=0.15 net=+0.65 -> BLOCK:earth-likely
[veto] b104/ch62 -:0Hz E=0.80 S=0.15 net=+0.65 -> BLOCK:earth-likely
[veto] b104/ch63 -:0Hz E=0.80 S=0.15 net=+0.65 -> BLOCK:earth-likely
[veto] b105/ch0 Y4:440240Hz E=1.10 S=0.15 net=+0.95 -> BLOCK:earth-likely
[veto] b105/ch52 Y2:998139Hz E=0.85 S=0.15 net=+0.70 -> BLOCK:earth-likely
[veto] b105/ch53 Y4:1141638Hz E=1.10 S=0.15 net=+0.95 -> BLOCK:earth-likely
[veto] b105/ch55 Y4:284940Hz E=0.85 S=0.15 net=+0.70 -> BLOCK:earth-likely
[veto] b105/ch56 Y2:231385Hz E=1.10 S=0.15 net=+0.95 -> BLOCK:earth-likely
[veto] b105/ch57 -:0Hz E=0.80 S=0.15 net=+0.65 -> BLOCK:earth-likely
[veto] b105/ch58 -:0Hz E=0.80 S=0.15 net=+0.65 -> BLOCK:earth-likely
[veto] b105/ch59 -:0Hz E=0.80 S=0.15 net=+0.65 -> BLOCK:earth-likely
[veto] b105/ch60 -:0Hz E=0.80 S=0.15 net=+0.65 -> BLOCK:earth-likely
[veto] b105/ch61 -:0Hz E=0.80 S=0.15 net=+0.65 -> BLOCK:earth-likely
[veto] b105/ch62 -:0Hz E=0.80 S=0.15 net=+0.65 -> BLOCK:earth-likely
[veto] b105/ch63 -:0Hz E=0.80 S=0.15 net=+0.65 -> BLOCK:earth-likely
[veto] b106/ch0 Y4:1464844Hz E=1.10 S=0.15 net=+0.95 -> BLOCK:earth-likely
[veto] b106/ch53 Y4:948697Hz E=0.85 S=0.15 net=+0.70 -> BLOCK:earth-likely
[veto] b106/ch54 Y4:93520Hz E=0.90 S=0.15 net=+0.75 -> BLOCK:earth-likely
[veto] b106/ch55 Y4:233889Hz E=0.85 S=0.15 net=+0.70 -> BLOCK:earth-likely
[veto] b106/ch56 Y4:321776Hz E=1.10 S=0.15 net=+0.95 -> BLOCK:earth-likely
[veto] b106/ch57 -:0Hz E=0.80 S=0.15 net=+0.65 -> BLOCK:earth-likely
[veto] b106/ch58 -:0Hz E=0.80 S=0.15 net=+0.65 -> BLOCK:earth-likely
[veto] b106/ch59 -:0Hz E=0.80 S=0.15 net=+0.65 -> BLOCK:earth-likely
[veto] b106/ch60 -:0Hz E=0.80 S=0.15 net=+0.65 -> BLOCK:earth-likely
[veto] b106/ch61 -:0Hz E=0.80 S=0.15 net=+0.65 -> BLOCK:earth-likely
[veto] b106/ch62 -:0Hz E=0.80 S=0.15 net=+0.65 -> BLOCK:earth-likely
[veto] b106/ch63 -:0Hz E=0.80 S=0.15 net=+0.65 -> BLOCK:earth-likely
[veto] b107/ch0 Y2:424147Hz E=1.10 S=0.15 net=+0.95 -> BLOCK:earth-likely
[veto] b107/ch54 Y4:488609Hz E=0.85 S=0.15 net=+0.70 -> BLOCK:earth-likely
[veto] b107/ch56 Y2:186861Hz E=0.85 S=0.15 net=+0.70 -> BLOCK:earth-likely
[veto] b107/ch57 -:0Hz E=0.80 S=0.15 net=+0.65 -> BLOCK:earth-likely
[veto] b107/ch58 -:0Hz E=0.80 S=0.15 net=+0.65 -> BLOCK:earth-likely
[veto] b107/ch59 -:0Hz E=0.80 S=0.15 net=+0.65 -> BLOCK:earth-likely
[veto] b107/ch60 -:0Hz E=0.80 S=0.15 net=+0.65 -> BLOCK:earth-likely
[veto] b107/ch61 -:0Hz E=0.80 S=0.15 net=+0.65 -> BLOCK:earth-likely
[veto] b107/ch62 -:0Hz E=0.80 S=0.15 net=+0.65 -> BLOCK:earth-likely
[veto] b107/ch63 -:0Hz E=0.80 S=0.15 net=+0.65 -> BLOCK:earth-likely
[veto] b108/ch0 Y4:177026Hz E=0.85 S=0.15 net=+0.70 -> BLOCK:earth-likely
[veto] b108/ch56 Y2:422269Hz E=1.10 S=0.15 net=+0.95 -> BLOCK:earth-likely
[veto] b108/ch57 -:0Hz E=0.80 S=0.15 net=+0.65 -> BLOCK:earth-likely
[veto] b108/ch58 -:0Hz E=0.80 S=0.15 net=+0.65 -> BLOCK:earth-likely
[veto] b108/ch59 -:0Hz E=0.80 S=0.15 net=+0.65 -> BLOCK:earth-likely
[veto] b108/ch60 -:0Hz E=0.80 S=0.15 net=+0.65 -> BLOCK:earth-likely
[veto] b108/ch61 -:0Hz E=0.80 S=0.15 net=+0.65 -> BLOCK:earth-likely
[veto] b108/ch62 -:0Hz E=0.80 S=0.15 net=+0.65 -> BLOCK:earth-likely
[veto] b108/ch63 -:0Hz E=0.80 S=0.15 net=+0.65 -> BLOCK:earth-likely
[veto] b109/ch0 Y2:546366Hz E=1.10 S=0.15 net=+0.95 -> BLOCK:earth-likely
[veto] b109/ch53 Y2:8583Hz E=0.65 S=0.15 net=+0.50 -> BLOCK:earth-likely
[veto] b109/ch54 Y2:109255Hz E=0.85 S=0.15 net=+0.70 -> BLOCK:earth-likely
[veto] b109/ch55 Y4:383914Hz E=1.10 S=0.15 net=+0.95 -> BLOCK:earth-likely
[veto] b109/ch56 Y2:1246244Hz E=1.10 S=0.15 net=+0.95 -> BLOCK:earth-likely
[veto] b109/ch57 -:0Hz E=0.80 S=0.15 net=+0.65 -> BLOCK:earth-likely
[veto] b109/ch58 -:0Hz E=0.80 S=0.15 net=+0.65 -> BLOCK:earth-likely
[veto] b109/ch59 -:0Hz E=0.80 S=0.15 net=+0.65 -> BLOCK:earth-likely
[veto] b109/ch60 -:0Hz E=0.80 S=0.15 net=+0.65 -> BLOCK:earth-likely
[veto] b109/ch61 -:0Hz E=0.80 S=0.15 net=+0.65 -> BLOCK:earth-likely
[veto] b109/ch62 -:0Hz E=0.80 S=0.15 net=+0.65 -> BLOCK:earth-likely
[veto] b109/ch63 -:0Hz E=0.80 S=0.15 net=+0.65 -> BLOCK:earth-likely
[veto] b110/ch0 Y4:587493Hz E=1.10 S=0.15 net=+0.95 -> BLOCK:earth-likely
[veto] b110/ch52 Y2:309259Hz E=0.85 S=0.15 net=+0.70 -> BLOCK:earth-likely
[veto] b110/ch54 Y2:477254Hz E=0.85 S=0.15 net=+0.70 -> BLOCK:earth-likely
[veto] b110/ch55 Y2:111312Hz E=0.85 S=0.15 net=+0.70 -> BLOCK:earth-likely
[veto] b110/ch56 Y2:1307398Hz E=1.10 S=0.15 net=+0.95 -> BLOCK:earth-likely
[veto] b110/ch57 -:0Hz E=0.80 S=0.15 net=+0.65 -> BLOCK:earth-likely
[veto] b110/ch58 -:0Hz E=0.80 S=0.15 net=+0.65 -> BLOCK:earth-likely
[veto] b110/ch59 -:0Hz E=0.80 S=0.15 net=+0.65 -> BLOCK:earth-likely
[veto] b110/ch60 -:0Hz E=0.80 S=0.15 net=+0.65 -> BLOCK:earth-likely
[veto] b110/ch61 -:0Hz E=0.80 S=0.15 net=+0.65 -> BLOCK:earth-likely
[veto] b110/ch62 -:0Hz E=0.80 S=0.15 net=+0.65 -> BLOCK:earth-likely
[veto] b110/ch63 -:0Hz E=0.80 S=0.15 net=+0.65 -> BLOCK:earth-likely
[veto] b111/ch0 Y4:463486Hz E=1.10 S=0.15 net=+0.95 -> BLOCK:earth-likely
[veto] b111/ch55 Y4:908911Hz E=1.10 S=0.15 net=+0.95 -> BLOCK:earth-likely
[veto] b111/ch56 Y4:89407Hz E=0.65 S=0.15 net=+0.50 -> BLOCK:earth-likely
[veto] b111/ch57 -:0Hz E=0.80 S=0.15 net=+0.65 -> BLOCK:earth-likely
[veto] b111/ch58 -:0Hz E=0.80 S=0.15 net=+0.65 -> BLOCK:earth-likely
[veto] b111/ch59 -:0Hz E=0.80 S=0.15 net=+0.65 -> BLOCK:earth-likely
[veto] b111/ch60 -:0Hz E=0.80 S=0.15 net=+0.65 -> BLOCK:earth-likely
[veto] b111/ch61 -:0Hz E=0.80 S=0.15 net=+0.65 -> BLOCK:earth-likely
[veto] b111/ch62 -:0Hz E=0.80 S=0.15 net=+0.65 -> BLOCK:earth-likely
[veto] b111/ch63 -:0Hz E=0.80 S=0.15 net=+0.65 -> BLOCK:earth-likely
[veto] b112/ch0 Y4:764698Hz E=1.10 S=0.15 net=+0.95 -> BLOCK:earth-likely
[veto] b112/ch54 Y4:1098186Hz E=1.10 S=0.15 net=+0.95 -> BLOCK:earth-likely
[veto] b112/ch55 Y4:3844Hz E=0.90 S=0.15 net=+0.75 -> BLOCK:earth-likely
[veto] b112/ch56 Y4:929564Hz E=1.10 S=0.15 net=+0.95 -> BLOCK:earth-likely
[veto] b112/ch57 -:0Hz E=0.80 S=0.15 net=+0.65 -> BLOCK:earth-likely
[veto] b112/ch58 -:0Hz E=0.80 S=0.15 net=+0.65 -> BLOCK:earth-likely
[veto] b112/ch59 -:0Hz E=0.80 S=0.15 net=+0.65 -> BLOCK:earth-likely
[veto] b112/ch60 -:0Hz E=0.80 S=0.15 net=+0.65 -> BLOCK:earth-likely
[veto] b112/ch61 -:0Hz E=0.80 S=0.15 net=+0.65 -> BLOCK:earth-likely
[veto] b112/ch62 -:0Hz E=0.80 S=0.15 net=+0.65 -> BLOCK:earth-likely
[veto] b112/ch63 -:0Hz E=0.80 S=0.15 net=+0.65 -> BLOCK:earth-likely
[veto] b113/ch0 Y4:837475Hz E=0.85 S=0.15 net=+0.70 -> BLOCK:earth-likely
[veto] b113/ch55 Y4:1243383Hz E=1.10 S=0.15 net=+0.95 -> BLOCK:earth-likely
[veto] b113/ch56 Y2:40591Hz E=0.65 S=0.15 net=+0.50 -> BLOCK:earth-likely
[veto] b113/ch57 -:0Hz E=0.80 S=0.15 net=+0.65 -> BLOCK:earth-likely
[veto] b113/ch58 -:0Hz E=0.80 S=0.15 net=+0.65 -> BLOCK:earth-likely
[veto] b113/ch59 -:0Hz E=0.80 S=0.15 net=+0.65 -> BLOCK:earth-likely
[veto] b113/ch60 -:0Hz E=0.80 S=0.15 net=+0.65 -> BLOCK:earth-likely
[veto] b113/ch61 -:0Hz E=0.80 S=0.15 net=+0.65 -> BLOCK:earth-likely
[veto] b113/ch62 -:0Hz E=0.80 S=0.15 net=+0.65 -> BLOCK:earth-likely
[veto] b113/ch63 -:0Hz E=0.80 S=0.15 net=+0.65 -> BLOCK:earth-likely
[veto] b114/ch0 Y4:1184642Hz E=1.10 S=0.15 net=+0.95 -> BLOCK:earth-likely
[veto] b114/ch51 Y2:98437Hz E=0.65 S=0.15 net=+0.50 -> BLOCK:earth-likely
[veto] b114/ch54 Y2:1427472Hz E=1.10 S=0.15 net=+0.95 -> BLOCK:earth-likely
[veto] b114/ch55 Y2:314087Hz E=1.10 S=0.15 net=+0.95 -> BLOCK:earth-likely
[veto] b114/ch56 Y2:118375Hz E=1.10 S=0.15 net=+0.95 -> BLOCK:earth-likely
[veto] b114/ch57 -:0Hz E=0.80 S=0.15 net=+0.65 -> BLOCK:earth-likely
[veto] b114/ch58 -:0Hz E=0.80 S=0.15 net=+0.65 -> BLOCK:earth-likely
[veto] b114/ch59 -:0Hz E=0.80 S=0.15 net=+0.65 -> BLOCK:earth-likely
[veto] b114/ch60 -:0Hz E=0.80 S=0.15 net=+0.65 -> BLOCK:earth-likely
[veto] b114/ch61 -:0Hz E=0.80 S=0.15 net=+0.65 -> BLOCK:earth-likely
[veto] b114/ch62 -:0Hz E=0.80 S=0.15 net=+0.65 -> BLOCK:earth-likely
[veto] b114/ch63 -:0Hz E=0.80 S=0.15 net=+0.65 -> BLOCK:earth-likely
[veto] b115/ch0 Y4:1243651Hz E=1.10 S=0.15 net=+0.95 -> BLOCK:earth-likely
[veto] b115/ch55 Y4:2593Hz E=0.65 S=0.15 net=+0.50 -> BLOCK:earth-likely
[veto] b115/ch56 Y2:1367390Hz E=1.10 S=0.15 net=+0.95 -> BLOCK:earth-likely
[veto] b115/ch57 -:0Hz E=0.80 S=0.15 net=+0.65 -> BLOCK:earth-likely
[veto] b115/ch58 -:0Hz E=0.80 S=0.15 net=+0.65 -> BLOCK:earth-likely
[veto] b115/ch59 -:0Hz E=0.80 S=0.15 net=+0.65 -> BLOCK:earth-likely
[veto] b115/ch60 -:0Hz E=0.80 S=0.15 net=+0.65 -> BLOCK:earth-likely
[veto] b115/ch61 -:0Hz E=0.80 S=0.15 net=+0.65 -> BLOCK:earth-likely
[veto] b115/ch62 -:0Hz E=0.80 S=0.15 net=+0.65 -> BLOCK:earth-likely
[veto] b115/ch63 -:0Hz E=0.80 S=0.15 net=+0.65 -> BLOCK:earth-likely
[veto] b116/ch0 Y2:290573Hz E=1.10 S=0.15 net=+0.95 -> BLOCK:earth-likely
[veto] b116/ch53 Y2:833362Hz E=1.10 S=0.15 net=+0.95 -> BLOCK:earth-likely
[veto] b116/ch55 Y2:257134Hz E=1.10 S=0.15 net=+0.95 -> BLOCK:earth-likely
[veto] b116/ch56 Y2:21100Hz E=0.65 S=0.15 net=+0.50 -> BLOCK:earth-likely
[veto] b116/ch57 -:0Hz E=0.80 S=0.15 net=+0.65 -> BLOCK:earth-likely
[veto] b116/ch58 -:0Hz E=0.80 S=0.15 net=+0.65 -> BLOCK:earth-likely
[veto] b116/ch59 -:0Hz E=0.80 S=0.15 net=+0.65 -> BLOCK:earth-likely
[veto] b116/ch60 -:0Hz E=0.80 S=0.15 net=+0.65 -> BLOCK:earth-likely
[veto] b116/ch61 -:0Hz E=0.80 S=0.15 net=+0.65 -> BLOCK:earth-likely
[veto] b116/ch62 -:0Hz E=0.80 S=0.15 net=+0.65 -> BLOCK:earth-likely
[veto] b116/ch63 -:0Hz E=0.80 S=0.15 net=+0.65 -> BLOCK:earth-likely
[veto] b117/ch0 Y2:25660Hz E=0.65 S=0.15 net=+0.50 -> BLOCK:earth-likely
[veto] b117/ch54 Y2:350207Hz E=1.10 S=0.15 net=+0.95 -> BLOCK:earth-likely
[veto] b117/ch56 Y2:491291Hz E=1.10 S=0.15 net=+0.95 -> BLOCK:earth-likely
[veto] b117/ch57 -:0Hz E=0.80 S=0.15 net=+0.65 -> BLOCK:earth-likely
[veto] b117/ch58 -:0Hz E=0.80 S=0.15 net=+0.65 -> BLOCK:earth-likely
[veto] b117/ch59 -:0Hz E=0.80 S=0.15 net=+0.65 -> BLOCK:earth-likely
[veto] b117/ch60 -:0Hz E=0.80 S=0.15 net=+0.65 -> BLOCK:earth-likely
[veto] b117/ch61 -:0Hz E=0.80 S=0.15 net=+0.65 -> BLOCK:earth-likely
[veto] b117/ch62 -:0Hz E=0.80 S=0.15 net=+0.65 -> BLOCK:earth-likely
[veto] b117/ch63 -:0Hz E=0.80 S=0.15 net=+0.65 -> BLOCK:earth-likely
[veto] b118/ch0 Y2:331163Hz E=1.10 S=0.15 net=+0.95 -> BLOCK:earth-likely
[veto] b118/ch55 Y2:706315Hz E=1.10 S=0.15 net=+0.95 -> BLOCK:earth-likely
[veto] b118/ch56 Y4:1049101Hz E=1.10 S=0.15 net=+0.95 -> BLOCK:earth-likely
[veto] b118/ch57 -:0Hz E=0.80 S=0.15 net=+0.65 -> BLOCK:earth-likely
[veto] b118/ch58 -:0Hz E=0.80 S=0.15 net=+0.65 -> BLOCK:earth-likely
[veto] b118/ch59 -:0Hz E=0.80 S=0.15 net=+0.65 -> BLOCK:earth-likely
[veto] b118/ch60 -:0Hz E=0.80 S=0.15 net=+0.65 -> BLOCK:earth-likely
[veto] b118/ch61 -:0Hz E=0.80 S=0.15 net=+0.65 -> BLOCK:earth-likely
[veto] b118/ch62 -:0Hz E=0.80 S=0.15 net=+0.65 -> BLOCK:earth-likely
[veto] b118/ch63 -:0Hz E=0.80 S=0.15 net=+0.65 -> BLOCK:earth-likely
[veto] b119/ch0 Y4:1353443Hz E=1.10 S=0.15 net=+0.95 -> BLOCK:earth-likely
[veto] b119/ch54 Y4:951558Hz E=1.10 S=0.15 net=+0.95 -> BLOCK:earth-likely
[veto] b119/ch55 Y2:909805Hz E=1.10 S=0.15 net=+0.95 -> BLOCK:earth-likely
[veto] b119/ch56 Y4:549763Hz E=1.10 S=0.15 net=+0.95 -> BLOCK:earth-likely
[veto] b119/ch57 -:0Hz E=0.80 S=0.15 net=+0.65 -> BLOCK:earth-likely
[veto] b119/ch58 -:0Hz E=0.80 S=0.15 net=+0.65 -> BLOCK:earth-likely
[veto] b119/ch59 -:0Hz E=0.80 S=0.15 net=+0.65 -> BLOCK:earth-likely
[veto] b119/ch60 -:0Hz E=0.80 S=0.15 net=+0.65 -> BLOCK:earth-likely
[veto] b119/ch61 -:0Hz E=0.80 S=0.15 net=+0.65 -> BLOCK:earth-likely
[veto] b119/ch62 -:0Hz E=0.80 S=0.15 net=+0.65 -> BLOCK:earth-likely
[veto] b119/ch63 -:0Hz E=0.80 S=0.15 net=+0.65 -> BLOCK:earth-likely
[veto] b120/ch0 Y4:657678Hz E=1.10 S=0.15 net=+0.95 -> BLOCK:earth-likely
[veto] b120/ch53 Y2:833541Hz E=1.10 S=0.15 net=+0.95 -> BLOCK:earth-likely
[veto] b120/ch54 Y2:752360Hz E=1.10 S=0.15 net=+0.95 -> BLOCK:earth-likely
[veto] b120/ch55 Y2:1063943Hz E=1.10 S=0.15 net=+0.95 -> BLOCK:earth-likely
[veto] b120/ch56 Y4:993848Hz E=1.10 S=0.15 net=+0.95 -> BLOCK:earth-likely
[veto] b120/ch57 -:0Hz E=0.80 S=0.15 net=+0.65 -> BLOCK:earth-likely
[veto] b120/ch58 -:0Hz E=0.80 S=0.15 net=+0.65 -> BLOCK:earth-likely
[veto] b120/ch59 -:0Hz E=0.80 S=0.15 net=+0.65 -> BLOCK:earth-likely
[veto] b120/ch60 -:0Hz E=0.80 S=0.15 net=+0.65 -> BLOCK:earth-likely
[veto] b120/ch61 -:0Hz E=0.80 S=0.15 net=+0.65 -> BLOCK:earth-likely
[veto] b120/ch62 -:0Hz E=0.80 S=0.15 net=+0.65 -> BLOCK:earth-likely
[veto] b120/ch63 -:0Hz E=0.80 S=0.15 net=+0.65 -> BLOCK:earth-likely
[veto] b121/ch0 Y4:615031Hz E=0.85 S=0.15 net=+0.70 -> BLOCK:earth-likely
[veto] b121/ch53 Y2:540018Hz E=0.85 S=0.15 net=+0.70 -> BLOCK:earth-likely
[veto] b121/ch55 Y4:1255542Hz E=1.10 S=0.15 net=+0.95 -> BLOCK:earth-likely
[veto] b121/ch56 Y4:1419425Hz E=1.10 S=0.15 net=+0.95 -> BLOCK:earth-likely
[veto] b121/ch57 -:0Hz E=0.80 S=0.15 net=+0.65 -> BLOCK:earth-likely
[veto] b121/ch58 -:0Hz E=0.80 S=0.15 net=+0.65 -> BLOCK:earth-likely
[veto] b121/ch59 -:0Hz E=0.80 S=0.15 net=+0.65 -> BLOCK:earth-likely
[veto] b121/ch60 -:0Hz E=0.80 S=0.15 net=+0.65 -> BLOCK:earth-likely
[veto] b121/ch61 -:0Hz E=0.80 S=0.15 net=+0.65 -> BLOCK:earth-likely
[veto] b121/ch62 -:0Hz E=0.80 S=0.15 net=+0.65 -> BLOCK:earth-likely
[veto] b121/ch63 -:0Hz E=0.80 S=0.15 net=+0.65 -> BLOCK:earth-likely
[veto] b122/ch0 Y2:204831Hz E=1.10 S=0.15 net=+0.95 -> BLOCK:earth-likely
[veto] b122/ch54 Y4:131071Hz E=0.85 S=0.15 net=+0.70 -> BLOCK:earth-likely
[veto] b122/ch55 Y2:943780Hz E=1.10 S=0.15 net=+0.95 -> BLOCK:earth-likely
[veto] b122/ch56 Y2:895590Hz E=1.10 S=0.15 net=+0.95 -> BLOCK:earth-likely
[veto] b122/ch57 -:0Hz E=0.80 S=0.15 net=+0.65 -> BLOCK:earth-likely
[veto] b122/ch58 -:0Hz E=0.80 S=0.15 net=+0.65 -> BLOCK:earth-likely
[veto] b122/ch59 -:0Hz E=0.80 S=0.15 net=+0.65 -> BLOCK:earth-likely
[veto] b122/ch60 -:0Hz E=0.80 S=0.15 net=+0.65 -> BLOCK:earth-likely
[veto] b122/ch61 -:0Hz E=0.80 S=0.15 net=+0.65 -> BLOCK:earth-likely
[veto] b122/ch62 -:0Hz E=0.80 S=0.15 net=+0.65 -> BLOCK:earth-likely
[veto] b122/ch63 -:0Hz E=0.80 S=0.15 net=+0.65 -> BLOCK:earth-likely
[veto] b123/ch0 Y4:269204Hz E=1.10 S=0.15 net=+0.95 -> BLOCK:earth-likely
[veto] b123/ch54 Y2:196785Hz E=0.85 S=0.15 net=+0.70 -> BLOCK:earth-likely
[veto] b123/ch55 Y4:183284Hz E=1.10 S=0.15 net=+0.95 -> BLOCK:earth-likely
[veto] b123/ch56 Y4:1187682Hz E=1.10 S=0.15 net=+0.95 -> BLOCK:earth-likely
[veto] b123/ch57 -:0Hz E=0.80 S=0.15 net=+0.65 -> BLOCK:earth-likely
[veto] b123/ch58 -:0Hz E=0.80 S=0.15 net=+0.65 -> BLOCK:earth-likely
[veto] b123/ch59 -:0Hz E=0.80 S=0.15 net=+0.65 -> BLOCK:earth-likely
[veto] b123/ch60 -:0Hz E=0.80 S=0.15 net=+0.65 -> BLOCK:earth-likely
[veto] b123/ch61 -:0Hz E=0.80 S=0.15 net=+0.65 -> BLOCK:earth-likely
[veto] b123/ch62 -:0Hz E=0.80 S=0.15 net=+0.65 -> BLOCK:earth-likely
[veto] b123/ch63 -:0Hz E=0.80 S=0.15 net=+0.65 -> BLOCK:earth-likely
[veto] b124/ch0 Y2:583470Hz E=1.10 S=0.15 net=+0.95 -> BLOCK:earth-likely
[veto] b124/ch53 Y2:1035154Hz E=1.10 S=0.15 net=+0.95 -> BLOCK:earth-likely
[veto] b124/ch55 Y2:1461983Hz E=1.10 S=0.15 net=+0.95 -> BLOCK:earth-likely
[veto] b124/ch56 Y4:300676Hz E=0.85 S=0.15 net=+0.70 -> BLOCK:earth-likely
[veto] b124/ch57 -:0Hz E=0.80 S=0.15 net=+0.65 -> BLOCK:earth-likely
[veto] b124/ch58 -:0Hz E=0.80 S=0.15 net=+0.65 -> BLOCK:earth-likely
[veto] b124/ch59 -:0Hz E=0.80 S=0.15 net=+0.65 -> BLOCK:earth-likely
[veto] b124/ch60 -:0Hz E=0.80 S=0.15 net=+0.65 -> BLOCK:earth-likely
[veto] b124/ch61 -:0Hz E=0.80 S=0.15 net=+0.65 -> BLOCK:earth-likely
[veto] b124/ch62 -:0Hz E=0.80 S=0.15 net=+0.65 -> BLOCK:earth-likely
[veto] b124/ch63 -:0Hz E=0.80 S=0.15 net=+0.65 -> BLOCK:earth-likely
[veto] b125/ch0 Y4:151187Hz E=0.85 S=0.15 net=+0.70 -> BLOCK:earth-likely
[veto] b125/ch54 Y4:487894Hz E=0.85 S=0.15 net=+0.70 -> BLOCK:earth-likely
[veto] b125/ch55 Y2:995994Hz E=1.10 S=0.15 net=+0.95 -> BLOCK:earth-likely
[veto] b125/ch56 Y2:664651Hz E=1.10 S=0.15 net=+0.95 -> BLOCK:earth-likely
[veto] b125/ch57 -:0Hz E=0.80 S=0.15 net=+0.65 -> BLOCK:earth-likely
[veto] b125/ch58 -:0Hz E=0.80 S=0.15 net=+0.65 -> BLOCK:earth-likely
[veto] b125/ch59 -:0Hz E=0.80 S=0.15 net=+0.65 -> BLOCK:earth-likely
[veto] b125/ch60 -:0Hz E=0.80 S=0.15 net=+0.65 -> BLOCK:earth-likely
[veto] b125/ch61 -:0Hz E=0.80 S=0.15 net=+0.65 -> BLOCK:earth-likely
[veto] b125/ch62 -:0Hz E=0.80 S=0.15 net=+0.65 -> BLOCK:earth-likely
[veto] b125/ch63 -:0Hz E=0.80 S=0.15 net=+0.65 -> BLOCK:earth-likely
[veto] b126/ch0 Y2:1216024Hz E=1.10 S=0.15 net=+0.95 -> BLOCK:earth-likely
[veto] b126/ch53 Y2:13858Hz E=0.65 S=0.15 net=+0.50 -> BLOCK:earth-likely
[veto] b126/ch54 Y4:442117Hz E=0.85 S=0.15 net=+0.70 -> BLOCK:earth-likely
[veto] b126/ch55 Y2:1102746Hz E=1.10 S=0.15 net=+0.95 -> BLOCK:earth-likely
[veto] b126/ch56 Y4:1409680Hz E=1.10 S=0.15 net=+0.95 -> BLOCK:earth-likely
[veto] b126/ch57 -:0Hz E=0.80 S=0.15 net=+0.65 -> BLOCK:earth-likely
[veto] b126/ch58 -:0Hz E=0.80 S=0.15 net=+0.65 -> BLOCK:earth-likely
[veto] b126/ch59 -:0Hz E=0.80 S=0.15 net=+0.65 -> BLOCK:earth-likely
[veto] b126/ch60 -:0Hz E=0.80 S=0.15 net=+0.65 -> BLOCK:earth-likely
[veto] b126/ch61 -:0Hz E=0.80 S=0.15 net=+0.65 -> BLOCK:earth-likely
[veto] b126/ch62 -:0Hz E=0.80 S=0.15 net=+0.65 -> BLOCK:earth-likely
[veto] b126/ch63 -:0Hz E=0.80 S=0.15 net=+0.65 -> BLOCK:earth-likely
[veto] b127/ch0 Y2:139654Hz E=1.10 S=0.15 net=+0.95 -> BLOCK:earth-likely
[veto] b127/ch53 Y4:908732Hz E=1.10 S=0.15 net=+0.95 -> BLOCK:earth-likely
[veto] b127/ch54 Y4:99957Hz E=0.65 S=0.15 net=+0.50 -> BLOCK:earth-likely
[veto] b127/ch55 Y4:117123Hz E=1.10 S=0.15 net=+0.95 -> BLOCK:earth-likely
[veto] b127/ch56 Y2:934660Hz E=1.10 S=0.15 net=+0.95 -> BLOCK:earth-likely
[veto] b127/ch57 -:0Hz E=0.80 S=0.15 net=+0.65 -> BLOCK:earth-likely
[veto] b127/ch58 -:0Hz E=0.80 S=0.15 net=+0.65 -> BLOCK:earth-likely
[veto] b127/ch59 -:0Hz E=0.80 S=0.15 net=+0.65 -> BLOCK:earth-likely
[veto] b127/ch60 -:0Hz E=0.80 S=0.15 net=+0.65 -> BLOCK:earth-likely
[veto] b127/ch61 -:0Hz E=0.80 S=0.15 net=+0.65 -> BLOCK:earth-likely
[veto] b127/ch62 -:0Hz E=0.80 S=0.15 net=+0.65 -> BLOCK:earth-likely
[veto] b127/ch63 -:0Hz E=0.80 S=0.15 net=+0.65 -> BLOCK:earth-likely
[veto] BLOCK=1413 WATCH=1 CANDIDATE=0 | catalog=1387 classes
