[veto] band geometry from blc04_guppi_57807_75725_DIAG_TRAPPIST1_0015.0000.PART1GB.raw: 1407.715 MHz centre, -187.500 MHz, 64 chan
[veto] cadence: ON=4 signatures, OFF=10
[veto] b0/ch0 Y2:1464576Hz E=0.60 S=0.00 net=+0.60 -> BLOCK:earth-likely
         - +0.10 band 1500.0MHz [mobile]
         - +0.60 common-mode, unstructured -> backend/local
         - +0.00 ON-only (classic celestial geometry)
         - -0.20 persistent across span
         - +0.10 VM noise-like
[veto] b0/ch21 Y2:1199484Hz E=1.10 S=0.00 net=+1.10 -> BLOCK:earth-likely
         - +0.10 band 1438.5MHz [fixed/mobile]
         - +0.60 common-mode, unstructured -> backend/local
         - +0.00 ON-only (classic celestial geometry)
         - +0.30 transient (absent over full span)
         - +0.10 VM noise-like
[veto] b0/ch43 Y4:26464Hz E=1.10 S=0.00 net=+1.10 -> BLOCK:earth-likely
         - +0.10 band 1374.0MHz [fixed/mobile/radiolocation (L lower)]
         - +0.60 common-mode, unstructured -> backend/local
         - +0.00 ON-only (classic celestial geometry)
         - +0.30 transient (absent over full span)
         - +0.10 VM noise-like
[veto] b1/ch0 Y2:387311Hz E=0.60 S=0.00 net=+0.60 -> BLOCK:earth-likely
         - +0.10 band 1500.0MHz [mobile]
         - +0.60 common-mode, unstructured -> backend/local
         - +0.00 ON-only (classic celestial geometry)
         - -0.20 persistent across span
         - +0.10 VM noise-like
[veto] BLOCK=4 WATCH=0 CANDIDATE=0 skipped_nonflag=124 | catalog=1466 classes | run_id=6ee02c21bbf5
$ C:\scoop\apps\python\current\python.exe python/rfi_veto.py --hits runs\beast_e2e\struct_on_p2.csv --raw data/blc04_guppi_57807_75725_DIAG_TRAPPIST1_0015.0000.PART1GB.raw --evidence runs\beast_e2e\evidence.csv --on runs\beast_e2e\scan_on_p2.csv --off runs\beast_e2e\scan_off_p2.csv --target E2E
